ï¿½ï¿½ets Jul 29 2019 12:21:46

rst:0x1 (POWERON_RESET),boot:0x13 (SPI_FAST_FLASH_BOOT)
configsip: 0, SPIWP:0xee
clk_drv:0x00,q_drv:0x00,d_drv:0x00,cs0_drv:0x00,hd_drv:0x00,wp_drv:0x00
mode:DIO, clock div:2
load:0x3fff0030,len:6276
load:0x40078000,len:15716
load:0x40080400,len:4
ho 8 tail 4 room 4
load:0x40080404,len:3860
entry 0x4008063c
[0;32mI (31) boot: ESP-IDF v5.4 2nd stage bootloader[0m
[0;32mI (31) boot: compile time Jan 15 2025 15:44:16[0m
[0;32mI (31) boot: Multicore bootloader[0m
[0;32mI (32) boot: chip revision: v3.1[0m
[0;32mI (35) boot.esp32: SPI Speed      : 40MHz[0m
[0;32mI (39) boot.esp32: SPI Mode       : DIO[0m
[0;32mI (42) boot.esp32: SPI Flash Size : 4MB[0m
[0;32mI (46) boot: Enabling RNG early entropy source...[0m
[0;32mI (50) boot: Partition Table:[0m
[0;32mI (53) boot: ## Label            Usage          Type ST Offset   Length[0m
[0;32mI (59) boot:  0 nvs              WiFi data        01 02 00009000 00006000[0m
[0;32mI (66) boot:  1 phy_init         RF data          01 01 0000f000 00001000[0m
[0;32mI (72) boot:  2 factory          factory app      00 00 00010000 00177000[0m
[0;32mI (79) boot: End of partition table[0m
[0;32mI (82) esp_image: segment 0: paddr=00010020 vaddr=3f400020 size=33bf8h (211960) map[0m
[0;32mI (162) esp_image: segment 1: paddr=00043c20 vaddr=3ff80000 size=0001ch (    28) load[0m
[0;32mI (162) esp_image: segment 2: paddr=00043c44 vaddr=3ffbdb60 size=04cc8h ( 19656) load[0m
[0;32mI (173) esp_image: segment 3: paddr=00048914 vaddr=40080000 size=07704h ( 30468) load[0m
[0;32mI (185) esp_image: segment 4: paddr=00050020 vaddr=400d0020 size=cb0e0h (831712) map[0m
[0;32mI (470) esp_image: segment 5: paddr=0011b108 vaddr=40087704 size=1393ch ( 80188) load[0m
[0;32mI (514) boot: Loaded app from partition at offset 0x10000[0m
[0;32mI (514) boot: Disabling RNG early entropy source...[0m
[0;32mI (525) cpu_start: Multicore app[0m
[0;32mI (533) cpu_start: Pro cpu start user code[0m
[0;32mI (533) cpu_start: cpu freq: 240000000 Hz[0m
[0;32mI (533) app_init: Application information:[0m
[0;32mI (533) app_init: Project name:     esp32cam-car[0m
[0;32mI (538) app_init: App version:      c3ec36d7-dirty[0m
[0;32mI (542) app_init: Compile time:     Jan 15 2025 15:44:11[0m
[0;32mI (547) app_init: ELF file SHA256:  143d9dc2a...[0m
[0;32mI (552) app_init: ESP-IDF:          v5.4[0m
[0;32mI (555) efuse_init: Min chip rev:     v0.0[0m
[0;32mI (559) efuse_init: Max chip rev:     v3.99 [0m
[0;32mI (563) efuse_init: Chip rev:         v3.1[0m
[0;32mI (567) heap_init: Initializing. RAM available for dynamic allocation:[0m
[0;32mI (573) heap_init: At 3FFAFF10 len 000000F0 (0 KiB): DRAM[0m
[0;32mI (578) heap_init: At 3FFB6388 len 00001C78 (7 KiB): DRAM[0m
[0;32mI (583) heap_init: At 3FFB9A20 len 00004108 (16 KiB): DRAM[0m
[0;32mI (589) heap_init: At 3FFD0D18 len 0000F2E8 (60 KiB): DRAM[0m
[0;32mI (594) heap_init: At 3FFE0440 len 00003AE0 (14 KiB): D/IRAM[0m
[0;32mI (599) heap_init: At 3FFE4350 len 0001BCB0 (111 KiB): D/IRAM[0m
[0;32mI (605) heap_init: At 4009B040 len 00004FC0 (19 KiB): IRAM[0m
[0;32mI (611) spi_flash: detected chip: generic[0m
[0;32mI (614) spi_flash: flash io: dio[0m
[0;32mI (618) coexist: coex firmware version: 49a8cdc[0m
[0;32mI (622) main_task: Started on CPU0[0m
[0;32mI (632) main_task: Calling app_main()[0m

abort() was called at PC 0x401622db on core 0


Backtrace: 0x40081c51:0x3ffbbab0 0x40092aa5:0x3ffbbad0 0x40099041:0x3ffbbaf0 0x401622db:0x3ffbbb60 0x40162310:0x3ffbbb80 0x401623eb:0x3ffbbba0 0x400d98f1:0x3ffbbbc0 0x40199473:0x3ffbbc50 0x400934a1:0x3ffbbc80




ELF file SHA256: 143d9dc2a

Rebooting...
ets Jul 29 2019 12:21:46

rst:0xc (SW_CPU_RESET),boot:0x13 (SPI_FAST_FLASH_BOOT)
configsip: 0, SPIWP:0xee
clk_drv:0x00,q_drv:0x00,d_drv:0x00,cs0_drv:0x00,hd_drv:0x00,wp_drv:0x00
mode:DIO, clock div:2
load:0x3fff0030,len:6276
load:0x40078000,len:15716
load:0x40080400,len:4
ho 8 tail 4 room 4
load:0x40080404,len:3860
entry 0x4008063c
[0;32mI (31) boot: ESP-IDF v5.4 2nd stage bootloader[0m
[0;32mI (31) boot: compile time Jan 15 2025 15:44:16[0m
[0;32mI (31) boot: Multicore bootloader[0m
[0;32mI (32) boot: chip revision: v3.1[0m
[0;32mI (35) boot.esp32: SPI Speed      : 40MHz[0m
[0;32mI (39) boot.esp32: SPI Mode       : DIO[0m
[0;32mI (42) boot.esp32: SPI Flash Size : 4MB[0m
[0;32mI (46) boot: Enabling RNG early entropy source...[0m
[0;32mI (50) boot: Partition Table:[0m
[0;32mI (53) boot: ## Label            Usage          Type ST Offset   Length[0m
[0;32mI (59) boot:  0 nvs              WiFi data        01 02 00009000 00006000[0m
[0;32mI (66) boot:  1 phy_init         RF data          01 01 0000f000 00001000[0m
[0;32mI (72) boot:  2 factory          factory app      00 00 00010000 00177000[0m
[0;32mI (79) boot: End of partition table[0m
[0;32mI (82) esp_image: segment 0: paddr=00010020 vaddr=3f400020 size=33bf8h (211960) map[0m
[0;32mI (162) esp_image: segment 1: paddr=00043c20 vaddr=3ff80000 size=0001ch (    28) load[0m
[0;32mI (162) esp_image: segment 2: paddr=00043c44 vaddr=3ffbdb60 size=04cc8h ( 19656) load[0m
[0;32mI (173) esp_image: segment 3: paddr=00048914 vaddr=40080000 size=07704h ( 30468) load[0m
[0;32mI (185) esp_image: segment 4: paddr=00050020 vaddr=400d0020 size=cb0e0h (831712) map[0m
[0;32mI (470) esp_image: segment 5: paddr=0011b108 vaddr=40087704 size=1393ch ( 80188) load[0m
[0;32mI (514) boot: Loaded app from partition at offset 0x10000[0m
[0;32mI (514) boot: Disabling RNG early entropy source...[0m
[0;32mI (525) cpu_start: Multicore app[0m
[0;32mI (533) cpu_start: Pro cpu start user code[0m
[0;32mI (533) cpu_start: cpu freq: 240000000 Hz[0m
[0;32mI (533) app_init: Application information:[0m
[0;32mI (533) app_init: Project name:     esp32cam-car[0m
[0;32mI (538) app_init: App version:      c3ec36d7-dirty[0m
[0;32mI (542) app_init: Compile time:     Jan 15 2025 15:44:11[0m
[0;32mI (547) app_init: ELF file SHA256:  143d9dc2a...[0m
[0;32mI (551) app_init: ESP-IDF:          v5.4[0m
[0;32mI (555) efuse_init: Min chip rev:     v0.0[0m
[0;32mI (559) efuse_init: Max chip rev:     v3.99 [0m
[0;32mI (563) efuse_init: Chip rev:         v3.1[0m
[0;32mI (567) heap_init: Initializing. RAM available for dynamic allocation:[0m
[0;32mI (573) heap_init: At 3FFAFF10 len 000000F0 (0 KiB): DRAM[0m
[0;32mI (578) heap_init: At 3FFB6388 len 00001C78 (7 KiB): DRAM[0m
[0;32mI (583) heap_init: At 3FFB9A20 len 00004108 (16 KiB): DRAM[0m
[0;32mI (588) heap_init: At 3FFD0D18 len 0000F2E8 (60 KiB): DRAM[0m
[0;32mI (594) heap_init: At 3FFE0440 len 00003AE0 (14 KiB): D/IRAM[0m
[0;32mI (599) heap_init: At 3FFE4350 len 0001BCB0 (111 KiB): D/IRAM[0m
[0;32mI (605) heap_init: At 4009B040 len 00004FC0 (19 KiB): IRAM[0m
[0;32mI (611) spi_flash: detected chip: generic[0m
[0;32mI (613) spi_flash: flash io: dio[0m
[0;32mI (618) coexist: coex firmware version: 49a8cdc[0m
[0;32mI (621) main_task: Started on CPU0[0m
[0;32mI (631) main_task: Calling app_main()[0m

abort() was called at PC 0x401622db on core 0


Backtrace: 0x40081c51:0x3ffbbab0 0x40092aa5:0x3ffbbad0 0x40099041:0x3ffbbaf0 0x401622db:0x3ffbbb60 0x40162310:0x3ffbbb80 0x401623eb:0x3ffbbba0 0x400d98f1:0x3ffbbbc0 0x40199473:0x3ffbbc50 0x400934a1:0x3ffbbc80




ELF file SHA256: 143d9dc2a

Rebooting...
ets Jul 29 2019 12:21:46

rst:0xc (SW_CPU_RESET),boot:0x13 (SPI_FAST_FLASH_BOOT)
configsip: 0, SPIWP:0xee
clk_drv:0x00,q_drv:0x00,d_drv:0x00,cs0_drv:0x00,hd_drv:0x00,wp_drv:0x00
mode:DIO, clock div:2
load:0x3fff0030,len:6276
load:0x40078000,len:15716
load:0x40080400,len:4
ho 8 tail 4 room 4
load:0x40080404,len:3860
entry 0x4008063c
[0;32mI (31) boot: ESP-IDF v5.4 2nd stage bootloader[0m
[0;32mI (31) boot: compile time Jan 15 2025 15:44:16[0m
[0;32mI (31) boot: Multicore bootloader[0m
[0;32mI (32) boot: chip revision: v3.1[0m
[0;32mI (35) boot.esp32: SPI Speed      : 40MHz[0m
[0;32mI (39) boot.esp32: SPI Mode       : DIO[0m
[0;32mI (42) boot.esp32: SPI Flash Size : 4MB[0m
[0;32mI (46) boot: Enabling RNG early entropy source...[0m
[0;32mI (50) boot: Partition Table:[0m
[0;32mI (53) boot: ## Label            Usage          Type ST Offset   Length[0m
[0;32mI (59) boot:  0 nvs              WiFi data        01 02 00009000 00006000[0m
[0;32mI (66) boot:  1 phy_init         RF data          01 01 0000f000 00001000[0m
[0;32mI (72) boot:  2 factory          factory app      00 00 00010000 00177000[0m
[0;32mI (79) boot: End of partition table[0m
[0;32mI (82) esp_image: segment 0: paddr=00010020 vaddr=3f400020 size=33bf8h (211960) map[0m
[0;32mI (162) esp_image: segment 1: paddr=00043c20 vaddr=3ff80000 size=0001ch (    28) load[0m
[0;32mI (162) esp_image: segment 2: paddr=00043c44 vaddr=3ffbdb60 size=04cc8h ( 19656) load[0m
[0;32mI (173) esp_image: segment 3: paddr=00048914 vaddr=40080000 size=07704h ( 30468) load[0m
[0;32mI (185) esp_image: segment 4: paddr=00050020 vaddr=400d0020 size=cb0e0h (831712) map[0m
[0;32mI (470) esp_image: segment 5: paddr=0011b108 vaddr=40087704 size=1393ch ( 80188) load[0m
[0;32mI (514) boot: Loaded app from partition at offset 0x10000[0m
[0;32mI (514) boot: Disabling RNG early entropy source...[0m
[0;32mI (525) cpu_start: Multicore app[0m
[0;32mI (533) cpu_start: Pro cpu start user code[0m
[0;32mI (533) cpu_start: cpu freq: 240000000 Hz[0m
[0;32mI (533) app_init: Application information:[0m
[0;32mI (533) app_init: Project name:     esp32cam-car[0m
[0;32mI (538) app_init: App version:      c3ec36d7-dirty[0m
[0;32mI (542) app_init: Compile time:     Jan 15 2025 15:44:11[0m
[0;32mI (547) app_init: ELF file SHA256:  143d9dc2a...[0m
[0;32mI (551) app_init: ESP-IDF:          v5.4[0m
[0;32mI (555) efuse_init: Min chip rev:     v0.0[0m
[0;32mI (559) efuse_init: Max chip rev:     v3.99 [0m
[0;32mI (563) efuse_init: Chip rev:         v3.1[0m
[0;32mI (567) heap_init: Initializing. RAM available for dynamic allocation:[0m
[0;32mI (573) heap_init: At 3FFAFF10 len 000000F0 (0 KiB): DRAM[0m
[0;32mI (578) heap_init: At 3FFB6388 len 00001C78 (7 KiB): DRAM[0m
[0;32mI (583) heap_init: At 3FFB9A20 len 00004108 (16 KiB): DRAM[0m
[0;32mI (588) heap_init: At 3FFD0D18 len 0000F2E8 (60 KiB): DRAM[0m
[0;32mI (594) heap_init: At 3FFE0440 len 00003AE0 (14 KiB): D/IRAM[0m
[0;32mI (599) heap_init: At 3FFE4350 len 0001BCB0 (111 KiB): D/IRAM[0m
[0;32mI (605) heap_init: At 4009B040 len 00004FC0 (19 KiB): IRAM[0m
[0;32mI (611) spi_flash: detected chip: generic[0m
[0;32mI (613) spi_flash: flash io: dio[0m
[0;32mI (618) coexist: coex firmware version: 49a8cdc[0m
[0;32mI (621) main_task: Started on CPU0[0m
[0;32mI (631) main_task: Calling app_main()[0m

abort() was called at PC 0x401622db on core 0


Backtrace: 0x40081c51:0x3ffbbab0 0x40092aa5:0x3ffbbad0 0x40099041:0x3ffbbaf0 0x401622db:0x3ffbbb60 0x40162310:0x3ffbbb80 0x401623eb:0x3ffbbba0 0x400d98f1:0x3ffbbbc0 0x40199473:0x3ffbbc50 0x400934a1:0x3ffbbc80




ELF file SHA256: 143d9dc2a

Rebooting...
ets Jul 29 2019 12:21:46

rst:0xc (SW_CPU_RESET),boot:0x13 (SPI_FAST_FLASH_BOOT)
configsip: 0, SPIWP:0xee
clk_drv:0x00,q_drv:0x00,d_drv:0x00,cs0_drv:0x00,hd_drv:0x00,wp_drv:0x00
mode:DIO, clock div:2
load:0x3fff0030,len:6276
load:0x40078000,len:15716
load:0x40080400,len:4
ho 8 tail 4 room 4
load:0x40080404,len:3860
entry 0x4008063c
[0;32mI (31) boot: ESP-IDF v5.4 2nd stage bootloader[0m
[0;32mI (31) boot: compile time Jan 15 2025 15:44:16[0m
[0;32mI (31) boot: Multicore bootloader[0m
[0;32mI (32) boot: chip revision: v3.1[0m
[0;32mI (35) boot.esp32: SPI Speed      : 40MHz[0m
[0;32mI (39) boot.esp32: SPI Mode       : DIO[0m
[0;32mI (42) boot.esp32: SPI Flash Size : 4MB[0m
[0;32mI (46) boot: Enabling RNG early entropy source...[0m
[0;32mI (50) boot: Partition Table:[0m
[0;32mI (53) boot: ## Label            Usage          Type ST Offset   Length[0m
[0;32mI (59) boot:  0 nvs              WiFi data        01 02 00009000 00006000[0m
[0;32mI (66) boot:  1 phy_init         RF data          01 01 0000f000 00001000[0m
[0;32mI (72) boot:  2 factory          factory app      00 00 00010000 00177000[0m
[0;32mI (79) boot: End of partition table[0m
[0;32mI (82) esp_image: segment 0: paddr=00010020 vaddr=3f400020 size=33bf8h (211960) map[0m
[0;32mI (162) esp_image: segment 1: paddr=00043c20 vaddr=3ff80000 size=0001ch (    28) load[0m
[0;32mI (162) esp_image: segment 2: paddr=00043c44 vaddr=3ffbdb60 size=04cc8h ( 19656) load[0m
[0;32mI (173) esp_image: segment 3: paddr=00048914 vaddr=40080000 size=07704h ( 30468) load[0m
[0;32mI (185) esp_image: segment 4: paddr=00050020 vaddr=400d0020 size=cb0e0h (831712) map[0m
[0;32mI (470) esp_image: segment 5: paddr=0011b108 vaddr=40087704 size=1393ch ( 80188) load[0m
[0;32mI (514) boot: Loaded app from partition at offset 0x10000[0m
[0;32mI (514) boot: Disabling RNG early entropy source...[0m
[0;32mI (525) cpu_start: Multicore app[0m
[0;32mI (533) cpu_start: Pro cpu start user code[0m
[0;32mI (533) cpu_start: cpu freq: 240000000 Hz[0m
[0;32mI (533) app_init: Application information:[0m
[0;32mI (533) app_init: Project name:     esp32cam-car[0m
[0;32mI (538) app_init: App version:      c3ec36d7-dirty[0m
[0;32mI (542) app_init: Compile time:     Jan 15 2025 15:44:11[0m
[0;32mI (547) app_init: ELF file SHA256:  143d9dc2a...[0m
[0;32mI (551) app_init: ESP-IDF:          v5.4[0m
[0;32mI (555) efuse_init: Min chip rev:     v0.0[0m
[0;32mI (559) efuse_init: Max chip rev:     v3.99 [0m
[0;32mI (563) efuse_init: Chip rev:         v3.1[0m
[0;32mI (567) heap_init: Initializing. RAM available for dynamic allocation:[0m
[0;32mI (573) heap_init: At 3FFAFF10 len 000000F0 (0 KiB): DRAM[0m
[0;32mI (578) heap_init: At 3FFB6388 len 00001C78 (7 KiB): DRAM[0m
[0;32mI (583) heap_init: At 3FFB9A20 len 00004108 (16 KiB): DRAM[0m
[0;32mI (588) heap_init: At 3FFD0D18 len 0000F2E8 (60 KiB): DRAM[0m
[0;32mI (594) heap_init: At 3FFE0440 len 00003AE0 (14 KiB): D/IRAM[0m
[0;32mI (599) heap_init: At 3FFE4350 len 0001BCB0 (111 KiB): D/IRAM[0m
[0;32mI (605) heap_init: At 4009B040 len 00004FC0 (19 KiB): IRAM[0m
[0;32mI (611) spi_flash: detected chip: generic[0m
[0;32mI (613) spi_flash: flash io: dio[0m
[0;32mI (618) coexist: coex firmware version: 49a8cdc[0m
[0;32mI (621) main_task: Started on CPU0[0m
[0;32mI (631) main_task: Calling app_main()[0m

abort() was called at PC 0x401622db on core 0


Backtrace: 0x40081c51:0x3ffbbab0 0x40092aa5:0x3ffbbad0 0x40099041:0x3ffbbaf0 0x401622db:0x3ffbbb60 0x40162310:0x3ffbbb80 0x401623eb:0x3ffbbba0 0x400d98f1:0x3ffbbbc0 0x40199473:0x3ffbbc50 0x400934a1:0x3ffbbc80




ELF file SHA256: 143d9dc2a

Rebooting...
ets Jul 29 2019 12:21:46

rst:0xc (SW_CPU_RESET),boot:0x13 (SPI_FAST_FLASH_BOOT)
configsip: 0, SPIWP:0xee
clk_drv:0x00,q_drv:0x00,d_drv:0x00,cs0_drv:0x00,hd_drv:0x00,wp_drv:0x00
mode:DIO, clock div:2
load:0x3fff0030,len:6276
load:0x40078000,len:15716
load:0x40080400,len:4
ho 8 tail 4 room 4
load:0x40080404,len:3860
entry 0x4008063c
[0;32mI (31) boot: ESP-IDF v5.4 2nd stage bootloader[0m
[0;32mI (31) boot: compile time Jan 15 2025 15:44:16[0m
[0;32mI (31) boot: Multicore bootloader[0m
[0;32mI (32) boot: chip revision: v3.1[0m
[0;32mI (35) boot.esp32: SPI Speed      : 40MHz[0m
[0;32mI (39) boot.esp32: SPI Mode       : DIO[0m
[0;32mI (42) boot.esp32: SPI Flash Size : 4MB[0m
[0;32mI (46) boot: Enabling RNG early entropy source...[0m
[0;32mI (50) boot: Partition Table:[0m
[0;32mI (53) boot: ## Label            Usage          Type ST Offset   Length[0m
[0;32mI (59) boot:  0 nvs              WiFi data        01 02 00009000 00006000[0m
[0;32mI (66) boot:  1 phy_init         RF data          01 01 0000f000 00001000[0m
[0;32mI (72) boot:  2 factory          factory app      00 00 00010000 00177000[0m
[0;32mI (79) boot: End of partition table[0m
[0;32mI (82) esp_image: segment 0: paddr=00010020 vaddr=3f400020 size=33bf8h (211960) map[0m
[0;32mI (162) esp_image: segment 1: paddr=00043c20 vaddr=3ff80000 size=0001ch (    28) load[0m
[0;32mI (162) esp_image: segment 2: paddr=00043c44 vaddr=3ffbdb60 size=04cc8h ( 19656) load[0m
[0;32mI (173) esp_image: segment 3: paddr=00048914 vaddr=40080000 size=07704h ( 30468) load[0m
[0;32mI (185) esp_image: segment 4: paddr=00050020 vaddr=400d0020 size=cb0e0h (831712) map[0m
[0;32mI (470) esp_image: segment 5: paddr=0011b108 vaddr=40087704 size=1393ch ( 80188) load[0m
[0;32mI (514) boot: Loaded app from partition at offset 0x10000[0m
[0;32mI (514) boot: Disabling RNG early entropy source...[0m
[0;32mI (525) cpu_start: Multicore app[0m
[0;32mI (533) cpu_start: Pro cpu start user code[0m
[0;32mI (533) cpu_start: cpu freq: 240000000 Hz[0m
[0;32mI (533) app_init: Application information:[0m
[0;32mI (533) app_init: Project name:     esp32cam-car[0m
[0;32mI (538) app_init: App version:      c3ec36d7-dirty[0m
[0;32mI (542) app_init: Compile time:     Jan 15 2025 15:44:11[0m
[0;32mI (547) app_init: ELF file SHA256:  143d9dc2a...[0m
[0;32mI (551) app_init: ESP-IDF:          v5.4[0m
[0;32mI (555) efuse_init: Min chip rev:     v0.0[0m
[0;32mI (559) efuse_init: Max chip rev:     v3.99 [0m
[0;32mI (563) efuse_init: Chip rev:         v3.1[0m
[0;32mI (567) heap_init: Initializing. RAM available for dynamic allocation:[0m
[0;32mI (573) heap_init: At 3FFAFF10 len 000000F0 (0 KiB): DRAM[0m
[0;32mI (578) heap_init: At 3FFB6388 len 00001C78 (7 KiB): DRAM[0m
[0;32mI (583) heap_init: At 3FFB9A20 len 00004108 (16 KiB): DRAM[0m
[0;32mI (588) heap_init: At 3FFD0D18 len 0000F2E8 (60 KiB): DRAM[0m
[0;32mI (594) heap_init: At 3FFE0440 len 00003AE0 (14 KiB): D/IRAM[0m
[0;32mI (599) heap_init: At 3FFE4350 len 0001BCB0 (111 KiB): D/IRAM[0m
[0;32mI (605) heap_init: At 4009B040 len 00004FC0 (19 KiB): IRAM[0m
[0;32mI (611) spi_flash: detected chip: generic[0m
[0;32mI (613) spi_flash: flash io: dio[0m
[0;32mI (618) coexist: coex firmware version: 49a8cdc[0m
[0;32mI (621) main_task: Started on CPU0[0m
[0;32mI (631) main_task: Calling app_main()[0m

abort() was called at PC 0x401622db on core 0


Backtrace: 0x40081c51:0x3ffbbab0 0x40092aa5:0x3ffbbad0 0x40099041:0x3ffbbaf0 0x401622db:0x3ffbbb60 0x40162310:0x3ffbbb80 0x401623eb:0x3ffbbba0 0x400d98f1:0x3ffbbbc0 0x40199473:0x3ffbbc50 0x400934a1:0x3ffbbc80




ELF file SHA256: 143d9dc2a

Rebooting...
ets Jul 29 2019 12:21:46

rst:0xc (SW_CPU_RESET),boot:0x13 (SPI_FAST_FLASH_BOOT)
configsip: 0, SPIWP:0xee
clk_drv:0x00,q_drv:0x00,d_drv:0x00,cs0_drv:0x00,hd_drv:0x00,wp_drv:0x00
mode:DIO, clock div:2
load:0x3fff0030,len:6276
load:0x40078000,len:15716
load:0x40080400,len:4
ho 8 tail 4 room 4
load:0x40080404,len:3860
entry 0x4008063c
[0;32mI (31) boot: ESP-IDF v5.4 2nd stage bootloader[0m
[0;32mI (31) boot: compile time Jan 15 2025 15:44:16[0m
[0;32mI (31) boot: Multicore bootloader[0m
[0;32mI (32) boot: chip revision: v3.1[0m
[0;32mI (35) boot.esp32: SPI Speed      : 40MHz[0m
[0;32mI (39) boot.esp32: SPI Mode       : DIO[0m
[0;32mI (42) boot.esp32: SPI Flash Size : 4MB[0m
[0;32mI (46) boot: Enabling RNG early entropy source...[0m
[0;32mI (50) boot: Partition Table:[0m
[0;32mI (53) boot: ## Label            Usage          Type ST Offset   Length[0m
[0;32mI (59) boot:  0 nvs              WiFi data        01 02 00009000 00006000[0m
[0;32mI (66) boot:  1 phy_init         RF data          01 01 0000f000 00001000[0m
[0;32mI (72) boot:  2 factory          factory app      00 00 00010000 00177000[0m
[0;32mI (79) boot: End of partition table[0m
[0;32mI (82) esp_image: segment 0: paddr=00010020 vaddr=3f400020 size=33bf8h (211960) map[0m
[0;32mI (162) esp_image: segment 1: paddr=00043c20 vaddr=3ff80000 size=0001ch (    28) load[0m
[0;32mI (162) esp_image: segment 2: paddr=00043c44 vaddr=3ffbdb60 size=04cc8h ( 19656) load[0m
[0;32mI (173) esp_image: segment 3: paddr=00048914 vaddr=40080000 size=07704h ( 30468) load[0m
[0;32mI (185) esp_image: segment 4: paddr=00050020 vaddr=400d0020 size=cb0e0h (831712) map[0m
[0;32mI (470) esp_image: segment 5: paddr=0011b108 vaddr=40087704 size=1393ch ( 80188) load[0m
[0;32mI (514) boot: Loaded app from partition at offset 0x10000[0m
[0;32mI (514) boot: Disabling RNG early entropy source...[0m
[0;32mI (525) cpu_start: Multicore app[0m
[0;32mI (533) cpu_start: Pro cpu start user code[0m
[0;32mI (533) cpu_start: cpu freq: 240000000 Hz[0m
[0;32mI (533) app_init: Application information:[0m
[0;32mI (533) app_init: Project name:     esp32cam-car[0m
[0;32mI (538) app_init: App version:      c3ec36d7-dirty[0m
[0;32mI (542) app_init: Compile time:     Jan 15 2025 15:44:11[0m
[0;32mI (547) app_init: ELF file SHA256:  143d9dc2a...[0m
[0;32mI (551) app_init: ESP-IDF:          v5.4[0m
[0;32mI (555) efuse_init: Min chip rev:     v0.0[0m
[0;32mI (559) efuse_init: Max chip rev:     v3.99 [0m
[0;32mI (563) efuse_init: Chip rev:         v3.1[0m
[0;32mI (567) heap_init: Initializing. RAM available for dynamic allocation:[0m
[0;32mI (573) heap_init: At 3FFAFF10 len 000000F0 (0 KiB): DRAM[0m
[0;32mI (578) heap_init: At 3FFB6388 len 00001C78 (7 KiB): DRAM[0m
[0;32mI (583) heap_init: At 3FFB9A20 len 00004108 (16 KiB): DRAM[0m
[0;32mI (588) heap_init: At 3FFD0D18 len 0000F2E8 (60 KiB): DRAM[0m
[0;32mI (594) heap_init: At 3FFE0440 len 00003AE0 (14 KiB): D/IRAM[0m
[0;32mI (599) heap_init: At 3FFE4350 len 0001BCB0 (111 KiB): D/IRAM[0m
[0;32mI (605) heap_init: At 4009B040 len 00004FC0 (19 KiB): IRAM[0m
[0;32mI (611) spi_flash: detected chip: generic[0m
[0;32mI (613) spi_flash: flash io: dio[0m
[0;32mI (618) coexist: coex firmware version: 49a8cdc[0m
[0;32mI (621) main_task: Started on CPU0[0m
[0;32mI (631) main_task: Calling app_main()[0m

abort() was called at PC 0x401622db on core 0


Backtrace: 0x40081c51:0x3ffbbab0 0x40092aa5:0x3ffbbad0 0x40099041:0x3ffbbaf0 0x401622db:0x3ffbbb60 0x40162310:0x3ffbbb80 0x401623eb:0x3ffbbba0 0x400d98f1:0x3ffbbbc0 0x40199473:0x3ffbbc50 0x400934a1:0x3ffbbc80




ELF file SHA256: 143d9dc2a

Rebooting...
ets Jul 29 2019 12:21:46

rst:0xc (SW_CPU_RESET),boot:0x13 (SPI_FAST_FLASH_BOOT)
configsip: 0, SPIWP:0xee
clk_drv:0x00,q_drv:0x00,d_drv:0x00,cs0_drv:0x00,hd_drv:0x00,wp_drv:0x00
mode:DIO, clock div:2
load:0x3fff0030,len:6276
load:0x40078000,len:15716
load:0x40080400,len:4
ho 8 tail 4 room 4
load:0x40080404,len:3860
entry 0x4008063c
[0;32mI (31) boot: ESP-IDF v5.4 2nd stage bootloader[0m
[0;32mI (31) boot: compile time Jan 15 2025 15:44:16[0m
[0;32mI (31) boot: Multicore bootloader[0m
[0;32mI (32) boot: chip revision: v3.1[0m
[0;32mI (35) boot.esp32: SPI Speed      : 40MHz[0m
[0;32mI (39) boot.esp32: SPI Mode       : DIO[0m
[0;32mI (42) boot.esp32: SPI Flash Size : 4MB[0m
[0;32mI (46) boot: Enabling RNG early entropy source...[0m
[0;32mI (50) boot: Partition Table:[0m
[0;32mI (53) boot: ## Label            Usage          Type ST Offset   Length[0m
[0;32mI (59) boot:  0 nvs              WiFi data        01 02 00009000 00006000[0m
[0;32mI (66) boot:  1 phy_init         RF data          01 01 0000f000 00001000[0m
[0;32mI (72) boot:  2 factory          factory app      00 00 00010000 00177000[0m
[0;32mI (79) boot: End of partition table[0m
[0;32mI (82) esp_image: segment 0: paddr=00010020 vaddr=3f400020 size=33bf8h (211960) map[0m
[0;32mI (162) esp_image: segment 1: paddr=00043c20 vaddr=3ff80000 size=0001ch (    28) load[0m
[0;32mI (162) esp_image: segment 2: paddr=00043c44 vaddr=3ffbdb60 size=04cc8h ( 19656) load[0m
[0;32mI (173) esp_image: segment 3: paddr=00048914 vaddr=40080000 size=07704h ( 30468) load[0m
[0;32mI (185) esp_image: segment 4: paddr=00050020 vaddr=400d0020 size=cb0e0h (831712) map[0m
[0;32mI (470) esp_image: segment 5: paddr=0011b108 vaddr=40087704 size=1393ch ( 80188) load[0m
[0;32mI (514) boot: Loaded app from partition at offset 0x10000[0m
[0;32mI (514) boot: Disabling RNG early entropy source...[0m
[0;32mI (525) cpu_start: Multicore app[0m
[0;32mI (533) cpu_start: Pro cpu start user code[0m
[0;32mI (533) cpu_start: cpu freq: 240000000 Hz[0m
[0;32mI (533) app_init: Application information:[0m
[0;32mI (533) app_init: Project name:     esp32cam-car[0m
[0;32mI (538) app_init: App version:      c3ec36d7-dirty[0m
[0;32mI (542) app_init: Compile time:     Jan 15 2025 15:44:11[0m
[0;32mI (547) app_init: ELF file SHA256:  143d9dc2a...[0m
[0;32mI (551) app_init: ESP-IDF:          v5.4[0m
[0;32mI (555) efuse_init: Min chip rev:     v0.0[0m
[0;32mI (559) efuse_init: Max chip rev:     v3.99 [0m
[0;32mI (563) efuse_init: Chip rev:         v3.1[0m
[0;32mI (567) heap_init: Initializing. RAM available for dynamic allocation:[0m
[0;32mI (573) heap_init: At 3FFAFF10 len 000000F0 (0 KiB): DRAM[0m
[0;32mI (578) heap_init: At 3FFB6388 len 00001C78 (7 KiB): DRAM[0m
[0;32mI (583) heap_init: At 3FFB9A20 len 00004108 (16 KiB): DRAM[0m
[0;32mI (588) heap_init: At 3FFD0D18 len 0000F2E8 (60 KiB): DRAM[0m
[0;32mI (594) heap_init: At 3FFE0440 len 00003AE0 (14 KiB): D/IRAM[0m
[0;32mI (599) heap_init: At 3FFE4350 len 0001BCB0 (111 KiB): D/IRAM[0m
[0;32mI (605) heap_init: At 4009B040 len 00004FC0 (19 KiB): IRAM[0m
[0;32mI (611) spi_flash: detected chip: generic[0m
[0;32mI (613) spi_flash: flash io: dio[0m
[0;32mI (618) coexist: coex firmware version: 49a8cdc[0m
[0;32mI (621) main_task: Started on CPU0[0m
[0;32mI (631) main_task: Calling app_main()[0m

abort() was called at PC 0x401622db on core 0


Backtrace: 0x40081c51:0x3ffbbab0 0x40092aa5:0x3ffbbad0 0x40099041:0x3ffbbaf0 0x401622db:0x3ffbbb60 0x40162310:0x3ffbbb80 0x401623eb:0x3ffbbba0 0x400d98f1:0x3ffbbbc0 0x40199473:0x3ffbbc50 0x400934a1:0x3ffbbc80




ELF file SHA256: 143d9dc2a

Rebooting...
ets Jul 29 2019 12:21:46

rst:0xc (SW_CPU_RESET),boot:0x13 (SPI_FAST_FLASH_BOOT)
configsip: 0, SPIWP:0xee
clk_drv:0x00,q_drv:0x00,d_drv:0x00,cs0_drv:0x00,hd_drv:0x00,wp_drv:0x00
mode:DIO, clock div:2
load:0x3fff0030,len:6276
load:0x40078000,len:15716
load:0x40080400,len:4
ho 8 tail 4 room 4
load:0x40080404,len:3860
entry 0x4008063c
[0;32mI (31) boot: ESP-IDF v5.4 2nd stage bootloader[0m
[0;32mI (31) boot: compile time Jan 15 2025 15:44:16[0m
[0;32mI (31) boot: Multicore bootloader[0m
[0;32mI (32) boot: chip revision: v3.1[0m
[0;32mI (35) boot.esp32: SPI Speed      : 40MHz[0m
[0;32mI (39) boot.esp32: SPI Mode       : DIO[0m
[0;32mI (42) boot.esp32: SPI Flash Size : 4MB[0m
[0;32mI (46) boot: Enabling RNG early entropy source...[0m
[0;32mI (50) boot: Partition Table:[0m
[0;32mI (53) boot: ## Label            Usage          Type ST Offset   Length[0m
[0;32mI (59) boot:  0 nvs              WiFi data        01 02 00009000 00006000[0m
[0;32mI (66) boot:  1 phy_init         RF data          01 01 0000f000 00001000[0m
[0;32mI (72) boot:  2 factory          factory app      00 00 00010000 00177000[0m
[0;32mI (79) boot: End of partition table[0m
[0;32mI (82) esp_image: segment 0: paddr=00010020 vaddr=3f400020 size=33bf8h (211960) map[0m
[0;32mI (162) esp_image: segment 1: paddr=00043c20 vaddr=3ff80000 size=0001ch (    28) load[0m
[0;32mI (162) esp_image: segment 2: paddr=00043c44 vaddr=3ffbdb60 size=04cc8h ( 19656) load[0m
[0;32mI (173) esp_image: segment 3: paddr=00048914 vaddr=40080000 size=07704h ( 30468) load[0m
[0;32mI (185) esp_image: segment 4: paddr=00050020 vaddr=400d0020 size=cb0e0h (831712) map[0m
[0;32mI (470) esp_image: segment 5: paddr=0011b108 vaddr=40087704 size=1393ch ( 80188) load[0m
[0;32mI (514) boot: Loaded app from partition at offset 0x10000[0m
I (514) boot: Disabling RNG early entropy source...
[0;32mI (525) cpu_start: Multicore app[0m
[0;32mI (533) cpu_start: Pro cpu start user code[0m
[0;32mI (533) cpu_start: cpu freq: 240000000 Hz[0m
[0;32mI (533) app_init: Application information:[0m
[0;32mI (533) app_init: Project name:     esp32cam-car[0m
[0;32mI (538) app_init: App version:      c3ec36d7-dirty[0m
[0;32mI (542) app_init: Compile time:     Jan 15 2025 15:44:11[0m
[0;32mI (547) app_init: ELF file SHA256:  143d9dc2a...[0m
[0;32mI (551) app_init: ESP-IDF:          v5.4[0m
[0;32mI (555) efuse_init: Min chip rev:     v0.0[0m
[0;32mI (559) efuse_init: Max chip rev:     v3.99 [0m
[0;32mI (563) efuse_init: Chip rev:         v3.1[0m
[0;32mI (567) heap_init: Initializing. RAM available for dynamic allocation:[0m
[0;32mI (573) heap_init: At 3FFAFF10 len 000000F0 (0 KiB): DRAM[0m
[0;32mI (578) heap_init: At 3FFB6388 len 00001C78 (7 KiB): DRAM[0m
[0;32mI (583) heap_init: At 3FFB9A20 len 00004108 (16 KiB): DRAM[0m
[0;32mI (588) heap_init: At 3FFD0D18 len 0000F2E8 (60 KiB): DRAM[0m
[0;32mI (594) heap_init: At 3FFE0440 len 00003AE0 (14 KiB): D/IRAM[0m
[0;32mI (599) heap_init: At 3FFE4350 len 0001BCB0 (111 KiB): D/IRAM[0m
[0;32mI (605) heap_init: At 4009B040 len 00004FC0 (19 KiB): IRAM[0m
[0;32mI (611) spi_flash: detected chip: generic[0m
[0;32mI (613) spi_flash: flash io: dio[0m
[0;32mI (618) coexist: coex firmware version: 49a8cdc[0m
[0;32mI (621) main_task: Started on CPU0[0m
[0;32mI (631) main_task: Calling app_main()[0m

abort() was called at PC 0x401622db on core 0


Backtrace: 0x40081c51:0x3ffbbab0 0x40092aa5:0x3ffbbad0 0x40099041:0x3ffbbaf0 0x401622db:0x3ffbbb60 0x40162310:0x3ffbbb80 0x401623eb:0x3ffbbba0 0x400d98f1:0x3ffbbbc0 0x40199473:0x3ffbbc50 0x400934a1:0x3ffbbc80




ELF file SHA256: 143d9dc2a

Rebooting...
ets Jul 29 2019 12:21:46

rst:0xc (SW_CPU_RESET),boot:0x13 (SPI_FAST_FLASH_BOOT)
configsip: 0, SPIWP:0xee
clk_drv:0x00,q_drv:0x00,d_drv:0x00,cs0_drv:0x00,hd_drv:0x00,wp_drv:0x00
mode:DIO, clock div:2
load:0x3fff0030,len:6276
load:0x40078000,len:15716
load:0x40080400,len:4
ho 8 tail 4 room 4
load:0x40080404,len:3860
entry 0x4008063c
[0;32mI (31) boot: ESP-IDF v5.4 2nd stage bootloader[0m
[0;32mI (31) boot: compile time Jan 15 2025 15:44:16[0m
[0;32mI (31) boot: Multicore bootloader[0m
[0;32mI (32) boot: chip revision: v3.1[0m
[0;32mI (35) boot.esp32: SPI Speed      : 40MHz[0m
[0;32mI (39) boot.esp32: SPI Mode       : DIO[0m
[0;32mI (42) boot.esp32: SPI Flash Size : 4MB[0m
[0;32mI (46) boot: Enabling RNG early entropy source...[0m
[0;32mI (50) boot: Partition Table:[0m
[0;32mI (53) boot: ## Label            Usage          Type ST Offset   Length[0m
[0;32mI (59) boot:  0 nvs              WiFi data        01 02 00009000 00006000[0m
[0;32mI (66) boot:  1 phy_init         RF data          01 01 0000f000 00001000[0m
[0;32mI (72) boot:  2 factory          factory app      00 00 00010000 00177000[0m
[0;32mI (79) boot: End of partition table[0m
[0;32mI (82) esp_image: segment 0: paddr=00010020 vaddr=3f400020 size=33bf8h (211960) map[0m
[0;32mI (162) esp_image: segment 1: paddr=00043c20 vaddr=3ff80000 size=0001ch (    28) load[0m
[0;32mI (162) esp_image: segment 2: paddr=00043c44 vaddr=3ffbdb60 size=04cc8h ( 19656) load[0m
[0;32mI (173) esp_image: segment 3: paddr=00048914 vaddr=40080000 size=07704h ( 30468) load[0m
[0;32mI (185) esp_image: segment 4: paddr=00050020 vaddr=400d0020 size=cb0e0h (831712) map[0m
[0;32mI (470) esp_image: segment 5: paddr=0011b108 vaddr=40087704 size=1393ch ( 80188) load[0m
[0;32mI (514) boot: Loaded app from partition at offset 0x10000[0m
[0;32mI (514) boot: Disabling RNG early entropy source...[0m
[0;32mI (525) cpu_start: Multicore app[0m
[0;32mI (533) cpu_start: Pro cpu start user code[0m
[0;32mI (533) cpu_start: cpu freq: 240000000 Hz[0m
[0;32mI (533) app_init: Application information:[0m
[0;32mI (533) app_init: Project name:     esp32cam-car[0m
[0;32mI (538) app_init: App version:      c3ec36d7-dirty[0m
[0;32mI (542) app_init: Compile time:     Jan 15 2025 15:44:11[0m
[0;32mI (547) app_init: ELF file SHA256:  143d9dc2a...[0m
[0;32mI (551) app_init: ESP-IDF:          v5.4[0m
[0;32mI (555) efuse_init: Min chip rev:     v0.0[0m
[0;32mI (559) efuse_init: Max chip rev:     v3.99 [0m
[0;32mI (563) efuse_init: Chip rev:         v3.1[0m
[0;32mI (567) heap_init: Initializing. RAM available for dynamic allocation:[0m
[0;32mI (573) heap_init: At 3FFAFF10 len 000000F0 (0 KiB): DRAM[0m
[0;32mI (578) heap_init: At 3FFB6388 len 00001C78 (7 KiB): DRAM[0m
[0;32mI (583) heap_init: At 3FFB9A20 len 00004108 (16 KiB): DRAM[0m
[0;32mI (588) heap_init: At 3FFD0D18 len 0000F2E8 (60 KiB): DRAM[0m
[0;32mI (594) heap_init: At 3FFE0440 len 00003AE0 (14 KiB): D/IRAM[0m
[0;32mI (599) heap_init: At 3FFE4350 len 0001BCB0 (111 KiB): D/IRAM[0m
[0;32mI (605) heap_init: At 4009B040 len 00004FC0 (19 KiB): IRAM[0m
[0;32mI (611) spi_flash: detected chip: generic[0m
[0;32mI (613) spi_flash: flash io: dio[0m
[0;32mI (618) coexist: coex firmware version: 49a8cdc[0m
[0;32mI (621) main_task: Started on CPU0[0m
[0;32mI (631) main_task: Calling app_main()[0m

abort() was called at PC 0x401622db on core 0


Backtrace: 0x40081c51:0x3ffbbab0 0x40092aa5:0x3ffbbad0 0x40099041:0x3ffbbaf0 0x401622db:0x3ffbbb60 0x40162310:0x3ffbbb80 0x401623eb:0x3ffbbba0 0x400d98f1:0x3ffbbbc0 0x40199473:0x3ffbbc50 0x400934a1:0x3ffbbc80




ELF file SHA256: 143d9dc2a

Rebooting...
ets Jul 29 2019 12:21:46

rst:0xc (SW_CPU_RESET),boot:0x13 (SPI_FAST_FLASH_BOOT)
configsip: 0, SPIWP:0xee
clk_drv:0x00,q_drv:0x00,d_drv:0x00,cs0_drv:0x00,hd_drv:0x00,wp_drv:0x00
mode:DIO, clock div:2
load:0x3fff0030,len:6276
load:0x40078000,len:15716
load:0x40080400,len:4
ho 8 tail 4 room 4
load:0x40080404,len:3860
entry 0x4008063c
[0;32mI (31) boot: ESP-IDF v5.4 2nd stage bootloader[0m
[0;32mI (31) boot: compile time Jan 15 2025 15:44:16[0m
[0;32mI (31) boot: Multicore bootloader[0m
[0;32mI (32) boot: chip revision: v3.1[0m
[0;32mI (35) boot.esp32: SPI Speed      : 40MHz[0m
[0;32mI (39) boot.esp32: SPI Mode       : DIO[0m
[0;32mI (42) boot.esp32: SPI Flash Size : 4MB[0m
[0;32mI (46) boot: Enabling RNG early entropy source...[0m
[0;32mI (50) boot: Partition Table:[0m
[0;32mI (53) boot: ## Label            Usage          Type ST Offset   Length[0m
[0;32mI (59) boot:  0 nvs              WiFi data        01 02 00009000 00006000[0m
[0;32mI (66) boot:  1 phy_init         RF data          01 01 0000f000 00001000[0m
[0;32mI (72) boot:  2 factory          factory app      00 00 00010000 00177000[0m
[0;32mI (79) boot: End of partition table[0m
[0;32mI (82) esp_image: segment 0: paddr=00010020 vaddr=3f400020 size=33bf8h (211960) map[0m
[0;32mI (162) esp_image: segment 1: paddr=00043c20 vaddr=3ff80000 size=0001ch (    28) load[0m
[0;32mI (162) esp_image: segment 2: paddr=00043c44 vaddr=3ffbdb60 size=04cc8h ( 19656) load[0m
[0;32mI (173) esp_image: segment 3: paddr=00048914 vaddr=40080000 size=07704h ( 30468) load[0m
[0;32mI (185) esp_image: segment 4: paddr=00050020 vaddr=400d0020 size=cb0e0h (831712) map[0m
[0;32mI (470) esp_image: segment 5: paddr=0011b108 vaddr=40087704 size=1393ch ( 80188) load[0m
[0;32mI (514) boot: Loaded app from partition at offset 0x10000[0m
[0;32mI (514) boot: Disabling RNG early entropy source...[0m
[0;32mI (525) cpu_start: Multicore app[0m
[0;32mI (533) cpu_start: Pro cpu start user code[0m
[0;32mI (533) cpu_start: cpu freq: 240000000 Hz[0m
[0;32mI (533) app_init: Application information:[0m
[0;32mI (533) app_init: Project name:     esp32cam-car[0m
[0;32mI (538) app_init: App version:      c3ec36d7-dirty[0m
[0;32mI (542) app_init: Compile time:     Jan 15 2025 15:44:11[0m
[0;32mI (547) app_init: ELF file SHA256:  143d9dc2a...[0m
[0;32mI (551) app_init: ESP-IDF:          v5.4[0m
[0;32mI (555) efuse_init: Min chip rev:     v0.0[0m
[0;32mI (559) efuse_init: Max chip rev:     v3.99 [0m
[0;32mI (563) efuse_init: Chip rev:         v3.1[0m
[0;32mI (567) heap_init: Initializing. RAM available for dynamic allocation:[0m
[0;32mI (573) heap_init: At 3FFAFF10 len 000000F0 (0 KiB): DRAM[0m
[0;32mI (578) heap_init: At 3FFB6388 len 00001C78 (7 KiB): DRAM[0m
[0;32mI (583) heap_init: At 3FFB9A20 len 00004108 (16 KiB): DRAM[0m
[0;32mI (588) heap_init: At 3FFD0D18 len 0000F2E8 (60 KiB): DRAM[0m
[0;32mI (594) heap_init: At 3FFE0440 len 00003AE0 (14 KiB): D/IRAM[0m
[0;32mI (599) heap_init: At 3FFE4350 len 0001BCB0 (111 KiB): D/IRAM[0m
[0;32mI (605) heap_init: At 4009B040 len 00004FC0 (19 KiB): IRAM[0m
[0;32mI (611) spi_flash: detected chip: generic[0m
[0;32mI (613) spi_flash: flash io: dio[0m
[0;32mI (618) coexist: coex firmware version: 49a8cdc[0m
[0;32mI (621) main_task: Started on CPU0[0m
[0;32mI (631) main_task: Calling app_main()[0m

abort() was called at PC 0x401622db on core 0


Backtrace: 0x40081c51:0x3ffbbab0 0x40092aa5:0x3ffbbad0 0x40099041:0x3ffbbaf0 0x401622db:0x3ffbbb60 0x40162310:0x3ffbbb80 0x401623eb:0x3ffbbba0 0x400d98f1:0x3ffbbbc0 0x40199473:0x3ffbbc50 0x400934a1:0x3ffbbc80




ELF file SHA256: 143d9dc2a

Rebooting...
ets Jul 29 2019 12:21:46

rst:0xc (SW_CPU_RESET),boot:0x13 (SPI_FAST_FLASH_BOOT)
configsip: 0, SPIWP:0xee
clk_drv:0x00,q_drv:0x00,d_drv:0x00,cs0_drv:0x00,hd_drv:0x00,wp_drv:0x00
mode:DIO, clock div:2
load:0x3fff0030,len:6276
load:0x40078000,len:15716
load:0x40080400,len:4
ho 8 tail 4 room 4
load:0x40080404,len:3860
entry 0x4008063c
[0;32mI (31) boot: ESP-IDF v5.4 2nd stage bootloader[0m
[0;32mI (31) boot: compile time Jan 15 2025 15:44:16[0m
[0;32mI (31) boot: Multicore bootloader[0m
[0;32mI (32) boot: chip revision: v3.1[0m
[0;32mI (35) boot.esp32: SPI Speed      : 40MHz[0m
[0;32mI (39) boot.esp32: SPI Mode       : DIO[0m
[0;32mI (42) boot.esp32: SPI Flash Size : 4MB[0m
[0;32mI (46) boot: Enabling RNG early entropy source...[0m
[0;32mI (50) boot: Partition Table:[0m
[0;32mI (53) boot: ## Label            Usage          Type ST Offset   Length[0m
[0;32mI (59) boot:  0 nvs              WiFi data        01 02 00009000 00006000[0m
[0;32mI (66) boot:  1 phy_init         RF data          01 01 0000f000 00001000[0m
[0;32mI (72) boot:  2 factory          factory app      00 00 00010000 00177000[0m
[0;32mI (79) boot: End of partition table[0m
[0;32mI (82) esp_image: segment 0: paddr=00010020 vaddr=3f400020 size=33bf8h (211960) map[0m
[0;32mI (162) esp_image: segment 1: paddr=00043c20 vaddr=3ff80000 size=0001ch (    28) load[0m
[0;32mI (162) esp_image: segment 2: paddr=00043c44 vaddr=3ffbdb60 size=04cc8h ( 19656) load[0m
[0;32mI (173) esp_image: segment 3: paddr=00048914 vaddr=40080000 size=07704h ( 30468) load[0m
[0;32mI (185) esp_image: segment 4: paddr=00050020 vaddr=400d0020 size=cb0e0h (831712) map[0m
[0;32mI (470) esp_image: segment 5: paddr=0011b108 vaddr=40087704 size=1393ch ( 80188) load[0m
[0;32mI (514) boot: Loaded app from partition at offset 0x10000[0m
[0;32mI (514) boot: Disabling RNG early entropy source...[0m
[0;32mI (525) cpu_start: Multicore app[0m
[0;32mI (533) cpu_start: Pro cpu start user code[0m
[0;32mI (533) cpu_start: cpu freq: 240000000 Hz[0m
[0;32mI (533) app_init: Application information:[0m
[0;32mI (533) app_init: Project name:     esp32cam-car[0m
[0;32mI (538) app_init: App version:      c3ec36d7-dirty[0m
[0;32mI (542) app_init: Compile time:     Jan 15 2025 15:44:11[0m
[0;32mI (547) app_init: ELF file SHA256:  143d9dc2a...[0m
[0;32mI (551) app_init: ESP-IDF:          v5.4[0m
[0;32mI (555) efuse_init: Min chip rev:     v0.0[0m
[0;32mI (559) efuse_init: Max chip rev:     v3.99 [0m
[0;32mI (563) efuse_init: Chip rev:         v3.1[0m
[0;32mI (567) heap_init: Initializing. RAM available for dynamic allocation:[0m
[0;32mI (573) heap_init: At 3FFAFF10 len 000000F0 (0 KiB): DRAM[0m
[0;32mI (578) heap_init: At 3FFB6388 len 00001C78 (7 KiB): DRAM[0m
[0;32mI (583) heap_init: At 3FFB9A20 len 00004108 (16 KiB): DRAM[0m
[0;32mI (588) heap_init: At 3FFD0D18 len 0000F2E8 (60 KiB): DRAM[0m
[0;32mI (594) heap_init: At 3FFE0440 len 00003AE0 (14 KiB): D/IRAM[0m
[0;32mI (599) heap_init: At 3FFE4350 len 0001BCB0 (111 KiB): D/IRAM[0m
[0;32mI (605) heap_init: At 4009B040 len 00004FC0 (19 KiB): IRAM[0m
[0;32mI (611) spi_flash: detected chip: generic[0m
[0;32mI (613) spi_flash: flash io: dio[0m
[0;32mI (618) coexist: coex firmware version: 49a8cdc[0m
[0;32mI (621) main_task: Started on CPU0[0m
[0;32mI (631) main_task: Calling app_main()[0m

abort() was called at PC 0x401622db on core 0


Backtrace: 0x40081c51:0x3ffbbab0 0x40092aa5:0x3ffbbad0 0x40099041:0x3ffbbaf0 0x401622db:0x3ffbbb60 0x40162310:0x3ffbbb80 0x401623eb:0x3ffbbba0 0x400d98f1:0x3ffbbbc0 0x40199473:0x3ffbbc50 0x400934a1:0x3ffbbc80




ELF file SHA256: 143d9dc2a

Rebooting...
ets Jul 29 2019 12:21:46

rst:0xc (SW_CPU_RESET),boot:0x13 (SPI_FAST_FLASH_BOOT)
configsip: 0, SPIWP:0xee
clk_drv:0x00,q_drv:0x00,d_drv:0x00,cs0_drv:0x00,hd_drv:0x00,wp_drv:0x00
mode:DIO, clock div:2
load:0x3fff0030,len:6276
load:0x40078000,len:15716
load:0x40080400,len:4
ho 8 tail 4 room 4
load:0x40080404,len:3860
entry 0x4008063c
[0;32mI (31) boot: ESP-IDF v5.4 2nd stage bootloader[0m
[0;32mI (31) boot: compile time Jan 15 2025 15:44:16[0m
[0;32mI (31) boot: Multicore bootloader[0m
[0;32mI (32) boot: chip revision: v3.1[0m
[0;32mI (35) boot.esp32: SPI Speed      : 40MHz[0m
[0;32mI (39) boot.esp32: SPI Mode       : DIO[0m
[0;32mI (42) boot.esp32: SPI Flash Size : 4MB[0m
[0;32mI (46) boot: Enabling RNG early entropy source...[0m
[0;32mI (50) boot: Partition Table:[0m
[0;32mI (53) boot: ## Label            Usage          Type ST Offset   Length[0m
[0;32mI (59) boot:  0 nvs              WiFi data        01 02 00009000 00006000[0m
[0;32mI (66) boot:  1 phy_init         RF data          01 01 0000f000 00001000[0m
[0;32mI (72) boot:  2 factory          factory app      00 00 00010000 00177000[0m
[0;32mI (79) boot: End of partition table[0m
[0;32mI (82) esp_image: segment 0: paddr=00010020 vaddr=3f400020 size=33bf8h (211960) map[0m
[0;32mI (162) esp_image: segment 1: paddr=00043c20 vaddr=3ff80000 size=0001ch (    28) load[0m
[0;32mI (162) esp_image: segment 2: paddr=00043c44 vaddr=3ffbdb60 size=04cc8h ( 19656) load[0m
[0;32mI (173) esp_image: segment 3: paddr=00048914 vaddr=40080000 size=07704h ( 30468) load[0m
[0;32mI (185) esp_image: segment 4: paddr=00050020 vaddr=400d0020 size=cb0e0h (831712) map[0m
[0;32mI (470) esp_image: segment 5: paddr=0011b108 vaddr=40087704 size=1393ch ( 80188) load[0m
[0;32mI (514) boot: Loaded app from partition at offset 0x10000[0m
[0;32mI (514) boot: Disabling RNG early entropy source...[0m
[0;32mI (525) cpu_start: Multicore app[0m
[0;32mI (533) cpu_start: Pro cpu start user code[0m
[0;32mI (533) cpu_start: cpu freq: 240000000 Hz[0m
[0;32mI (533) app_init: Application information:[0m
[0;32mI (533) app_init: Project name:     esp32cam-car[0m
[0;32mI (538) app_init: App version:      c3ec36d7-dirty[0m
[0;32mI (542) app_init: Compile time:     Jan 15 2025 15:44:11[0m
[0;32mI (547) app_init: ELF file SHA256:  143d9dc2a...[0m
[0;32mI (551) app_init: ESP-IDF:          v5.4[0m
[0;32mI (555) efuse_init: Min chip rev:     v0.0[0m
[0;32mI (559) efuse_init: Max chip rev:     v3.99 [0m
[0;32mI (563) efuse_init: Chip rev:         v3.1[0m
[0;32mI (567) heap_init: Initializing. RAM available for dynamic allocation:[0m
[0;32mI (573) heap_init: At 3FFAFF10 len 000000F0 (0 KiB): DRAM[0m
[0;32mI (578) heap_init: At 3FFB6388 len 00001C78 (7 KiB): DRAM[0m
[0;32mI (583) heap_init: At 3FFB9A20 len 00004108 (16 KiB): DRAM[0m
[0;32mI (588) heap_init: At 3FFD0D18 len 0000F2E8 (60 KiB): DRAM[0m
[0;32mI (594) heap_init: At 3FFE0440 len 00003AE0 (14 KiB): D/IRAM[0m
[0;32mI (599) heap_init: At 3FFE4350 len 0001BCB0 (111 KiB): D/IRAM[0m
[0;32mI (605) heap_init: At 4009B040 len 00004FC0 (19 KiB): IRAM[0m
[0;32mI (611) spi_flash: detected chip: generic[0m
[0;32mI (613) spi_flash: flash io: dio[0m
[0;32mI (618) coexist: coex firmware version: 49a8cdc[0m
[0;32mI (621) main_task: Started on CPU0[0m
[0;32mI (631) main_task: Calling app_main()[0m

abort() was called at PC 0x401622db on core 0


Backtrace: 0x40081c51:0x3ffbbab0 0x40092aa5:0x3ffbbad0 0x40099041:0x3ffbbaf0 0x401622db:0x3ffbbb60 0x40162310:0x3ffbbb80 0x401623eb:0x3ffbbba0 0x400d98f1:0x3ffbbbc0 0x40199473:0x3ffbbc50 0x400934a1:0x3ffbbc80




ELF file SHA256: 143d9dc2a

Rebooting...
ets Jul 29 2019 12:21:46

rst:0xc (SW_CPU_RESET),boot:0x13 (SPI_FAST_FLASH_BOOT)
configsip: 0, SPIWP:0xee
clk_drv:0x00,q_drv:0x00,d_drv:0x00,cs0_drv:0x00,hd_drv:0x00,wp_drv:0x00
mode:DIO, clock div:2
load:0x3fff0030,len:6276
load:0x40078000,len:15716
load:0x40080400,len:4
ho 8 tail 4 room 4
load:0x40080404,len:3860
entry 0x4008063c
[0;32mI (31) boot: ESP-IDF v5.4 2nd stage bootloader[0m
[0;32mI (31) boot: compile time Jan 15 2025 15:44:16[0m
[0;32mI (31) boot: Multicore bootloader[0m
[0;32mI (32) boot: chip revision: v3.1[0m
[0;32mI (35) boot.esp32: SPI Speed      : 40MHz[0m
[0;32mI (39) boot.esp32: SPI Mode       : DIO[0m
[0;32mI (42) boot.esp32: SPI Flash Size : 4MB[0m
[0;32mI (46) boot: Enabling RNG early entropy source...[0m
[0;32mI (50) boot: Partition Table:[0m
[0;32mI (53) boot: ## Label            Usage          Type ST Offset   Length[0m
[0;32mI (59) boot:  0 nvs              WiFi data        01 02 00009000 00006000[0m
[0;32mI (66) boot:  1 phy_init         RF data          01 01 0000f000 00001000[0m
[0;32mI (72) boot:  2 factory          factory app      00 00 00010000 00177000[0m
[0;32mI (79) boot: End of partition table[0m
[0;32mI (82) esp_image: segment 0: paddr=00010020 vaddr=3f400020 size=33bf8h (211960) map[0m
[0;32mI (162) esp_image: segment 1: paddr=00043c20 vaddr=3ff80000 size=0001ch (    28) load[0m
[0;32mI (162) esp_image: segment 2: paddr=00043c44 vaddr=3ffbdb60 size=04cc8h ( 19656) load[0m
[0;32mI (173) esp_image: segment 3: paddr=00048914 vaddr=40080000 size=07704h ( 30468) load[0m
[0;32mI (185) esp_image: segment 4: paddr=00050020 vaddr=400d0020 size=cb0e0h (831712) map[0m
