ÔøΩÔøΩ—Å4: paddr=00030ÔøΩets Jul 29 2019 12:21:46

rst:0x1 (POWERON_RESET),boot:0x13 (SPI_FAST_FLASH_BOOT)
configsip: 0, SPIWP:0xee
clk_drv:0x00,q_drv:0x00,d_drv:0x00,cs0_drv:0x00,hd_drv:0x00,wp_drv:0x00
mode:DIO, clock div:2
load:0x3fff0030,len:6276
load:0x40078000,len:15716
load:0x40080400,len:4
ho 8 tail 4 room 4
load:0x40080404,len:3860
entry 0x4008063c
[0;32mI (31) boot: ESP-IDF v5.4 2nd stage bootloader[0m
[0;32mI (31) boot: compile time Jan 15 2025 14:18:12[0m
[0;32mI (31) boot: Multicore bootloader[0m
[0;32mI (32) boot: chip revision: v3.1[0m
[0;32mI (35) boot.esp32: SPI Speed      : 40MHz[0m
[0;32mI (39) boot.esp32: SPI Mode       : DIO[0m
[0;32mI (42) boot.esp32: SPI Flash Size : 2MB[0m
[0;32mI (46) boot: Enabling RNG early entropy source...[0m
[0;32mI (50) boot: Partition Table:[0m
[0;32mI (53) boot: ## Label            Usage          Type ST Offset   Length[0m
[0;32mI (59) boot:  0 nvs              WiFi data        01 02 00009000 00006000[0m
[0;32mI (66) boot:  1 phy_init         RF data          01 01 0000f000 00001000[0m
[0;32mI (72) boot:  2 factory          factory app      00 00 00010000 00100000[0m
[0;32mI (79) boot: End of partition table[0m
[0;32mI (82) esp_image: segment 0: paddr=00010020 vaddr=3f400020 size=1ac4ch (109644) map[0m
[0;32mI (127) esp_image: segment 1: paddr=0002ac74 vaddr=3ff80000 size=0001ch (    28) load[0m
[0;32mI (127) esp_image: segment 2: paddr=0002ac98 vaddr=3ffbdb60 size=04b5ch ( 19292) load[0m
[0;32mI (138) esp_image: segment 3: paddr=0002f7fc vaddr=40080000 size=0081ch (  2076) load[0m
[0;32mI (140) esp_image: segment 4: paddr=00030020 vaddr=400d0020 size=6ab54h (437076) map[0m
[0;32mI (295) esp_image: segment 5: paddr=0009ab7c vaddr=4008081c size=181d8h ( 98776) load[0m
[0;32mI (346) boot: Loaded app from partition at offset 0x10000[0m
[0;32mI (346) boot: Disabling RNG early entropy source...[0m
[0;32mI (357) cpu_start: Multicore app[0m
[0;32mI (365) cpu_start: Pro cpu start user code[0m
[0;32mI (365) cpu_start: cpu freq: 160000000 Hz[0m
[0;32mI (365) app_init: Application information:[0m
[0;32mI (365) app_init: Project name:     esp32-car[0m
[0;32mI (369) app_init: App version:      c3ec36d7-dirty[0m
[0;32mI (374) app_init: Compile time:     Jan 15 2025 14:18:07[0m
[0;32mI (379) app_init: ELF file SHA256:  e48297e21...[0m
[0;32mI (383) app_init: ESP-IDF:          v5.4[0m
[0;32mI (387) efuse_init: Min chip rev:     v0.0[0m
[0;32mI (390) efuse_init: Max chip rev:     v3.99 [0m
[0;32mI (394) efuse_init: Chip rev:         v3.1[0m
[0;32mI (399) heap_init: Initializing. RAM available for dynamic allocation:[0m
[0;32mI (405) heap_init: At 3FFAFF10 len 000000F0 (0 KiB): DRAM[0m
[0;32mI (410) heap_init: At 3FFB6388 len 00001C78 (7 KiB): DRAM[0m
[0;32mI (415) heap_init: At 3FFB9A20 len 00004108 (16 KiB): DRAM[0m
[0;32mI (420) heap_init: At 3FFC8F88 len 00017078 (92 KiB): DRAM[0m
[0;32mI (425) heap_init: At 3FFE0440 len 00003AE0 (14 KiB): D/IRAM[0m
[0;32mI (431) heap_init: At 3FFE4350 len 0001BCB0 (111 KiB): D/IRAM[0m
[0;32mI (436) heap_init: At 400989F4 len 0000760C (29 KiB): IRAM[0m
[0;32mI (443) spi_flash: detected chip: generic[0m
[0;32mI (445) spi_flash: flash io: dio[0m
[0;33mW (448) spi_flash: Detected size(4096k) larger than the size in the binary image header(2048k). Using the size in the binary image header.[0m
[0;32mI (461) coexist: coex firmware version: 49a8cdc[0m
[0;32mI (465) main_task: Started on CPU0[0m
[0;32mI (475) main_task: Calling app_main()[0m
[0;32mI (485) BTDM_INIT: BT controller compile version [20b459d][0m
[0;32mI (485) BTDM_INIT: Bluetooth MAC: c8:2e:18:25:e0:82[0m
[1;31mE (485) SPP_ACCEPTOR_DEMO: app_main enable controller failed: ESP_ERR_INVALID_ARG[0m
[0;32mI (485) main_task: Returned from app_main()[0m
