) load
[0;32mI (156) ï¿½ets Jul 29 2019 12:21:46[0m

rst:0x1 (POWERON_RESET),boot:0x13 (SPI_FAST_FLASH_BOOT)
configsip: 0, SPIWP:0xee
clk_drv:0x00,q_drv:0x00,d_drv:0x00,cs0_drv:0x00,hd_drv:0x00,wp_drv:0x00
mode:DIO, clock div:2
load:0x3fff0030,len:6276
load:0x40078000,len:15716
load:0x40080400,len:4
ho 8 tail 4 room 4
load:0x40080404,len:3860
entry 0x4008063c
[0;32mI (31) boot: ESP-IDF v5.4 2nd stage bootloader[0m
[0;32mI (31) boot: compile time Jan 15 2025 16:42:21[0m
[0;32mI (31) boot: Multicore bootloader[0m
[0;32mI (32) boot: chip revision: v3.1[0m
[0;32mI (35) boot.esp32: SPI Speed      : 40MHz[0m
[0;32mI (39) boot.esp32: SPI Mode       : DIO[0m
[0;32mI (42) boot.esp32: SPI Flash Size : 4MB[0m
[0;32mI (46) boot: Enabling RNG early entropy source...[0m
[0;32mI (50) boot: Partition Table:[0m
[0;32mI (53) boot: ## Label            Usage          Type ST Offset   Length[0m
[0;32mI (59) boot:  0 nvs              WiFi data        01 02 00009000 00006000[0m
[0;32mI (66) boot:  1 phy_init         RF data          01 01 0000f000 00001000[0m
[0;32mI (72) boot:  2 factory          factory app      00 00 00010000 00177000[0m
[0;32mI (79) boot: End of partition table[0m
[0;32mI (82) esp_image: segment 0: paddr=00010020 vaddr=3f400020 size=2f6ach (194220) map[0m
[0;32mI (156) esp_image: segment 1: paddr=0003f6d4 vaddr=3ff80000 size=0001ch (    28) load[0m
[0;32mI (156) esp_image: segment 2: paddr=0003f6f8 vaddr=3ffbdb60 size=00920h (  2336) load[0m
[0;32mI (161) esp_image: segment 3: paddr=00040020 vaddr=400d0020 size=c9038h (823352) map[0m
[0;32mI (449) esp_image: segment 4: paddr=00109060 vaddr=3ffbe480 size=04398h ( 17304) load[0m
[0;32mI (455) esp_image: segment 5: paddr=0010d400 vaddr=40080000 size=1afd8h (110552) load[0m
[0;32mI (511) boot: Loaded app from partition at offset 0x10000[0m
[0;32mI (511) boot: Disabling RNG early entropy source...[0m
[0;32mI (522) cpu_start: Multicore app[0m
[0;32mI (530) cpu_start: Pro cpu start user code[0m
[0;32mI (530) cpu_start: cpu freq: 160000000 Hz[0m
[0;32mI (530) app_init: Application information:[0m
[0;32mI (531) app_init: Project name:     esp32-car[0m
[0;32mI (535) app_init: App version:      2e9b2e66-dirty[0m
[0;32mI (539) app_init: Compile time:     Jan 15 2025 16:42:13[0m
[0;32mI (544) app_init: ELF file SHA256:  32d17651d...[0m
[0;32mI (548) app_init: ESP-IDF:          v5.4[0m
[0;32mI (552) efuse_init: Min chip rev:     v0.0[0m
[0;32mI (556) efuse_init: Max chip rev:     v3.99 [0m
[0;32mI (560) efuse_init: Chip rev:         v3.1[0m
[0;32mI (564) heap_init: Initializing. RAM available for dynamic allocation:[0m
[0;32mI (570) heap_init: At 3FFAFF10 len 000000F0 (0 KiB): DRAM[0m
[0;32mI (575) heap_init: At 3FFB6388 len 00001C78 (7 KiB): DRAM[0m
[0;32mI (580) heap_init: At 3FFB9A20 len 00004108 (16 KiB): DRAM[0m
[0;32mI (585) heap_init: At 3FFD0CC8 len 0000F338 (60 KiB): DRAM[0m
[0;32mI (591) heap_init: At 3FFE0440 len 00003AE0 (14 KiB): D/IRAM[0m
[0;32mI (596) heap_init: At 3FFE4350 len 0001BCB0 (111 KiB): D/IRAM[0m
[0;32mI (602) heap_init: At 4009AFD8 len 00005028 (20 KiB): IRAM[0m
[0;32mI (608) spi_flash: detected chip: generic[0m
[0;32mI (610) spi_flash: flash io: dio[0m
[0;32mI (614) coexist: coex firmware version: 49a8cdc[0m
[0;32mI (619) main_task: Started on CPU0[0m
[0;32mI (629) main_task: Calling app_main()[0m
[0;32mI (639) BTDM_INIT: BT controller compile version [20b459d][0m
[0;32mI (639) BTDM_INIT: Bluetooth MAC: c8:2e:18:25:e0:82[0m
[0;32mI (639) phy_init: phy_version 4840,02e0d70,Sep  2 2024,19:39:07[0m
[0;33mW (639) phy_init: failed to load RF calibration data (0x1102), falling back to full calibration[0m
[0;33mW (719) phy_init: saving new calibration data because of checksum failure, mode(2)[0m
[0;32mI (1329) SPP_ACCEPTOR_DEMO: Own address:[c8:2e:18:25:e0:82][0m
[0;32mI (1329) main_task: Returned from app_main()[0m
[0;32mI (1349) SPP_ACCEPTOR_DEMO: event: 10[0m
[0;32mI (1349) SPP_ACCEPTOR_DEMO: ESP_SPP_INIT_EVT[0m
[0;32mI (1359) SPP_ACCEPTOR_DEMO: ESP_SPP_START_EVT handle:129 sec_id:55 scn:1[0m
[0;32mI (1359) SPP_ACCEPTOR_DEMO: event: 10[0m
