9) esp_image: sï¿½ets Jul 29 2019 12:21:46

rst:0x1 (POWERON_RESET),boot:0x13 (SPI_FAST_FLASH_BOOT)
configsip: 0, SPIWP:0xee
clk_drv:0x00,q_drv:0x00,d_drv:0x00,cs0_drv:0x00,hd_drv:0x00,wp_drv:0x00
mode:DIO, clock div:1
load:0x3fff0030,len:6276
load:0x40078000,len:15724
load:0x40080400,len:4
load:0x40080404,len:3860
entry 0x4008063c
[0;32mI (29) boot: ESP-IDF v5.4-dirty 2nd stage bootloader[0m
[0;32mI (29) boot: compile time Jan 10 2025 11:50:12[0m
[0;32mI (29) boot: Multicore bootloader[0m
[0;32mI (31) boot: chip revision: v3.1[0m
[0;32mI (34) boot.esp32: SPI Speed      : 80MHz[0m
[0;32mI (38) boot.esp32: SPI Mode       : DIO[0m
[0;32mI (41) boot.esp32: SPI Flash Size : 4MB[0m
[0;32mI (45) boot: Enabling RNG early entropy source...[0m
[0;32mI (49) boot: Partition Table:[0m
[0;32mI (52) boot: ## Label            Usage          Type ST Offset   Length[0m
[0;32mI (58) boot:  0 nvs              WiFi data        01 02 00009000 00006000[0m
[0;32mI (65) boot:  1 phy_init         RF data          01 01 0000f000 00001000[0m
[0;32mI (71) boot:  2 factory          factory app      00 00 00010000 00177000[0m
[0;32mI (78) boot: End of partition table[0m
[0;32mI (81) esp_image: segment 0: paddr=00010020 vaddr=3f400020 size=346ach (214700) map[0m
[0;32mI (149) esp_image: segment 1: paddr=000446d4 vaddr=3ff80000 size=0001ch (    28) load[0m
[0;32mI (149) esp_image: segment 2: paddr=000446f8 vaddr=3ffbdb60 size=0506ch ( 20588) load[0m
[0;32mI (159) esp_image: segment 3: paddr=0004976c vaddr=40080000 size=068ach ( 26796) load[0m
[0;32mI (169) esp_image: segment 4: paddr=00050020 vaddr=400d0020 size=d67fch (878588) map[0m
[0;32mI (417) esp_image: segment 5: paddr=00126824 vaddr=400868ac size=13934h ( 80180) load[0m
[0;32mI (456) boot: Loaded app from partition at offset 0x10000[0m
[0;32mI (456) boot: Disabling RNG early entropy source...[0m
[0;32mI (467) cpu_start: Multicore app[0m
[0;32mI (475) cpu_start: Pro cpu start user code[0m
[0;32mI (475) cpu_start: cpu freq: 160000000 Hz[0m
[0;32mI (475) app_init: Application information:[0m
[0;32mI (475) app_init: Project name:     esp32-car[0m
[0;32mI (479) app_init: App version:      a52380da-dirty[0m
[0;32mI (484) app_init: Compile time:     Jan 11 2025 16:14:26[0m
[0;32mI (489) app_init: ELF file SHA256:  6b38a968a...[0m
[0;32mI (493) app_init: ESP-IDF:          v5.4-dirty[0m
[0;32mI (497) efuse_init: Min chip rev:     v0.0[0m
[0;32mI (501) efuse_init: Max chip rev:     v3.99 [0m
[0;32mI (505) efuse_init: Chip rev:         v3.1[0m
[0;32mI (509) heap_init: Initializing. RAM available for dynamic allocation:[0m
[0;32mI (515) heap_init: At 3FFAFF10 len 000000F0 (0 KiB): DRAM[0m
[0;32mI (520) heap_init: At 3FFB6388 len 00001C78 (7 KiB): DRAM[0m
[0;32mI (525) heap_init: At 3FFB9A20 len 00004108 (16 KiB): DRAM[0m
[0;32mI (531) heap_init: At 3FFD29E0 len 0000D620 (53 KiB): DRAM[0m
[0;32mI (536) heap_init: At 3FFE0440 len 00003AE0 (14 KiB): D/IRAM[0m
[0;32mI (541) heap_init: At 3FFE4350 len 0001BCB0 (111 KiB): D/IRAM[0m
[0;32mI (547) heap_init: At 4009A1E0 len 00005E20 (23 KiB): IRAM[0m
[0;32mI (553) spi_flash: detected chip: generic[0m
[0;32mI (556) spi_flash: flash io: dio[0m
[0;32mI (559) coexist: coex firmware version: 49a8cdc[0m
[0;32mI (564) main_task: Started on CPU0[0m
[0;32mI (574) main_task: Calling app_main()[0m
[0;32mI (574) BTDM_INIT: BT controller compile version [20b459d][0m
[0;32mI (584) BTDM_INIT: Bluetooth MAC: c8:2e:18:25:e0:82[0m
[0;32mI (584) phy_init: phy_version 4840,02e0d70,Sep  2 2024,19:39:07[0m
[0;33mW (584) phy_init: failed to load RF calibration data (0x1102), falling back to full calibration[0m
[0;33mW (664) phy_init: saving new calibration data because of checksum failure, mode(2)[0m
[0;32mI (1294) SPP_ACCEPTOR_DEMO: event: 10[0m
[0;32mI (1294) SPP_ACCEPTOR_DEMO: ESP_SPP_INIT_EVT[0m
[0;32mI (1304) SPP_ACCEPTOR_DEMO: ESP_SPP_START_EVT handle:129 sec_id:55 scn:1[0m
[0;32mI (1304) SPP_ACCEPTOR_DEMO: event: 10[0m
[0;32mI (1304) SPP_ACCEPTOR_DEMO: Own address:[c8:2e:18:25:e0:82][0m
[0;32mI (1304) main_task: Returned from app_main()[0m
[0;33mW (27884) BT_HCI: hcif conn complete: hdl 0x80, st 0x0[0m
[0;32mI (27884) SPP_ACCEPTOR_DEMO: event: 16[0m
[0;33mW (27954) BT_HCI: hcif link supv_to changed: hdl 0x80, supv_to 8000[0m
[0;32mI (28064) SPP_ACCEPTOR_DEMO: ESP_BT_GAP_PIN_REQ_EVT min_16_digit:0[0m
[0;32mI (28064) SPP_ACCEPTOR_DEMO: Input pin code: 8888[0m
[0;32mI (35294) SPP_ACCEPTOR_DEMO: authentication success: Xiaomi 13T bda:[a4:cc:b3:9e:59:6d][0m
[0;32mI (35344) SPP_ACCEPTOR_DEMO: event: 21[0m
[0;33mW (35364) BT_APPL: new conn_srvc id:26, app_id:255[0m
[0;32mI (35374) SPP_ACCEPTOR_DEMO: ESP_SPP_SRV_OPEN_EVT status:0 handle:129, rem_bda:[a4:cc:b3:9e:59:6d][0m
[0;33mW (38744) BT_RFCOMM: port_rfc_closed RFCOMM connection in server:1 state 2 closed: Closed (res: 19)[0m
[0;32mI (38744) SPP_ACCEPTOR_DEMO: ESP_SPP_CLOSE_EVT status:0 handle:129 close_by_remote:1[0m
[0;33mW (38754) BT_RFCOMM: rfc_find_lcid_mcb LCID reused LCID:0x41 current:0x0[0m
[0;33mW (38754) BT_RFCOMM: RFCOMM_DisconnectInd LCID:0x41[0m
[0;33mW (41424) BT_APPL: new conn_srvc id:26, app_id:255[0m
[0;32mI (41424) SPP_ACCEPTOR_DEMO: ESP_SPP_SRV_OPEN_EVT status:0 handle:385, rem_bda:[a4:cc:b3:9e:59:6d][0m
[0;33mW (46464) BT_HCI: hcif mode change: hdl 0x80, mode 2, intv 792, status 0x0[0m
[0;32mI (46464) SPP_ACCEPTOR_DEMO: ESP_BT_GAP_MODE_CHG_EVT mode:2 bda:[a4:cc:b3:9e:59:6d][0m
[0;33mW (51174) BT_HCI: hcif mode change: hdl 0x80, mode 0, intv 0, status 0x0[0m
[0;32mI (51174) SPP_ACCEPTOR_DEMO: ESP_BT_GAP_MODE_CHG_EVT mode:0 bda:[a4:cc:b3:9e:59:6d][0m
[0;33mW (51284) BT_RFCOMM: port_rfc_closed RFCOMM connection in server:1 state 2 closed: Closed (res: 19)[0m
[0;32mI (51284) SPP_ACCEPTOR_DEMO: ESP_SPP_CLOSE_EVT status:0 handle:385 close_by_remote:1[0m
[0;33mW (51294) BT_RFCOMM: rfc_find_lcid_mcb LCID reused LCID:0x41 current:0x0[0m
[0;33mW (51294) BT_RFCOMM: RFCOMM_DisconnectInd LCID:0x41[0m
[0;33mW (55294) BT_HCI: hci cmd send: disconnect: hdl 0x80, rsn:0x13[0m
[0;33mW (55374) BT_HCI: hcif disc complete: hdl 0x80, rsn 0x16[0m
[0;32mI (55374) SPP_ACCEPTOR_DEMO: event: 17[0m
[0;33mW (57094) BT_HCI: hcif conn complete: hdl 0x81, st 0x0[0m
[0;32mI (57094) SPP_ACCEPTOR_DEMO: event: 16[0m
[0;33mW (57184) BT_HCI: hcif link supv_to changed: hdl 0x81, supv_to 8000[0m
[0;33mW (57664) BT_APPL: new conn_srvc id:26, app_id:255[0m
[0;32mI (57664) SPP_ACCEPTOR_DEMO: ESP_SPP_SRV_OPEN_EVT status:0 handle:129, rem_bda:[a4:cc:b3:9e:59:6d][0m
[0;33mW (62694) BT_HCI: hcif mode change: hdl 0x81, mode 2, intv 792, status 0x0[0m
[0;32mI (62694) SPP_ACCEPTOR_DEMO: ESP_BT_GAP_MODE_CHG_EVT mode:2 bda:[a4:cc:b3:9e:59:6d][0m
[0;33mW (69984) BT_HCI: hcif mode change: hdl 0x81, mode 0, intv 0, status 0x0[0m
[0;32mI (69984) SPP_ACCEPTOR_DEMO: ESP_BT_GAP_MODE_CHG_EVT mode:0 bda:[a4:cc:b3:9e:59:6d][0m
[0;32mI (70014) SPP_ACCEPTOR_DEMO: ESP_SPP_DATA_IND_EVT len:11 handle:129[0m
Guru Meditation Error: Core  0 panic'ed (StoreProhibited). Exception was unhandled.

Core  0 register dump:
PC      : 0x4000c3f5  PS      : 0x00060130  A0      : 0x8019ce7c  A1      : 0x3ffd76c0  
A2      : 0x00000000  A3      : 0x3ffdd625  A4      : 0x0000000b  A5      : 0x0000000b  
A6      : 0x0000000c  A7      : 0x00000208  A8      : 0x00000000  A9      : 0x00000000  
A10     : 0x00000052  A11     : 0x3ffb6708  A12     : 0x3ffd7954  A13     : 0x3ffd7730  
A14     : 0x3ffd7930  A15     : 0xff000000  SAR     : 0x00000004  EXCCAUSE: 0x0000001d  
EXCVADDR: 0x00000000  LBEG    : 0x400014fd  LEND    : 0x4000150d  LCOUNT  : 0xfffffffc  


Backtrace: 0x4000c3f2:0x3ffd76c0 0x4019ce79:0x3ffd76e0 0x4019263d:0x3ffd7710 0x4018d157:0x3ffd7a30 0x400d967e:0x3ffd7af0 0x400dce19:0x3ffd7b40 0x400de162:0x3ffd7b60 0x4010bcc9:0x3ffd7c40 0x4010e477:0x3ffd7c60 0x400926a9:0x3ffd7c90




ELF file SHA256: 6b38a968a

Rebooting...
ets Jul 29 2019 12:21:46

rst:0xc (SW_CPU_RESET),boot:0x13 (SPI_FAST_FLASH_BOOT)
configsip: 0, SPIWP:0xee
clk_drv:0x00,q_drv:0x00,d_drv:0x00,cs0_drv:0x00,hd_drv:0x00,wp_drv:0x00
mode:DIO, clock div:1
load:0x3fff0030,len:6276
load:0x40078000,len:15724
load:0x40080400,len:4
load:0x40080404,len:3860
entry 0x4008063c
[0;32mI (29) boot: ESP-IDF v5.4-dirty 2nd stage bootloader[0m
[0;32mI (29) boot: compile time Jan 10 2025 11:50:12[0m
[0;32mI (29) boot: Multicore bootloader[0m
[0;32mI (31) boot: chip revision: v3.1[0m
[0;32mI (34) boot.esp32: SPI Speed      : 80MHz[0m
[0;32mI (38) boot.esp32: SPI Mode       : DIO[0m
[0;32mI (41) boot.esp32: SPI Flash Size : 4MB[0m
[0;32mI (45) boot: Enabling RNG early entropy source...[0m
[0;32mI (49) boot: Partition Table:[0m
[0;32mI (52) boot: ## Label            Usage          Type ST Offset   Length[0m
[0;32mI (58) boot:  0 nvs              WiFi data        01 02 00009000 00006000[0m
[0;32mI (65) boot:  1 phy_init         RF data          01 01 0000f000 00001000[0m
[0;32mI (71) boot:  2 factory          factory app      00 00 00010000 00177000[0m
[0;32mI (78) boot: End of partition table[0m
[0;32mI (81) esp_image: segment 0: paddr=00010020 vaddr=3f400020 size=346ach (214700) map[0m
[0;32mI (149) esp_image: segment 1: paddr=000446d4 vaddr=3ff80000 size=0001ch (    28) load[0m
[0;32mI (149) esp_image: segment 2: paddr=000446f8 vaddr=3ffbdb60 size=0506ch ( 20588) load[0m
[0;32mI (159) esp_image: segment 3: paddr=0004976c vaddr=40080000 size=068ach ( 26796) load[0m
[0;32mI (169) esp_image: segment 4: paddr=00050020 vaddr=400d0020 size=d67fch (878588) map[0m
[0;32mI (417) esp_image: segment 5: paddr=00126824 vaddr=400868ac size=13934h ( 80180) load[0m
[0;32mI (456) boot: Loaded app from partition at offset 0x10000[0m
[0;32mI (456) boot: Disabling RNG early entropy source...[0m
[0;32mI (467) cpu_start: Multicore app[0m
[0;32mI (475) cpu_start: Pro cpu start user code[0m
[0;32mI (475) cpu_start: cpu freq: 160000000 Hz[0m
[0;32mI (475) app_init: Application information:[0m
[0;32mI (475) app_init: Project name:     esp32-car[0m
[0;32mI (479) app_init: App version:      a52380da-dirty[0m
[0;32mI (484) app_init: Compile time:     Jan 11 2025 16:14:26[0m
[0;32mI (489) app_init: ELF file SHA256:  6b38a968a...[0m
[0;32mI (493) app_init: ESP-IDF:          v5.4-dirty[0m
[0;32mI (497) efuse_init: Min chip rev:     v0.0[0m
[0;32mI (501) efuse_init: Max chip rev:     v3.99 [0m
[0;32mI (505) efuse_init: Chip rev:         v3.1[0m
[0;32mI (509) heap_init: Initializing. RAM available for dynamic allocation:[0m
[0;32mI (515) heap_init: At 3FFAFF10 len 000000F0 (0 KiB): DRAM[0m
[0;32mI (520) heap_init: At 3FFB6388 len 00001C78 (7 KiB): DRAM[0m
[0;32mI (525) heap_init: At 3FFB9A20 len 00004108 (16 KiB): DRAM[0m
[0;32mI (531) heap_init: At 3FFD29E0 len 0000D620 (53 KiB): DRAM[0m
[0;32mI (536) heap_init: At 3FFE0440 len 00003AE0 (14 KiB): D/IRAM[0m
[0;32mI (541) heap_init: At 3FFE4350 len 0001BCB0 (111 KiB): D/IRAM[0m
[0;32mI (547) heap_init: At 4009A1E0 len 00005E20 (23 KiB): IRAM[0m
[0;32mI (553) spi_flash: detected chip: generic[0m
[0;32mI (556) spi_flash: flash io: dio[0m
[0;32mI (559) coexist: coex firmware version: 49a8cdc[0m
[0;32mI (563) main_task: Started on CPU0[0m
[0;32mI (573) main_task: Calling app_main()[0m
[0;32mI (583) BTDM_INIT: BT controller compile version [20b459d][0m
[0;32mI (583) BTDM_INIT: Bluetooth MAC: c8:2e:18:25:e0:82[0m
[0;32mI (583) phy_init: phy_version 4840,02e0d70,Sep  2 2024,19:39:07[0m
[0;33mW (663) phy_init: saving new calibration data because of checksum failure, mode(0)[0m
[0;32mI (1263) SPP_ACCEPTOR_DEMO: ESP_SPP_INIT_EVT[0m
[0;32mI (1263) SPP_ACCEPTOR_DEMO: ESP_SPP_START_EVT handle:129 sec_id:55 scn:1[0m
[0;32mI (1273) SPP_ACCEPTOR_DEMO: event: 10[0m
[0;32mI (1273) SPP_ACCEPTOR_DEMO: Own address:[c8:2e:18:25:e0:82][0m
[0;32mI (1273) main_task: Returned from app_main()[0m
[0;33mW (26523) BT_HCI: hcif conn complete: hdl 0x80, st 0x0[0m
[0;32mI (26523) SPP_ACCEPTOR_DEMO: event: 16[0m
[0;33mW (26533) BT_HCI: hcif link supv_to changed: hdl 0x80, supv_to 8000[0m
[0;32mI (26783) SPP_ACCEPTOR_DEMO: event: 21[0m
[0;33mW (26813) BT_APPL: new conn_srvc id:26, app_id:255[0m
[0;32mI (26823) SPP_ACCEPTOR_DEMO: ESP_SPP_SRV_OPEN_EVT status:0 handle:129, rem_bda:[a4:cc:b3:9e:59:6d][0m
[0;32mI (28323) SPP_ACCEPTOR_DEMO: ESP_SPP_DATA_IND_EVT len:11 handle:129[0m
Guru Meditation Error: Core  0 panic'ed (StoreProhibited). Exception was unhandled.

Core  0 register dump:
PC      : 0x4000c3f5  PS      : 0x00060130  A0      : 0x8019ce7c  A1      : 0x3ffd76c0  
A2      : 0x00000000  A3      : 0x3ffdcf99  A4      : 0x0000000b  A5      : 0x0000000b  
A6      : 0x00000003  A7      : 0x00000208  A8      : 0x00000000  A9      : 0x00000000  
A10     : 0x00000052  A11     : 0x00000000  A12     : 0x8008337c  A13     : 0x3ffbf0e0  
A14     : 0x00000004  A15     : 0x00060624  SAR     : 0x00000004  EXCCAUSE: 0x0000001d  
EXCVADDR: 0x00000000  LBEG    : 0x400014fd  LEND    : 0x4000150d  LCOUNT  : 0xfffffffc  


Backtrace: 0x4000c3f2:0x3ffd76c0 0x4019ce79:0x3ffd76e0 0x4019263d:0x3ffd7710 0x4018d157:0x3ffd7a30 0x400d967e:0x3ffd7af0 0x400dce19:0x3ffd7b40 0x400de162:0x3ffd7b60 0x4010bcc9:0x3ffd7c40 0x4010e477:0x3ffd7c60 0x400926a9:0x3ffd7c90




ELF file SHA256: 6b38a968a

Rebooting...
ets Jul 29 2019 12:21:46

rst:0xc (SW_CPU_RESET),boot:0x13 (SPI_FAST_FLASH_BOOT)
configsip: 0, SPIWP:0xee
clk_drv:0x00,q_drv:0x00,d_drv:0x00,cs0_drv:0x00,hd_drv:0x00,wp_drv:0x00
mode:DIO, clock div:1
load:0x3fff0030,len:6276
load:0x40078000,len:15724
load:0x40080400,len:4
load:0x40080404,len:3860
entry 0x4008063c
[0;32mI (29) boot: ESP-IDF v5.4-dirty 2nd stage bootloader[0m
[0;32mI (29) boot: compile time Jan 10 2025 11:50:12[0m
[0;32mI (29) boot: Multicore bootloader[0m
[0;32mI (31) boot: chip revision: v3.1[0m
[0;32mI (34) boot.esp32: SPI Speed      : 80MHz[0m
[0;32mI (38) boot.esp32: SPI Mode       : DIO[0m
[0;32mI (41) boot.esp32: SPI Flash Size : 4MB[0m
[0;32mI (45) boot: Enabling RNG early entropy source...[0m
[0;32mI (49) boot: Partition Table:[0m
[0;32mI (52) boot: ## Label            Usage          Type ST Offset   Length[0m
[0;32mI (58) boot:  0 nvs              WiFi data        01 02 00009000 00006000[0m
[0;32mI (65) boot:  1 phy_init         RF data          01 01 0000f000 00001000[0m
[0;32mI (71) boot:  2 factory          factory app      00 00 00010000 00177000[0m
[0;32mI (78) boot: End of partition table[0m
[0;32mI (81) esp_image: segment 0: paddr=00010020 vaddr=3f400020 size=346ach (214700) map[0m
[0;32mI (149) esp_image: segment 1: paddr=000446d4 vaddr=3ff80000 size=0001ch (    28) load[0m
[0;32mI (149) esp_image: segment 2: paddr=000446f8 vaddr=3ffbdb60 size=0506ch ( 20588) load[0m
[0;32mI (159) esp_image: segment 3: paddr=0004976c vaddr=40080000 size=068ach ( 26796) load[0m
[0;32mI (169) esp_image: segment 4: paddr=00050020 vaddr=400d0020 size=d67fch (878588) map[0m
[0;32mI (417) esp_image: segment 5: paddr=00126824 vaddr=400868ac size=13934h ( 80180) load[0m
[0;32mI (456) boot: Loaded app from partition at offset 0x10000[0m
[0;32mI (456) boot: Disabling RNG early entropy source...[0m
[0;32mI (467) cpu_start: Multicore app[0m
[0;32mI (475) cpu_start: Pro cpu start user code[0m
[0;32mI (475) cpu_start: cpu freq: 160000000 Hz[0m
[0;32mI (475) app_init: Application information:[0m
[0;32mI (475) app_init: Project name:     esp32-car[0m
[0;32mI (479) app_init: App version:      a52380da-dirty[0m
[0;32mI (484) app_init: Compile time:     Jan 11 2025 16:14:26[0m
[0;32mI (489) app_init: ELF file SHA256:  6b38a968a...[0m
[0;32mI (493) app_init: ESP-IDF:          v5.4-dirty[0m
[0;32mI (497) efuse_init: Min chip rev:     v0.0[0m
[0;32mI (501) efuse_init: Max chip rev:     v3.99 [0m
[0;32mI (505) efuse_init: Chip rev:         v3.1[0m
[0;32mI (509) heap_init: Initializing. RAM available for dynamic allocation:[0m
[0;32mI (515) heap_init: At 3FFAFF10 len 000000F0 (0 KiB): DRAM[0m
[0;32mI (520) heap_init: At 3FFB6388 len 00001C78 (7 KiB): DRAM[0m
[0;32mI (525) heap_init: At 3FFB9A20 len 00004108 (16 KiB): DRAM[0m
[0;32mI (531) heap_init: At 3FFD29E0 len 0000D620 (53 KiB): DRAM[0m
[0;32mI (536) heap_init: At 3FFE0440 len 00003AE0 (14 KiB): D/IRAM[0m
[0;32mI (541) heap_init: At 3FFE4350 len 0001BCB0 (111 KiB): D/IRAM[0m
[0;32mI (547) heap_init: At 4009A1E0 len 00005E20 (23 KiB): IRAM[0m
[0;32mI (553) spi_flash: detected chip: generic[0m
[0;32mI (556) spi_flash: flash io: dio[0m
[0;32mI (559) coexist: coex firmware version: 49a8cdc[0m
[0;32mI (563) main_task: Started on CPU0[0m
[0;32mI (573) main_task: Calling app_main()[0m
[0;32mI (583) BTDM_INIT: BT controller compile version [20b459d][0m
[0;32mI (583) BTDM_INIT: Bluetooth MAC: c8:2e:18:25:e0:82[0m
[0;32mI (583) phy_init: phy_version 4840,02e0d70,Sep  2 2024,19:39:07[0m
[0;33mW (663) phy_init: saving new calibration data because of checksum failure, mode(0)[0m
[0;32mI (1263) SPP_ACCEPTOR_DEMO: ESP_SPP_INIT_EVT[0m
[0;32mI (1273) SPP_ACCEPTOR_DEMO: ESP_SPP_START_EVT handle:129 sec_id:55 scn:1[0m
[0;32mI (1273) SPP_ACCEPTOR_DEMO: event: 10[0m
[0;32mI (1273) SPP_ACCEPTOR_DEMO: Own address:[c8:2e:18:25:e0:82][0m
[0;32mI (1273) main_task: Returned from app_main()[0m
