ï¿½ï¿½068dch ( 26844) loï¿½ets Jul 29 2019 12:21:46

rst:0x1 (POWERON_RESET),boot:0x13 (SPI_FAST_FLASH_BOOT)
configsip: 0, SPIWP:0xee
clk_drv:0x00,q_drv:0x00,d_drv:0x00,cs0_drv:0x00,hd_drv:0x00,wp_drv:0x00
mode:DIO, clock div:1
load:0x3fff0030,len:6276
load:0x40078000,len:15724
load:0x40080400,len:4
load:0x40080404,len:3860
entry 0x4008063c
[0;32mI (29) boot: ESP-IDF v5.4-dirty 2nd stage bootloader[0m
[0;32mI (29) boot: compile time Jan 10 2025 11:50:12[0m
[0;32mI (29) boot: Multicore bootloader[0m
[0;32mI (31) boot: chip revision: v3.1[0m
[0;32mI (34) boot.esp32: SPI Speed      : 80MHz[0m
[0;32mI (38) boot.esp32: SPI Mode       : DIO[0m
[0;32mI (41) boot.esp32: SPI Flash Size : 4MB[0m
[0;32mI (45) boot: Enabling RNG early entropy source...[0m
[0;32mI (49) boot: Partition Table:[0m
[0;32mI (52) boot: ## Label            Usage          Type ST Offset   Length[0m
[0;32mI (58) boot:  0 nvs              WiFi data        01 02 00009000 00006000[0m
[0;32mI (65) boot:  1 phy_init         RF data          01 01 0000f000 00001000[0m
[0;32mI (71) boot:  2 factory          factory app      00 00 00010000 00177000[0m
[0;32mI (78) boot: End of partition table[0m
[0;32mI (81) esp_image: segment 0: paddr=00010020 vaddr=3f400020 size=3467ch (214652) map[0m
[0;32mI (149) esp_image: segment 1: paddr=000446a4 vaddr=3ff80000 size=0001ch (    28) load[0m
[0;32mI (149) esp_image: segment 2: paddr=000446c8 vaddr=3ffbdb60 size=0506ch ( 20588) load[0m
[0;32mI (159) esp_image: segment 3: paddr=0004973c vaddr=40080000 size=068dch ( 26844) load[0m
[0;32mI (169) esp_image: segment 4: paddr=00050020 vaddr=400d0020 size=d5858h (874584) map[0m
[0;32mI (416) esp_image: segment 5: paddr=00125880 vaddr=400868dc size=14758h ( 83800) load[0m
[0;32mI (457) boot: Loaded app from partition at offset 0x10000[0m
[0;32mI (457) boot: Disabling RNG early entropy source...[0m
[0;32mI (467) cpu_start: Multicore app[0m
[0;32mI (475) cpu_start: Pro cpu start user code[0m
[0;32mI (475) cpu_start: cpu freq: 160000000 Hz[0m
[0;32mI (475) app_init: Application information:[0m
[0;32mI (476) app_init: Project name:     esp32-car[0m
[0;32mI (480) app_init: App version:      84e979f[0m
[0;32mI (483) app_init: Compile time:     Jan 10 2025 16:47:13[0m
[0;32mI (489) app_init: ELF file SHA256:  e7dbb7ed4...[0m
[0;32mI (493) app_init: ESP-IDF:          v5.4-dirty[0m
[0;32mI (497) efuse_init: Min chip rev:     v0.0[0m
[0;32mI (501) efuse_init: Max chip rev:     v3.99 [0m
[0;32mI (505) efuse_init: Chip rev:         v3.1[0m
[0;32mI (509) heap_init: Initializing. RAM available for dynamic allocation:[0m
[0;32mI (515) heap_init: At 3FFAFF10 len 000000F0 (0 KiB): DRAM[0m
[0;32mI (520) heap_init: At 3FFB6388 len 00001C78 (7 KiB): DRAM[0m
[0;32mI (525) heap_init: At 3FFB9A20 len 00004108 (16 KiB): DRAM[0m
[0;32mI (530) heap_init: At 3FFD29F0 len 0000D610 (53 KiB): DRAM[0m
[0;32mI (536) heap_init: At 3FFE0440 len 00003AE0 (14 KiB): D/IRAM[0m
[0;32mI (541) heap_init: At 3FFE4350 len 0001BCB0 (111 KiB): D/IRAM[0m
[0;32mI (546) heap_init: At 4009B034 len 00004FCC (19 KiB): IRAM[0m
[0;32mI (553) spi_flash: detected chip: generic[0m
[0;32mI (555) spi_flash: flash io: dio[0m
[0;32mI (559) coexist: coex firmware version: 49a8cdc[0m
[0;32mI (563) main_task: Started on CPU0[0m
[0;32mI (573) main_task: Calling app_main()[0m
[0;32mI (573) BTDM_INIT: BT controller compile version [20b459d][0m
[0;32mI (583) BTDM_INIT: Bluetooth MAC: c8:2e:18:25:e0:82[0m
[0;32mI (583) phy_init: phy_version 4840,02e0d70,Sep  2 2024,19:39:07[0m
[0;33mW (583) phy_init: failed to load RF calibration data (0x1102), falling back to full calibration[0m
[0;33mW (663) phy_init: saving new calibration data because of checksum failure, mode(2)[0m
[0;32mI (1263) SPP_ACCEPTOR_DEMO: Own address:[c8:2e:18:25:e0:82][0m
[0;32mI (1263) main_task: Returned from app_main()[0m
[0;32mI (1283) SPP_ACCEPTOR_DEMO: event: 10[0m
[0;32mI (1283) SPP_ACCEPTOR_DEMO: ESP_SPP_INIT_EVT[0m
[0;32mI (1283) SPP_ACCEPTOR_DEMO: ESP_SPP_START_EVT handle:129 sec_id:55 scn:1[0m
[0;32mI (1293) SPP_ACCEPTOR_DEMO: event: 10[0m
[0;32mI (22823) SPP_ACCEPTOR_DEMO: ESP_BT_GAP_PIN_REQ_EVT min_16_digit:0[0m
[0;32mI (22823) SPP_ACCEPTOR_DEMO: Input pin code: 1234[0m
[0;33mW (22903) BT_HCI: hcif conn complete: hdl 0x80, st 0x5[0m
[0;33mW (22903) BT_APPL: bta_gattc_mark_bg_conn unable to find the bg connection mask for: a4:cc:b3:9e:59:6d[0m
[1;31mE (22913) BT_BTC:  btc_dm_auth_cmpl_evt() Authentication fail reason 5[0m
[1;31mE (22913) SPP_ACCEPTOR_DEMO: authentication failed, status:9[0m
[0;32mI (22923) SPP_ACCEPTOR_DEMO: event: 16[0m
[0;32mI (29153) SPP_ACCEPTOR_DEMO: ESP_BT_GAP_PIN_REQ_EVT min_16_digit:0[0m
[0;32mI (29153) SPP_ACCEPTOR_DEMO: Input pin code: 1234[0m
[0;33mW (29183) BT_HCI: hcif conn complete: hdl 0x80, st 0x0[0m
[0;32mI (29183) SPP_ACCEPTOR_DEMO: event: 16[0m
[0;33mW (29213) BT_HCI: hcif link supv_to changed: hdl 0x80, supv_to 8000[0m
[0;32mI (29263) SPP_ACCEPTOR_DEMO: authentication success: Xiaomi 13T bda:[a4:cc:b3:9e:59:6d][0m
[0;33mW (33493) BT_HCI: hci cmd send: disconnect: hdl 0x80, rsn:0x13[0m
[0;33mW (33603) BT_HCI: hcif disc complete: hdl 0x80, rsn 0x16[0m
[0;32mI (33603) SPP_ACCEPTOR_DEMO: event: 17[0m
[0;32mI (1263) SPP_ACCEPTOR_DEMO: ESP_SPP_INIT_EVT[0m
[0;32mI (1263) SPP_ACCEPTOR_DEMO: ESP_SPP_START_EVT handle:129 sec_id:55 scn:1[0m
[0;32mI (1263) SPP_ACCEPTOR_DEMO: event: 10[0m
[0;32mI (1273) SPP_ACCEPTOR_DEMO: Own address:[c8:2e:18:25:e0:82][0m
[0;32mI (1273) main_task: Returned from app_main()[0m
