   28) load
[0;32mI (150)ï¿½ets Jul 29 2019 12:21:46[0m

rst:0x1 (POWERON_RESET),boot:0x13 (SPI_FAST_FLASH_BOOT)
configsip: 0, SPIWP:0xee
clk_drv:0x00,q_drv:0x00,d_drv:0x00,cs0_drv:0x00,hd_drv:0x00,wp_drv:0x00
mode:DIO, clock div:1
load:0x3fff0030,len:6276
load:0x40078000,len:15724
load:0x40080400,len:4
load:0x40080404,len:3860
entry 0x4008063c
[0;32mI (29) boot: ESP-IDF v5.4-dirty 2nd stage bootloader[0m
[0;32mI (29) boot: compile time Jan 10 2025 11:50:12[0m
[0;32mI (29) boot: Multicore bootloader[0m
[0;32mI (31) boot: chip revision: v3.1[0m
[0;32mI (34) boot.esp32: SPI Speed      : 80MHz[0m
[0;32mI (38) boot.esp32: SPI Mode       : DIO[0m
[0;32mI (41) boot.esp32: SPI Flash Size : 4MB[0m
[0;32mI (45) boot: Enabling RNG early entropy source...[0m
[0;32mI (49) boot: Partition Table:[0m
[0;32mI (52) boot: ## Label            Usage          Type ST Offset   Length[0m
[0;32mI (58) boot:  0 nvs              WiFi data        01 02 00009000 00006000[0m
[0;32mI (65) boot:  1 phy_init         RF data          01 01 0000f000 00001000[0m
[0;32mI (71) boot:  2 factory          factory app      00 00 00010000 00177000[0m
[0;32mI (78) boot: End of partition table[0m
[0;32mI (81) esp_image: segment 0: paddr=00010020 vaddr=3f400020 size=34c3ch (216124) map[0m
[0;32mI (149) esp_image: segment 1: paddr=00044c64 vaddr=3ff80000 size=0001ch (    28) load[0m
[0;32mI (150) esp_image: segment 2: paddr=00044c88 vaddr=3ffbdb60 size=0506ch ( 20588) load[0m
[0;32mI (160) esp_image: segment 3: paddr=00049cfc vaddr=40080000 size=0631ch ( 25372) load[0m
[0;32mI (169) esp_image: segment 4: paddr=00050020 vaddr=400d0020 size=d7434h (881716) map[0m
[0;32mI (418) esp_image: segment 5: paddr=0012745c vaddr=4008631c size=14d18h ( 85272) load[0m
[0;32mI (459) boot: Loaded app from partition at offset 0x10000[0m
[0;32mI (459) boot: Disabling RNG early entropy source...[0m
[0;32mI (470) cpu_start: Multicore app[0m
[0;32mI (478) cpu_start: Pro cpu start user code[0m
[0;32mI (478) cpu_start: cpu freq: 160000000 Hz[0m
[0;32mI (478) app_init: Application information:[0m
[0;32mI (478) app_init: Project name:     esp32-car[0m
[0;32mI (482) app_init: App version:      84e979f[0m
[0;32mI (486) app_init: Compile time:     Jan 10 2025 13:22:05[0m
[0;32mI (491) app_init: ELF file SHA256:  2f953baf6...[0m
[0;32mI (495) app_init: ESP-IDF:          v5.4-dirty[0m
[0;32mI (500) efuse_init: Min chip rev:     v0.0[0m
[0;32mI (503) efuse_init: Max chip rev:     v3.99 [0m
[0;32mI (507) efuse_init: Chip rev:         v3.1[0m
[0;32mI (511) heap_init: Initializing. RAM available for dynamic allocation:[0m
[0;32mI (518) heap_init: At 3FFAFF10 len 000000F0 (0 KiB): DRAM[0m
[0;32mI (523) heap_init: At 3FFB6388 len 00001C78 (7 KiB): DRAM[0m
[0;32mI (528) heap_init: At 3FFB9A20 len 00004108 (16 KiB): DRAM[0m
[0;32mI (533) heap_init: At 3FFD2A28 len 0000D5D8 (53 KiB): DRAM[0m
[0;32mI (538) heap_init: At 3FFE0440 len 00003AE0 (14 KiB): D/IRAM[0m
[0;32mI (543) heap_init: At 3FFE4350 len 0001BCB0 (111 KiB): D/IRAM[0m
[0;32mI (549) heap_init: At 4009B034 len 00004FCC (19 KiB): IRAM[0m
[0;32mI (555) spi_flash: detected chip: generic[0m
[0;32mI (558) spi_flash: flash io: dio[0m
[0;32mI (562) coexist: coex firmware version: 49a8cdc[0m
[0;32mI (566) main_task: Started on CPU0[0m
[0;32mI (576) main_task: Calling app_main()[0m
[0;32mI (576) BTDM_INIT: BT controller compile version [20b459d][0m
[0;32mI (586) BTDM_INIT: Bluetooth MAC: c8:2e:18:25:e0:82[0m
[0;32mI (586) phy_init: phy_version 4840,02e0d70,Sep  2 2024,19:39:07[0m
[0;33mW (586) phy_init: failed to load RF calibration data (0x1102), falling back to full calibration[0m
[0;33mW (666) phy_init: saving new calibration data because of checksum failure, mode(2)[0m
[0;32mI (1186) SPP_ACCEPTOR_DEMO: Own address:[c8:2e:18:25:e0:82][0m
[0;32mI (1186) main_task: Returned from app_main()[0m
[0;32mI (1206) SPP_ACCEPTOR_DEMO: event: 10[0m
[0;32mI (1206) SPP_ACCEPTOR_DEMO: ESP_SPP_INIT_EVT[0m
[0;32mI (1206) SPP_ACCEPTOR_DEMO: ESP_SPP_START_EVT handle:129 sec_id:55 scn:1[0m
[0;32mI (1216) SPP_ACCEPTOR_DEMO: event: 10[0m
[0;32mI (35016) SPP_ACCEPTOR_DEMO: ESP_BT_GAP_PIN_REQ_EVT min_16_digit:0[0m
[0;32mI (35016) SPP_ACCEPTOR_DEMO: Input pin code: 1234[0m
[0;33mW (35036) BT_HCI: hcif conn complete: hdl 0x80, st 0x0[0m
[0;32mI (35036) SPP_ACCEPTOR_DEMO: event: 16[0m
[0;33mW (35076) BT_HCI: hcif link supv_to changed: hdl 0x80, supv_to 8000[0m
[0;32mI (35076) SPP_ACCEPTOR_DEMO: authentication success: Xiaomi 13T bda:[a4:cc:b3:9e:59:6d][0m
[0;33mW (39346) BT_HCI: hci cmd send: disconnect: hdl 0x80, rsn:0x13[0m
[0;33mW (39436) BT_HCI: hcif disc complete: hdl 0x80, rsn 0x16[0m
[0;32mI (39436) SPP_ACCEPTOR_DEMO: event: 17[0m
