ï¿½ï¿½ segment 1:ï¿½ets Jul 29 2019 12:21:46

rst:0x1 (POWERON_RESET),boot:0x13 (SPI_FAST_FLASH_BOOT)
configsip: 0, SPIWP:0xee
clk_drv:0x00,q_drv:0x00,d_drv:0x00,cs0_drv:0x00,hd_drv:0x00,wp_drv:0x00
mode:DIO, clock div:1
load:0x3fff0030,len:6276
load:0x40078000,len:15724
load:0x40080400,len:4
load:0x40080404,len:3860
entry 0x4008063c
[0;32mI (29) boot: ESP-IDF v5.4-dirty 2nd stage bootloader[0m
[0;32mI (29) boot: compile time Jan 10 2025 11:50:12[0m
[0;32mI (29) boot: Multicore bootloader[0m
[0;32mI (31) boot: chip revision: v3.1[0m
[0;32mI (34) boot.esp32: SPI Speed      : 80MHz[0m
[0;32mI (38) boot.esp32: SPI Mode       : DIO[0m
[0;32mI (41) boot.esp32: SPI Flash Size : 4MB[0m
[0;32mI (45) boot: Enabling RNG early entropy source...[0m
[0;32mI (49) boot: Partition Table:[0m
[0;32mI (52) boot: ## Label            Usage          Type ST Offset   Length[0m
[0;32mI (58) boot:  0 nvs              WiFi data        01 02 00009000 00006000[0m
[0;32mI (65) boot:  1 phy_init         RF data          01 01 0000f000 00001000[0m
[0;32mI (71) boot:  2 factory          factory app      00 00 00010000 00177000[0m
[0;32mI (78) boot: End of partition table[0m
[0;32mI (81) esp_image: segment 0: paddr=00010020 vaddr=3f400020 size=3499ch (215452) map[0m
[0;32mI (149) esp_image: segment 1: paddr=000449c4 vaddr=3ff80000 size=0001ch (    28) load[0m
[0;32mI (150) esp_image: segment 2: paddr=000449e8 vaddr=3ffbdb60 size=0506ch ( 20588) load[0m
[0;32mI (159) esp_image: segment 3: paddr=00049a5c vaddr=40080000 size=065bch ( 26044) load[0m
[0;32mI (169) esp_image: segment 4: paddr=00050020 vaddr=400d0020 size=d72c4h (881348) map[0m
[0;32mI (418) esp_image: segment 5: paddr=001272ec vaddr=400865bc size=13c24h ( 80932) load[0m
[0;32mI (457) boot: Loaded app from partition at offset 0x10000[0m
[0;32mI (457) boot: Disabling RNG early entropy source...[0m
[0;32mI (468) cpu_start: Multicore app[0m
[0;32mI (476) cpu_start: Pro cpu start user code[0m
[0;32mI (476) cpu_start: cpu freq: 160000000 Hz[0m
[0;32mI (476) app_init: Application information:[0m
[0;32mI (476) app_init: Project name:     esp32-car[0m
[0;32mI (480) app_init: App version:      84e979f[0m
[0;32mI (484) app_init: Compile time:     Jan 11 2025 09:15:19[0m
[0;32mI (489) app_init: ELF file SHA256:  9a8c0682b...[0m
[0;32mI (494) app_init: ESP-IDF:          v5.4-dirty[0m
[0;32mI (498) efuse_init: Min chip rev:     v0.0[0m
[0;32mI (501) efuse_init: Max chip rev:     v3.99 [0m
[0;32mI (505) efuse_init: Chip rev:         v3.1[0m
[0;32mI (510) heap_init: Initializing. RAM available for dynamic allocation:[0m
[0;32mI (516) heap_init: At 3FFAFF10 len 000000F0 (0 KiB): DRAM[0m
[0;32mI (521) heap_init: At 3FFB6388 len 00001C78 (7 KiB): DRAM[0m
[0;32mI (526) heap_init: At 3FFB9A20 len 00004108 (16 KiB): DRAM[0m
[0;32mI (531) heap_init: At 3FFD29D0 len 0000D630 (53 KiB): DRAM[0m
[0;32mI (536) heap_init: At 3FFE0440 len 00003AE0 (14 KiB): D/IRAM[0m
[0;32mI (542) heap_init: At 3FFE4350 len 0001BCB0 (111 KiB): D/IRAM[0m
[0;32mI (547) heap_init: At 4009A1E0 len 00005E20 (23 KiB): IRAM[0m
[0;32mI (553) spi_flash: detected chip: generic[0m
[0;32mI (556) spi_flash: flash io: dio[0m
[0;32mI (560) coexist: coex firmware version: 49a8cdc[0m
[0;32mI (564) main_task: Started on CPU0[0m
[0;32mI (574) main_task: Calling app_main()[0m
[0;32mI (574) BTDM_INIT: BT controller compile version [20b459d][0m
[0;32mI (584) BTDM_INIT: Bluetooth MAC: c8:2e:18:25:e0:82[0m
[0;32mI (584) phy_init: phy_version 4840,02e0d70,Sep  2 2024,19:39:07[0m
[0;33mW (584) phy_init: failed to load RF calibration data (0x1102), falling back to full calibration[0m
[0;33mW (664) phy_init: saving new calibration data because of checksum failure, mode(2)[0m
[0;32mI (1254) L2CAP_TAG: Own address:[c8:2e:18:25:e0:82][0m
[0;32mI (1274) L2CAP_TAG: event: 10[0m
[0;32mI (1274) L2CAP_TAG: ESP_BT_L2CAP_INIT_EVT: status:0[0m
[0;32mI (1274) SDP_TAG: ESP_SDP_INIT_EVT: status:0[0m
[0;32mI (1284) L2CAP_TAG: ESP_BT_L2CAP_START_EVT: status:0, hdl:0x0, sec_id:0x37[0m
[0;32mI (1284) L2CAP_TAG: event: 10[0m
[0;32mI (1284) SDP_TAG: ESP_SDP_CREATE_RECORD_COMP_EVT: status:0[0m
[0;32mI (1294) L2CAP_TAG: event: 10[0m
[0;32mI (1294) main_task: Returned from app_main()[0m
[0;32mI (23544) L2CAP_TAG: ESP_BT_GAP_PIN_REQ_EVT min_16_digit:0[0m
[0;32mI (23544) L2CAP_TAG: Input pin code: 1234[0m
[0;33mW (23574) BT_HCI: hcif conn complete: hdl 0x80, st 0x0[0m
[0;32mI (23574) L2CAP_TAG: event: 16[0m
[0;33mW (23594) BT_HCI: hcif link supv_to changed: hdl 0x80, supv_to 8000[0m
[0;32mI (23614) L2CAP_TAG: authentication success: Xiaomi 13T bda:[a4:cc:b3:9e:59:6d][0m
[0;33mW (27754) BT_HCI: hci cmd send: disconnect: hdl 0x80, rsn:0x13[0m
[0;33mW (27834) BT_HCI: hcif disc complete: hdl 0x80, rsn 0x16[0m
[0;32mI (27834) L2CAP_TAG: event: 17[0m
