}ï¿½ï¿½ï¿½ï¿½ï¿½ï¿½ segment 1: ï¿½ets Jul 29 2019 12:21:46

rst:0x1 (POWERON_RESET),boot:0x13 (SPI_FAST_FLASH_BOOT)
configsip: 0, SPIWP:0xee
clk_drv:0x00,q_drv:0x00,d_drv:0x00,cs0_drv:0x00,hd_drv:0x00,wp_drv:0x00
mode:DIO, clock div:2
load:0x3fff0030,len:6276
load:0x40078000,len:15716
load:0x40080400,len:4
ho 8 tail 4 room 4
load:0x40080404,len:3860
entry 0x4008063c
[0;32mI (31) boot: ESP-IDF v5.4 2nd stage bootloader[0m
[0;32mI (31) boot: compile time Jan 15 2025 14:22:58[0m
[0;32mI (31) boot: Multicore bootloader[0m
[0;32mI (32) boot: chip revision: v3.1[0m
[0;32mI (35) boot.esp32: SPI Speed      : 40MHz[0m
[0;32mI (39) boot.esp32: SPI Mode       : DIO[0m
[0;32mI (42) boot.esp32: SPI Flash Size : 4MB[0m
[0;32mI (46) boot: Enabling RNG early entropy source...[0m
[0;32mI (50) boot: Partition Table:[0m
[0;32mI (53) boot: ## Label            Usage          Type ST Offset   Length[0m
[0;32mI (59) boot:  0 nvs              WiFi data        01 02 00009000 00006000[0m
[0;32mI (66) boot:  1 phy_init         RF data          01 01 0000f000 00001000[0m
[0;32mI (72) boot:  2 factory          factory app      00 00 00010000 00177000[0m
[0;32mI (79) boot: End of partition table[0m
[0;32mI (82) esp_image: segment 0: paddr=00010020 vaddr=3f400020 size=2f544h (193860) map[0m
[0;32mI (156) esp_image: segment 1: paddr=0003f56c vaddr=3ff80000 size=0001ch (    28) load[0m
[0;32mI (156) esp_image: segment 2: paddr=0003f590 vaddr=3ffbdb60 size=00a88h (  2696) load[0m
[0;32mI (161) esp_image: segment 3: paddr=00040020 vaddr=400d0020 size=c9038h (823352) map[0m
[0;32mI (449) esp_image: segment 4: paddr=00109060 vaddr=3ffbe5e8 size=04228h ( 16936) load[0m
[0;32mI (455) esp_image: segment 5: paddr=0010d290 vaddr=40080000 size=1afd8h (110552) load[0m
[0;32mI (511) boot: Loaded app from partition at offset 0x10000[0m
[0;32mI (511) boot: Disabling RNG early entropy source...[0m
[0;32mI (522) cpu_start: Multicore app[0m
[0;32mI (530) cpu_start: Pro cpu start user code[0m
[0;32mI (530) cpu_start: cpu freq: 160000000 Hz[0m
[0;32mI (530) app_init: Application information:[0m
[0;32mI (530) app_init: Project name:     esp32-car[0m
[0;32mI (534) app_init: App version:      c3ec36d7-dirty[0m
[0;32mI (539) app_init: Compile time:     Jan 15 2025 14:22:52[0m
[0;32mI (544) app_init: ELF file SHA256:  20a6c2502...[0m
[0;32mI (548) app_init: ESP-IDF:          v5.4[0m
[0;32mI (552) efuse_init: Min chip rev:     v0.0[0m
[0;32mI (556) efuse_init: Max chip rev:     v3.99 [0m
[0;32mI (560) efuse_init: Chip rev:         v3.1[0m
[0;32mI (564) heap_init: Initializing. RAM available for dynamic allocation:[0m
[0;32mI (570) heap_init: At 3FFAFF10 len 000000F0 (0 KiB): DRAM[0m
[0;32mI (575) heap_init: At 3FFB6388 len 00001C78 (7 KiB): DRAM[0m
[0;32mI (580) heap_init: At 3FFB9A20 len 00004108 (16 KiB): DRAM[0m
[0;32mI (585) heap_init: At 3FFD0CC0 len 0000F340 (60 KiB): DRAM[0m
[0;32mI (590) heap_init: At 3FFE0440 len 00003AE0 (14 KiB): D/IRAM[0m
[0;32mI (596) heap_init: At 3FFE4350 len 0001BCB0 (111 KiB): D/IRAM[0m
[0;32mI (601) heap_init: At 4009AFD8 len 00005028 (20 KiB): IRAM[0m
[0;32mI (608) spi_flash: detected chip: generic[0m
[0;32mI (610) spi_flash: flash io: dio[0m
[0;32mI (614) coexist: coex firmware version: 49a8cdc[0m
[0;32mI (618) main_task: Started on CPU0[0m
[0;32mI (628) main_task: Calling app_main()[0m
[0;32mI (638) BTDM_INIT: BT controller compile version [20b459d][0m
[0;32mI (638) BTDM_INIT: Bluetooth MAC: c8:2e:18:25:e0:82[0m
[0;32mI (638) phy_init: phy_version 4840,02e0d70,Sep  2 2024,19:39:07[0m
[0;33mW (638) phy_init: failed to load RF calibration data (0x1102), falling back to full calibration[0m
[0;33mW (728) phy_init: saving new calibration data because of checksum failure, mode(2)[0m
[0;32mI (1358) SPP_ACCEPTOR_DEMO: ESP_SPP_INIT_EVT[0m
[0;32mI (1368) SPP_ACCEPTOR_DEMO: ESP_SPP_START_EVT handle:129 sec_id:55 scn:1[0m
[0;32mI (1368) SPP_ACCEPTOR_DEMO: event: 10[0m
[0;32mI (1378) SPP_ACCEPTOR_DEMO: Own address:[c8:2e:18:25:e0:82][0m
[0;32mI (1378) main_task: Returned from app_main()[0m
[0;33mW (73158) BT_HCI: hcif conn complete: hdl 0x80, st 0x0[0m
[0;32mI (73168) SPP_ACCEPTOR_DEMO: event: 16[0m
[0;33mW (73178) BT_HCI: hcif link supv_to changed: hdl 0x80, supv_to 8000[0m
[0;32mI (73288) SPP_ACCEPTOR_DEMO: ESP_BT_GAP_PIN_REQ_EVT min_16_digit:0[0m
[0;32mI (73288) SPP_ACCEPTOR_DEMO: Input pin code: 0000[0m
[0;32mI (78638) SPP_ACCEPTOR_DEMO: authentication success: Xiaomi 13T bda:[a4:cc:b3:9e:59:6d][0m
[0;32mI (78728) SPP_ACCEPTOR_DEMO: event: 21[0m
[0;33mW (78738) BT_APPL: new conn_srvc id:26, app_id:255[0m
[0;32mI (78748) SPP_ACCEPTOR_DEMO: ESP_SPP_SRV_OPEN_EVT status:0 handle:129, rem_bda:[a4:cc:b3:9e:59:6d][0m
[0;32mI (81528) SPP_ACCEPTOR_DEMO: speed(78.234283s ~ 81.003166s): 546.213074 kbit/s[0m
[0;32mI (84528) SPP_ACCEPTOR_DEMO: speed(81.003166s ~ 84.003082s): 538.215088 kbit/s[0m
[0;32mI (87528) SPP_ACCEPTOR_DEMO: speed(84.003082s ~ 87.003021s): 482.276459 kbit/s[0m
[0;32mI (90538) SPP_ACCEPTOR_DEMO: speed(87.003021s ~ 90.010086s): 385.638489 kbit/s[0m
[0;32mI (93548) SPP_ACCEPTOR_DEMO: speed(90.010086s ~ 93.020897s): 289.529968 kbit/s[0m
[0;32mI (96558) SPP_ACCEPTOR_DEMO: speed(93.020897s ~ 96.031937s): 256.084290 kbit/s[0m
[0;32mI (99528) SPP_ACCEPTOR_DEMO: speed(96.031937s ~ 99.002357s): 300.954010 kbit/s[0m
[0;32mI (102528) SPP_ACCEPTOR_DEMO: speed(99.002357s ~ 102.005066s): 322.322357 kbit/s[0m
[0;32mI (105618) SPP_ACCEPTOR_DEMO: speed(102.005066s ~ 105.097321s): 345.417877 kbit/s[0m
[0;32mI (108528) SPP_ACCEPTOR_DEMO: speed(105.097321s ~ 108.000786s): 345.890137 kbit/s[0m
[0;32mI (111528) SPP_ACCEPTOR_DEMO: speed(108.000786s ~ 111.002007s): 352.429932 kbit/s[0m
[0;32mI (114528) SPP_ACCEPTOR_DEMO: speed(111.002007s ~ 114.005898s): 339.439758 kbit/s[0m
[0;32mI (117538) SPP_ACCEPTOR_DEMO: speed(114.005898s ~ 117.011719s): 271.167145 kbit/s[0m
[0;32mI (120528) SPP_ACCEPTOR_DEMO: speed(117.011719s ~ 120.004486s): 283.844299 kbit/s[0m
[0;32mI (123568) SPP_ACCEPTOR_DEMO: speed(120.004486s ~ 123.046745s): 293.005951 kbit/s[0m
[0;32mI (126528) SPP_ACCEPTOR_DEMO: speed(123.046745s ~ 126.006851s): 298.219055 kbit/s[0m
[0;32mI (129528) SPP_ACCEPTOR_DEMO: speed(126.006851s ~ 129.003113s): 320.065491 kbit/s[0m
[0;32mI (132528) SPP_ACCEPTOR_DEMO: speed(129.003113s ~ 132.005264s): 277.387756 kbit/s[0m
[0;33mW (135238) BT_RFCOMM: port_rfc_closed RFCOMM connection in server:1 state 2 closed: Closed (res: 19)[0m
[0;32mI (135248) SPP_ACCEPTOR_DEMO: ESP_SPP_CLOSE_EVT status:0 handle:129 close_by_remote:1[0m
[0;33mW (135258) BT_RFCOMM: rfc_find_lcid_mcb LCID reused LCID:0x41 current:0x0[0m
[0;33mW (135258) BT_RFCOMM: RFCOMM_DisconnectInd LCID:0x41[0m
[0;33mW (136568) BT_APPL: new conn_srvc id:26, app_id:255[0m
[0;32mI (136568) SPP_ACCEPTOR_DEMO: ESP_SPP_SRV_OPEN_EVT status:0 handle:385, rem_bda:[a4:cc:b3:9e:59:6d][0m
[0;32mI (139528) SPP_ACCEPTOR_DEMO: speed(136.050537s ~ 139.002762s): 896.070007 kbit/s[0m
[0;32mI (142528) SPP_ACCEPTOR_DEMO: speed(139.002762s ~ 142.000244s): 623.563293 kbit/s[0m
[0;32mI (145528) SPP_ACCEPTOR_DEMO: speed(142.000244s ~ 145.004211s): 645.945801 kbit/s[0m
[0;32mI (148568) SPP_ACCEPTOR_DEMO: speed(145.004211s ~ 148.039963s): 660.054077 kbit/s[0m
[0;33mW (150338) BT_RFCOMM: port_rfc_closed RFCOMM connection in server:1 state 2 closed: Closed (res: 19)[0m
[0;32mI (150338) SPP_ACCEPTOR_DEMO: ESP_SPP_CLOSE_EVT status:0 handle:385 close_by_remote:1[0m
[0;33mW (150388) BT_RFCOMM: rfc_find_lcid_mcb LCID reused LCID:0x41 current:0x0[0m
[0;33mW (150388) BT_RFCOMM: RFCOMM_DisconnectInd LCID:0x41[0m
[0;33mW (154388) BT_HCI: hci cmd send: disconnect: hdl 0x80, rsn:0x13[0m
[0;33mW (154498) BT_HCI: hcif disc complete: hdl 0x80, rsn 0x16[0m
[0;32mI (154498) SPP_ACCEPTOR_DEMO: event: 17[0m
[0;33mW (183618) BT_HCI: hcif conn complete: hdl 0x81, st 0x0[0m
[0;32mI (183618) SPP_ACCEPTOR_DEMO: event: 16[0m
[0;33mW (183618) BT_HCI: hcif link supv_to changed: hdl 0x81, supv_to 8000[0m
[0;33mW (183828) BT_APPL: new conn_srvc id:26, app_id:255[0m
[0;32mI (183828) SPP_ACCEPTOR_DEMO: ESP_SPP_SRV_OPEN_EVT status:0 handle:129, rem_bda:[a4:cc:b3:9e:59:6d][0m
[0;32mI (186558) SPP_ACCEPTOR_DEMO: speed(183.308273s ~ 186.034409s): 981.961548 kbit/s[0m
[0;32mI (189528) SPP_ACCEPTOR_DEMO: speed(186.034409s ~ 189.008087s): 711.119263 kbit/s[0m
[0;32mI (192558) SPP_ACCEPTOR_DEMO: speed(189.008087s ~ 192.031784s): 594.583374 kbit/s[0m
[0;32mI (195548) SPP_ACCEPTOR_DEMO: speed(192.031784s ~ 195.024475s): 582.218506 kbit/s[0m
[0;32mI (198548) SPP_ACCEPTOR_DEMO: speed(195.024475s ~ 198.026749s): 561.894165 kbit/s[0m
[0;32mI (201538) SPP_ACCEPTOR_DEMO: speed(198.026749s ~ 201.015381s): 577.709045 kbit/s[0m
[0;32mI (204538) SPP_ACCEPTOR_DEMO: speed(201.015381s ~ 204.012650s): 576.044434 kbit/s[0m
[0;32mI (207588) SPP_ACCEPTOR_DEMO: speed(204.012650s ~ 207.063889s): 581.429382 kbit/s[0m
[0;32mI (210558) SPP_ACCEPTOR_DEMO: speed(207.063889s ~ 210.034973s): 575.789734 kbit/s[0m
[0;32mI (213538) SPP_ACCEPTOR_DEMO: speed(210.034973s ~ 213.012527s): 388.345551 kbit/s[0m
[0;32mI (216528) SPP_ACCEPTOR_DEMO: speed(213.012527s ~ 216.007553s): 304.104248 kbit/s[0m
[0;32mI (219568) SPP_ACCEPTOR_DEMO: speed(216.007553s ~ 219.043655s): 412.160034 kbit/s[0m
[0;32mI (222528) SPP_ACCEPTOR_DEMO: speed(219.043655s ~ 222.008133s): 486.237427 kbit/s[0m
[0;32mI (225528) SPP_ACCEPTOR_DEMO: speed(222.008133s ~ 225.003494s): 502.376770 kbit/s[0m
[0;32mI (228538) SPP_ACCEPTOR_DEMO: speed(225.003494s ~ 228.010925s): 545.129700 kbit/s[0m
[0;32mI (231538) SPP_ACCEPTOR_DEMO: speed(228.010925s ~ 231.014755s): 479.867371 kbit/s[0m
[0;32mI (234538) SPP_ACCEPTOR_DEMO: speed(231.014755s ~ 234.009613s): 552.707397 kbit/s[0m
[0;32mI (237548) SPP_ACCEPTOR_DEMO: speed(234.009613s ~ 237.023071s): 528.270142 kbit/s[0m
[0;33mW (240048) BT_RFCOMM: port_rfc_closed RFCOMM connection in server:1 state 2 closed: Closed (res: 19)[0m
[0;32mI (240048) SPP_ACCEPTOR_DEMO: ESP_SPP_CLOSE_EVT status:0 handle:129 close_by_remote:1[0m
[0;33mW (240068) BT_RFCOMM: rfc_find_lcid_mcb LCID reused LCID:0x41 current:0x0[0m
[0;33mW (240068) BT_RFCOMM: RFCOMM_DisconnectInd LCID:0x41[0m
[0;33mW (244068) BT_HCI: hci cmd send: disconnect: hdl 0x81, rsn:0x13[0m
[0;33mW (244178) BT_HCI: hcif disc complete: hdl 0x81, rsn 0x16[0m
[0;32mI (244178) SPP_ACCEPTOR_DEMO: event: 17[0m
