[0;32mI (143) esp_image: segment 1: paddr=00032484 vaddr=3fc9ac00 sizeESP-ROM:esp32s3-20210327[0m
Build:Mar 27 2021
rst:0x15 (USB_UART_CHIP_RESET),boot:0xb (SPI_FAST_FLASH_BOOT)
Saved PC:0x40056f6f
SPIWP:0xee
mode:DIO, clock div:1
load:0x3fce2810,len:0x159c
load:0x403c8700,len:0x4
load:0x403c8704,len:0xcc4
load:0x403cb700,len:0x2e94
entry 0x403c890c
[0;32mI (26) boot: ESP-IDF v5.4-dirty 2nd stage bootloader[0m
[0;32mI (27) boot: compile time Jan 16 2025 21:53:25[0m
[0;33mW (27) boot: Unicore bootloader[0m
[0;32mI (27) boot: chip revision: v0.2[0m
[0;32mI (30) boot: efuse block revision: v1.3[0m
[0;32mI (33) boot.esp32s3: Boot SPI Speed : 80MHz[0m
[0;32mI (37) boot.esp32s3: SPI Mode       : DIO[0m
[0;32mI (41) boot.esp32s3: SPI Flash Size : 16MB[0m
[0;32mI (45) boot: Enabling RNG early entropy source...[0m
[0;32mI (49) boot: Partition Table:[0m
[0;32mI (52) boot: ## Label            Usage          Type ST Offset   Length[0m
[0;32mI (58) boot:  0 nvs              WiFi data        01 02 00009000 00004000[0m
[0;32mI (65) boot:  1 otadata          OTA data         01 00 0000d000 00002000[0m
[0;32mI (71) boot:  2 phy_init         RF data          01 01 0000f000 00001000[0m
[0;32mI (78) boot:  3 ota_0            OTA app          00 10 00010000 001e0000[0m
[0;32mI (84) boot:  4 ota_1            OTA app          00 11 001f0000 001e0000[0m
[0;32mI (91) boot:  5 coredump         Unknown data     01 03 003d0000 00010000[0m
[0;32mI (97) boot:  6 reserved         Unknown data     01 fe 003e0000 00020000[0m
[0;32mI (104) boot: End of partition table[0m
[0;32mI (107) boot: No factory image, trying OTA 0[0m
[0;32mI (111) esp_image: segment 0: paddr=00010020 vaddr=3c0b0020 size=2245ch (140380) map[0m
[0;32mI (143) esp_image: segment 1: paddr=00032484 vaddr=3fc9ac00 size=05dbch ( 23996) load[0m
[0;32mI (149) esp_image: segment 2: paddr=00038248 vaddr=40374000 size=07dd0h ( 32208) load[0m
[0;32mI (156) esp_image: segment 3: paddr=00040020 vaddr=42000020 size=aad3ch (699708) map[0m
[0;32mI (280) esp_image: segment 4: paddr=000ead64 vaddr=4037bdd0 size=0edc0h ( 60864) load[0m
[0;32mI (293) esp_image: segment 5: paddr=000f9b2c vaddr=600fe100 size=0001ch (    28) load[0m
[0;32mI (303) boot: Loaded app from partition at offset 0x10000[0m
[0;32mI (304) boot: Set actual ota_seq=1 in otadata[0][0m
[0;32mI (304) boot: Disabling RNG early entropy source...[0m
[0;32mI (317) octal_psram: ECC is enabled[0m
[0;32mI (318) octal_psram: vendor id    : 0x0d (AP)[0m
[0;32mI (318) octal_psram: dev id       : 0x02 (generation 3)[0m
[0;32mI (318) octal_psram: density      : 0x03 (64 Mbit)[0m
[0;32mI (323) octal_psram: good-die     : 0x01 (Pass)[0m
[0;32mI (327) octal_psram: Latency      : 0x01 (Fixed)[0m
[0;32mI (331) octal_psram: VCC          : 0x01 (3V)[0m
[0;32mI (336) octal_psram: SRF          : 0x01 (Fast Refresh)[0m
[0;32mI (341) octal_psram: BurstType    : 0x00 ( Wrap)[0m
[0;32mI (345) octal_psram: BurstLen     : 0x03 (1024 Byte)[0m
[0;32mI (350) octal_psram: Readlatency  : 0x02 (10 cycles@Fixed)[0m
[0;32mI (355) octal_psram: DriveStrength: 0x00 (1/1)[0m
[0;32mI (360) MSPI Timing: PSRAM timing tuning index: 4[0m
[0;32mI (363) esp_psram: Found 8MB PSRAM device[0m
[0;32mI (367) esp_psram: Speed: 80MHz[0m
[0;32mI (370) cpu_start: Unicore app[0m
[0;32mI (373) cpu_start: Single core mode[0m
[0;32mI (388) cpu_start: Pro cpu start user code[0m
[0;32mI (388) cpu_start: cpu freq: 240000000 Hz[0m
[0;32mI (388) app_init: Application information:[0m
[0;32mI (388) app_init: Project name:     mesh_local_control[0m
[0;32mI (393) app_init: App version:      d5a6eb088-dirty[0m
[0;32mI (397) app_init: Compile time:     Jan 22 2025 20:06:25[0m
[0;32mI (402) app_init: ELF file SHA256:  ab7e04628...[0m
[0;32mI (407) app_init: ESP-IDF:          v5.4-dirty[0m
[0;32mI (411) efuse_init: Min chip rev:     v0.0[0m
[0;32mI (415) efuse_init: Max chip rev:     v0.99 [0m
[0;32mI (419) efuse_init: Chip rev:         v0.2[0m
[0;32mI (423) heap_init: Initializing. RAM available for dynamic allocation:[0m
[0;32mI (429) heap_init: At 3FCA5518 len 000441F8 (272 KiB): RAM[0m
[0;32mI (434) heap_init: At 3FCE9710 len 00005724 (21 KiB): RAM[0m
[0;32mI (439) heap_init: At 3FCF0000 len 00008000 (32 KiB): DRAM[0m
[0;32mI (444) heap_init: At 600FE11C len 00001ECC (7 KiB): RTCRAM[0m
[0;32mI (450) esp_psram: Adding pool of 7680K of PSRAM memory to heap allocator[0m
[0;32mI (457) spi_flash: detected chip: boya[0m
[0;32mI (460) spi_flash: flash io: dio[0m
[0;32mI (463) sleep_gpio: Configure to isolate all GPIO pins in sleep state[0m
[0;32mI (469) sleep_gpio: Enable automatic switching of GPIO sleep configuration[0m
[0;32mI (476) coexist: coex firmware version: 49a8cdc[0m
[0;32mI (480) coexist: coexist rom version e7ae62f[0m
[0;32mI (484) main_task: Started on CPU0[0m
[0;32mI (486) esp_psram: Reserving pool of 32K of internal memory for DMA/internal allocations[0m
[0;32mI (494) main_task: Calling app_main()[0m
[0;32mI (501) main: ESP_WIFI_MODE_STA[0m
[0;32mI (502) pp: pp rom version: e7ae62f[0m
[0;32mI (504) net80211: net80211 rom version: e7ae62f[0m
[0;32mI (510) wifi:wifi driver task: 3fcb70c8, prio:23, stack:6656, core=0[0m
[0;32mI (516) wifi:wifi firmware version: 48ea317a7[0m
[0;32mI (518) wifi:wifi certification version: v7.0[0m
[0;32mI (522) wifi:config NVS flash: enabled[0m
[0;32mI (526) wifi:config nano formatting: disabled[0m
[0;32mI (530) wifi:Init data frame dynamic rx buffer num: 32[0m
[0;32mI (535) wifi:Init static rx mgmt buffer num: 5[0m
[0;32mI (539) wifi:Init management short buffer num: 32[0m
[0;32mI (543) wifi:Init dynamic tx buffer num: 32[0m
[0;32mI (547) wifi:Init static tx FG buffer num: 2[0m
[0;32mI (551) wifi:Init static rx buffer size: 1600[0m
[0;32mI (555) wifi:Init static rx buffer num: 10[0m
[0;32mI (559) wifi:Init dynamic rx buffer num: 32[0m
[0;32mI (563) wifi_init: accept mbox: 6[0m
[0;32mI (566) wifi_init: tcpip mbox: 32[0m
[0;32mI (569) wifi_init: udp mbox: 6[0m
[0;32mI (572) wifi_init: tcp mbox: 6[0m
[0;32mI (574) wifi_init: tcp tx win: 5760[0m
[0;32mI (578) wifi_init: tcp rx win: 5760[0m
[0;32mI (581) wifi_init: tcp mss: 1440[0m
[0;32mI (584) wifi_init: WiFi IRAM OP enabled[0m
[0;32mI (587) wifi_init: WiFi RX IRAM OP enabled[0m
[0;32mI (605) phy_init: phy_version 680,a6008b2,Jun  4 2024,16:41:10[0m
[0;33mW (606) phy_init: failed to load RF calibration data (0x1102), falling back to full calibration[0m
[0;33mW (635) phy_init: saving new calibration data because of checksum failure, mode(2)[0m
[0;32mI (649) wifi:mode : sta (24:ec:4a:3a:2b:ec)[0m
[0;32mI (649) wifi:enable tsf[0m
[0;32mI (652) main: wifi_init_sta finished.[0m
[0;32mI (2010) wifi:new:<10,2>, old:<1,0>, ap:<255,255>, sta:<10,2>, prof:1, snd_ch_cfg:0x0[0m
[0;32mI (2011) wifi:state: init -> auth (0xb0)[0m
[0;32mI (2017) wifi:state: auth -> assoc (0x0)[0m
[0;32mI (2025) wifi:state: assoc -> run (0x10)[0m
[0;32mI (2075) wifi:connected with Tran Con Wifi 6, aid = 8, channel 10, 40D, bssid = 68:9e:29:0e:b1:a8[0m
[0;32mI (2076) wifi:security: WPA2-PSK, phy: bgn, rssi: -50[0m
[0;32mI (2084) wifi:pm start, type: 1[0m

[0;32mI (2085) wifi:dp: 1, bi: 102400, li: 3, scale listen interval from 307200 us to 307200 us[0m
[0;32mI (2089) wifi:set rx beacon pti, rx_bcn_pti: 14, bcn_timeout: 25000, mt_pti: 14, mt_time: 10000[0m
[0;32mI (2169) wifi:AP's beacon interval = 102400 us, DTIM period = 1[0m
[0;32mI (5429) esp_netif_handlers: sta ip: 192.168.1.12, mask: 255.255.255.0, gw: 192.168.1.1[0m
[0;32mI (5429) main: got ip:192.168.1.12[0m
[0;32mI (5430) main: connected to ap SSID:Tran Con Wifi 6 password:password[0m
[0;32mI (5436) s3 ll_cam: DMA Channel=1[0m
[0;32mI (5438) cam_hal: cam init ok[0m
[0;32mI (5441) sccb-ng: pin_sda 4 pin_scl 5[0m
[0;32mI (5444) sccb-ng: sccb_i2c_port=1[0m
[0;32mI (5448) gpio: GPIO[38]| InputEn: 0| OutputEn: 1| OpenDrain: 0| Pullup: 0| Pulldown: 0| Intr:0 [0m
[0;32mI (5486) camera: Detected camera at address=0x30[0m
[0;32mI (5489) camera: Detected OV2640 camera[0m
[0;32mI (5489) camera: Camera PID=0x26 VER=0x42 MIDL=0x7f MIDH=0xa2[0m
[0;32mI (5560) cam_hal: buffer_size: 16384, half_buffer_size: 1024, node_buffer_size: 1024, node_cnt: 16, total_cnt: 153[0m
[0;32mI (5561) cam_hal: Allocating 157286 Byte frame buffer in PSRAM[0m
[0;32mI (5565) cam_hal: Allocating 157286 Byte frame buffer in PSRAM[0m
[0;32mI (5571) cam_hal: cam config ok[0m
[0;32mI (5573) ov2640: Set PLL: clk_2x: 0, clk_div: 0, pclk_auto: 0, pclk_div: 12[0m
[0;32mI (5650) main: Camera initing...[0m
[0;32mI (5652) ov2640: Set PLL: clk_2x: 0, clk_div: 0, pclk_auto: 0, pclk_div: 12[0m
WGuru Meditation Error: Core  0 panic'ed (InstrFetchProhibited). Exception was unhandled.

Core  0 register dump:
PC      : 0x00060530  PS      : 0x00060033  A0      : 0x40377625  A1      : 0x3fc9d250  
A2      : 0x3fcbe338  A3      : 0x3fca9ea8  A4      : 0x60023000  A5      : 0x4037ec92  
A6      : 0x00000001  A7      : 0x3fcc29dc  A8      : 0x80376530  A9      : 0xe6002108  
A10     : 0x80376e9d  A11     : 0xffffffff  A12     : 0x8037e75b  A13     : 0x3fcc2a40  
A14     : 0x3fca9efc  A15     : 0xffffffff  SAR     : 0x00000004  EXCCAUSE: 0x00000014  
EXCVADDR: 0x00060530  LBEG    : 0x400556d5  LEND    : 0x400556e5  LCOUNT  : 0xfffffffd  
Core  0 was running in ISR context:
EPC1    : 0x420a17d3  EPC2    : 0x00000000  EPC3    : 0x00000000  EPC4    : 0x00000000


Backtrace: 0x0006052d:0x3fc9d250 0x40377622:0x3fc9d270 0x40382f68:0x3fcc2aa0 0x40376e9a:0x3fcc2ac0 0x42009eb4:0x3fcc2ae0 0x4200a31b:0x3fcc2b10 0x4200affa:0x3fcc2b30 0x420955b2:0x3fcc2b50 0x4200a529:0x3fcc2b70 0x4200affa:0x3fcc2b90 0x42094c4e:0x3fcc2bb0 0x420941e1:0x3fcc2bd0 0x42094232:0x3fcc2bf0 0x42094831:0x3fcc2c10 0x4209bc97:0x3fcc2c40 0x4209b69e:0x3fcc2c60 0x42094cc5:0x3fcc2f80 0x420aacde:0x3fcc2fb0 0x40384835:0x3fcc2fe0 0x4200e737:0x3fcc3030 0x4200f05d:0x3fcc3050 0x4037e9fd:0x3fcc3090




ELF file SHA256: ab7e04628

Rebooting...
ESP-ROM:esp32s3-20210327
Build:Mar 27 2021
rst:0xc (RTC_SW_CPU_RST),boot:0xb (SPI_FAST_FLASH_BOOT)
Saved PC:0x40375adc
SPIWP:0xee
mode:DIO, clock div:1
load:0x3fce2810,len:0x159c
load:0x403c8700,len:0x4
load:0x403c8704,len:0xcc4
load:0x403cb700,len:0x2e94
entry 0x403c890c
[0;32mI (26) boot: ESP-IDF v5.4-dirty 2nd stage bootloader[0m
[0;32mI (26) boot: compile time Jan 16 2025 21:53:25[0m
[0;33mW (26) boot: Unicore bootloader[0m
[0;32mI (27) boot: chip revision: v0.2[0m
[0;32mI (29) boot: efuse block revision: v1.3[0m
[0;32mI (33) boot.esp32s3: Boot SPI Speed : 80MHz[0m
[0;32mI (37) boot.esp32s3: SPI Mode       : DIO[0m
[0;32mI (41) boot.esp32s3: SPI Flash Size : 16MB[0m
[0;32mI (44) boot: Enabling RNG early entropy source...[0m
[0;32mI (49) boot: Partition Table:[0m
[0;32mI (51) boot: ## Label            Usage          Type ST Offset   Length[0m
[0;32mI (58) boot:  0 nvs              WiFi data        01 02 00009000 00004000[0m
[0;32mI (64) boot:  1 otadata          OTA data         01 00 0000d000 00002000[0m
[0;32mI (71) boot:  2 phy_init         RF data          01 01 0000f000 00001000[0m
[0;32mI (77) boot:  3 ota_0            OTA app          00 10 00010000 001e0000[0m
[0;32mI (84) boot:  4 ota_1            OTA app          00 11 001f0000 001e0000[0m
[0;32mI (90) boot:  5 coredump         Unknown data     01 03 003d0000 00010000[0m
[0;32mI (97) boot:  6 reserved         Unknown data     01 fe 003e0000 00020000[0m
[0;32mI (103) boot: End of partition table[0m
[0;32mI (107) esp_image: segment 0: paddr=00010020 vaddr=3c0b0020 size=2245ch (140380) map[0m
[0;32mI (139) esp_image: segment 1: paddr=00032484 vaddr=3fc9ac00 size=05dbch ( 23996) load[0m
[0;32mI (144) esp_image: segment 2: paddr=00038248 vaddr=40374000 size=07dd0h ( 32208) load[0m
[0;32mI (152) esp_image: segment 3: paddr=00040020 vaddr=42000020 size=aad3ch (699708) map[0m
[0;32mI (275) esp_image: segment 4: paddr=000ead64 vaddr=4037bdd0 size=0edc0h ( 60864) load[0m
[0;32mI (289) esp_image: segment 5: paddr=000f9b2c vaddr=600fe100 size=0001ch (    28) load[0m
[0;32mI (299) boot: Loaded app from partition at offset 0x10000[0m
[0;32mI (299) boot: Disabling RNG early entropy source...[0m
[0;32mI (309) octal_psram: ECC is enabled[0m
[0;32mI (309) octal_psram: vendor id    : 0x0d (AP)[0m
[0;32mI (309) octal_psram: dev id       : 0x02 (generation 3)[0m
[0;32mI (310) octal_psram: density      : 0x03 (64 Mbit)[0m
[0;32mI (314) octal_psram: good-die     : 0x01 (Pass)[0m
[0;32mI (318) octal_psram: Latency      : 0x01 (Fixed)[0m
[0;32mI (323) octal_psram: VCC          : 0x01 (3V)[0m
[0;32mI (327) octal_psram: SRF          : 0x01 (Fast Refresh)[0m
[0;32mI (332) octal_psram: BurstType    : 0x00 ( Wrap)[0m
[0;32mI (336) octal_psram: BurstLen     : 0x03 (1024 Byte)[0m
[0;32mI (341) octal_psram: Readlatency  : 0x02 (10 cycles@Fixed)[0m
[0;32mI (346) octal_psram: DriveStrength: 0x00 (1/1)[0m
[0;32mI (351) MSPI Timing: PSRAM timing tuning index: 4[0m
[0;32mI (355) esp_psram: Found 8MB PSRAM device[0m
[0;32mI (358) esp_psram: Speed: 80MHz[0m
[0;32mI (361) cpu_start: Unicore app[0m
[0;32mI (364) cpu_start: Single core mode[0m
[0;32mI (379) cpu_start: Pro cpu start user code[0m
[0;32mI (379) cpu_start: cpu freq: 240000000 Hz[0m
[0;32mI (379) app_init: Application information:[0m
[0;32mI (380) app_init: Project name:     mesh_local_control[0m
[0;32mI (384) app_init: App version:      d5a6eb088-dirty[0m
[0;32mI (389) app_init: Compile time:     Jan 22 2025 20:06:25[0m
[0;32mI (394) app_init: ELF file SHA256:  ab7e04628...[0m
[0;32mI (398) app_init: ESP-IDF:          v5.4-dirty[0m
[0;32mI (402) efuse_init: Min chip rev:     v0.0[0m
[0;32mI (406) efuse_init: Max chip rev:     v0.99 [0m
[0;32mI (410) efuse_init: Chip rev:         v0.2[0m
[0;32mI (414) heap_init: Initializing. RAM available for dynamic allocation:[0m
[0;32mI (420) heap_init: At 3FCA5518 len 000441F8 (272 KiB): RAM[0m
[0;32mI (425) heap_init: At 3FCE9710 len 00005724 (21 KiB): RAM[0m
[0;32mI (431) heap_init: At 3FCF0000 len 00008000 (32 KiB): DRAM[0m
[0;32mI (436) heap_init: At 600FE11C len 00001ECC (7 KiB): RTCRAM[0m
[0;32mI (441) esp_psram: Adding pool of 7680K of PSRAM memory to heap allocator[0m
[0;32mI (448) spi_flash: detected chip: boya[0m
[0;32mI (451) spi_flash: flash io: dio[0m
[0;32mI (454) sleep_gpio: Configure to isolate all GPIO pins in sleep state[0m
[0;32mI (460) sleep_gpio: Enable automatic switching of GPIO sleep configuration[0m
[0;32mI (467) coexist: coex firmware version: 49a8cdc[0m
[0;32mI (471) coexist: coexist rom version e7ae62f[0m
[0;32mI (475) main_task: Started on CPU0[0m
[0;32mI (477) esp_psram: Reserving pool of 32K of internal memory for DMA/internal allocations[0m
[0;32mI (485) main_task: Calling app_main()[0m
[0;32mI (495) main: ESP_WIFI_MODE_STA[0m
[0;32mI (497) pp: pp rom version: e7ae62f[0m
[0;32mI (498) net80211: net80211 rom version: e7ae62f[0m
[0;32mI (500) wifi:wifi driver task: 3fcb7214, prio:23, stack:6656, core=0[0m
[0;32mI (509) wifi:wifi firmware version: 48ea317a7[0m
[0;32mI (510) wifi:wifi certification version: v7.0[0m
[0;32mI (513) wifi:config NVS flash: enabled[0m
[0;32mI (517) wifi:config nano formatting: disabled[0m
[0;32mI (521) wifi:Init data frame dynamic rx buffer num: 32[0m
[0;32mI (526) wifi:Init static rx mgmt buffer num: 5[0m
[0;32mI (530) wifi:Init management short buffer num: 32[0m
[0;32mI (534) wifi:Init dynamic tx buffer num: 32[0m
[0;32mI (538) wifi:Init static tx FG buffer num: 2[0m
[0;32mI (542) wifi:Init static rx buffer size: 1600[0m
[0;32mI (546) wifi:Init static rx buffer num: 10[0m
[0;32mI (550) wifi:Init dynamic rx buffer num: 32[0m
[0;32mI (554) wifi_init: accept mbox: 6[0m
[0;32mI (557) wifi_init: tcpip mbox: 32[0m
[0;32mI (560) wifi_init: udp mbox: 6[0m
[0;32mI (563) wifi_init: tcp mbox: 6[0m
[0;32mI (565) wifi_init: tcp tx win: 5760[0m
[0;32mI (569) wifi_init: tcp rx win: 5760[0m
[0;32mI (572) wifi_init: tcp mss: 1440[0m
[0;32mI (575) wifi_init: WiFi IRAM OP enabled[0m
[0;32mI (578) wifi_init: WiFi RX IRAM OP enabled[0m
[0;32mI (583) phy_init: phy_version 680,a6008b2,Jun  4 2024,16:41:10[0m
[0;33mW (616) phy_init: saving new calibration data because of checksum failure, mode(0)[0m
[0;32mI (630) wifi:mode : sta (24:ec:4a:3a:2b:ec)[0m
[0;32mI (630) wifi:enable tsf[0m
[0;32mI (633) main: wifi_init_sta finished.[0m
[0;32mI (643) wifi:new:<10,2>, old:<1,0>, ap:<255,255>, sta:<10,2>, prof:1, snd_ch_cfg:0x0[0m
[0;32mI (644) wifi:state: init -> auth (0xb0)[0m
[0;32mI (651) wifi:state: auth -> assoc (0x0)[0m
[0;32mI (659) wifi:state: assoc -> run (0x10)[0m
[0;32mI (791) wifi:connected with Tran Con Wifi 6, aid = 8, channel 10, 40D, bssid = 68:9e:29:0e:b1:a8[0m
[0;32mI (792) wifi:security: WPA2-PSK, phy: bgn, rssi: -51[0m
[0;32mI (795) wifi:pm start, type: 1[0m

[0;32mI (796) wifi:dp: 1, bi: 102400, li: 3, scale listen interval from 307200 us to 307200 us[0m
[0;32mI (804) wifi:set rx beacon pti, rx_bcn_pti: 14, bcn_timeout: 25000, mt_pti: 14, mt_time: 10000[0m
[0;32mI (813) wifi:AP's beacon interval = 102400 us, DTIM period = 1[0m
[0;32mI (4254) esp_netif_handlers: sta ip: 192.168.1.12, mask: 255.255.255.0, gw: 192.168.1.1[0m
[0;32mI (4254) main: got ip:192.168.1.12[0m
[0;32mI (4255) main: connected to ap SSID:Tran Con Wifi 6 password:password[0m
[0;32mI (4261) s3 ll_cam: DMA Channel=1[0m
[0;32mI (4263) cam_hal: cam init ok[0m
[0;32mI (4266) sccb-ng: pin_sda 4 pin_scl 5[0m
[0;32mI (4269) sccb-ng: sccb_i2c_port=1[0m
[0;32mI (4273) gpio: GPIO[38]| InputEn: 0| OutputEn: 1| OpenDrain: 0| Pullup: 0| Pulldown: 0| Intr:0 [0m
[0;32mI (4311) camera: Detected camera at address=0x30[0m
[0;32mI (4314) camera: Detected OV2640 camera[0m
[0;32mI (4314) camera: Camera PID=0x26 VER=0x42 MIDL=0x7f MIDH=0xa2[0m
[0;32mI (4384) cam_hal: buffer_size: 16384, half_buffer_size: 1024, node_buffer_size: 1024, node_cnt: 16, total_cnt: 153[0m
[0;32mI (4385) cam_hal: Allocating 157286 Byte frame buffer in PSRAM[0m
[0;32mI (4389) cam_hal: Allocating 157286 Byte frame buffer in PSRAM[0m
[0;32mI (4395) cam_hal: cam config ok[0m
[0;32mI (4397) ov2640: Set PLL: clk_2x: 0, clk_div: 0, pclk_auto: 0, pclk_div: 12[0m
[0;32mI (4472) main: Camera initing...[0m
[0;32mI (4476) ov2640: Set PLL: clk_2x: 0, clk_div: 0, pclk_auto: 0, pclk_div: 12[0m
[0;33mW (4477) cam_hal: NO-SOI[0m

***ERROR*** A stack overflow in task cam_task has been detected.


Backtrace: 0x40375b29:0x3fcc2f70 0x4037dbc9:0x3fcc2f90 0x4037ec56:0x3fcc2fb0 0x403803e9:0x3fcc3030 0x4037ed1c:0x3fcc3050 0x4037ed12:0x00000000 |<-CORRUPTED




ELF file SHA256: ab7e04628

Rebooting...
ESP-ROM:esp32s3-20210327
Build:Mar 27 2021
rst:0xc (RTC_SW_CPU_RST),boot:0xb (SPI_FAST_FLASH_BOOT)
Saved PC:0x40375adc
SPIWP:0xee
mode:DIO, clock div:1
load:0x3fce2810,len:0x159c
load:0x403c8700,len:0x4
load:0x403c8704,len:0xcc4
load:0x403cb700,len:0x2e94
entry 0x403c890c
[0;32mI (26) boot: ESP-IDF v5.4-dirty 2nd stage bootloader[0m
[0;32mI (26) boot: compile time Jan 16 2025 21:53:25[0m
[0;33mW (26) boot: Unicore bootloader[0m
[0;32mI (27) boot: chip revision: v0.2[0m
[0;32mI (29) boot: efuse block revision: v1.3[0m
[0;32mI (33) boot.esp32s3: Boot SPI Speed : 80MHz[0m
[0;32mI (37) boot.esp32s3: SPI Mode       : DIO[0m
[0;32mI (41) boot.esp32s3: SPI Flash Size : 16MB[0m
[0;32mI (44) boot: Enabling RNG early entropy source...[0m
[0;32mI (49) boot: Partition Table:[0m
[0;32mI (51) boot: ## Label            Usage          Type ST Offset   Length[0m
[0;32mI (58) boot:  0 nvs              WiFi data        01 02 00009000 00004000[0m
[0;32mI (64) boot:  1 otadata          OTA data         01 00 0000d000 00002000[0m
[0;32mI (71) boot:  2 phy_init         RF data          01 01 0000f000 00001000[0m
[0;32mI (77) boot:  3 ota_0            OTA app          00 10 00010000 001e0000[0m
[0;32mI (84) boot:  4 ota_1            OTA app          00 11 001f0000 001e0000[0m
[0;32mI (90) boot:  5 coredump         Unknown data     01 03 003d0000 00010000[0m
[0;32mI (97) boot:  6 reserved         Unknown data     01 fe 003e0000 00020000[0m
[0;32mI (103) boot: End of partition table[0m
[0;32mI (107) esp_image: segment 0: paddr=00010020 vaddr=3c0b0020 size=2245ch (140380) map[0m
[0;32mI (139) esp_image: segment 1: paddr=00032484 vaddr=3fc9ac00 size=05dbch ( 23996) load[0m
[0;32mI (144) esp_image: segment 2: paddr=00038248 vaddr=40374000 size=07dd0h ( 32208) load[0m
[0;32mI (152) esp_image: segment 3: paddr=00040020 vaddr=42000020 size=aad3ch (699708) map[0m
[0;32mI (275) esp_image: segment 4: paddr=000ead64 vaddr=4037bdd0 size=0edc0h ( 60864) load[0m
[0;32mI (289) esp_image: segment 5: paddr=000f9b2c vaddr=600fe100 size=0001ch (    28) load[0m
[0;32mI (298) boot: Loaded app from partition at offset 0x10000[0m
[0;32mI (298) boot: Disabling RNG early entropy source...[0m
[0;32mI (309) octal_psram: ECC is enabled[0m
[0;32mI (309) octal_psram: vendor id    : 0x0d (AP)[0m
[0;32mI (309) octal_psram: dev id       : 0x02 (generation 3)[0m
[0;32mI (310) octal_psram: density      : 0x03 (64 Mbit)[0m
[0;32mI (314) octal_psram: good-die     : 0x01 (Pass)[0m
[0;32mI (318) octal_psram: Latency      : 0x01 (Fixed)[0m
[0;32mI (323) octal_psram: VCC          : 0x01 (3V)[0m
[0;32mI (327) octal_psram: SRF          : 0x01 (Fast Refresh)[0m
[0;32mI (332) octal_psram: BurstType    : 0x00 ( Wrap)[0m
[0;32mI (336) octal_psram: BurstLen     : 0x03 (1024 Byte)[0m
[0;32mI (341) octal_psram: Readlatency  : 0x02 (10 cycles@Fixed)[0m
[0;32mI (346) octal_psram: DriveStrength: 0x00 (1/1)[0m
[0;32mI (351) MSPI Timing: PSRAM timing tuning index: 4[0m
[0;32mI (355) esp_psram: Found 8MB PSRAM device[0m
[0;32mI (358) esp_psram: Speed: 80MHz[0m
[0;32mI (361) cpu_start: Unicore app[0m
[0;32mI (364) cpu_start: Single core mode[0m
[0;32mI (379) cpu_start: Pro cpu start user code[0m
[0;32mI (379) cpu_start: cpu freq: 240000000 Hz[0m
[0;32mI (379) app_init: Application information:[0m
[0;32mI (379) app_init: Project name:     mesh_local_control[0m
[0;32mI (384) app_init: App version:      d5a6eb088-dirty[0m
[0;32mI (389) app_init: Compile time:     Jan 22 2025 20:06:25[0m
[0;32mI (394) app_init: ELF file SHA256:  ab7e04628...[0m
[0;32mI (398) app_init: ESP-IDF:          v5.4-dirty[0m
[0;32mI (402) efuse_init: Min chip rev:     v0.0[0m
[0;32mI (406) efuse_init: Max chip rev:     v0.99 [0m
[0;32mI (410) efuse_init: Chip rev:         v0.2[0m
[0;32mI (414) heap_init: Initializing. RAM available for dynamic allocation:[0m
[0;32mI (420) heap_init: At 3FCA5518 len 000441F8 (272 KiB): RAM[0m
[0;32mI (425) heap_init: At 3FCE9710 len 00005724 (21 KiB): RAM[0m
[0;32mI (430) heap_init: At 3FCF0000 len 00008000 (32 KiB): DRAM[0m
[0;32mI (436) heap_init: At 600FE11C len 00001ECC (7 KiB): RTCRAM[0m
[0;32mI (441) esp_psram: Adding pool of 7680K of PSRAM memory to heap allocator[0m
[0;32mI (448) spi_flash: detected chip: boya[0m
[0;32mI (451) spi_flash: flash io: dio[0m
[0;32mI (454) sleep_gpio: Configure to isolate all GPIO pins in sleep state[0m
[0;32mI (460) sleep_gpio: Enable automatic switching of GPIO sleep configuration[0m
[0;32mI (467) coexist: coex firmware version: 49a8cdc[0m
[0;32mI (471) coexist: coexist rom version e7ae62f[0m
[0;32mI (475) main_task: Started on CPU0[0m
[0;32mI (477) esp_psram: Reserving pool of 32K of internal memory for DMA/internal allocations[0m
[0;32mI (485) main_task: Calling app_main()[0m
[0;32mI (496) main: ESP_WIFI_MODE_STA[0m
[0;32mI (497) pp: pp rom version: e7ae62f[0m
[0;32mI (498) net80211: net80211 rom version: e7ae62f[0m
[0;32mI (500) wifi:wifi driver task: 3fcb7214, prio:23, stack:6656, core=0[0m
[0;32mI (509) wifi:wifi firmware version: 48ea317a7[0m
[0;32mI (510) wifi:wifi certification version: v7.0[0m
[0;32mI (513) wifi:config NVS flash: enabled[0m
[0;32mI (517) wifi:config nano formatting: disabled[0m
[0;32mI (521) wifi:Init data frame dynamic rx buffer num: 32[0m
[0;32mI (526) wifi:Init static rx mgmt buffer num: 5[0m
[0;32mI (530) wifi:Init management short buffer num: 32[0m
[0;32mI (534) wifi:Init dynamic tx buffer num: 32[0m
[0;32mI (538) wifi:Init static tx FG buffer num: 2[0m
[0;32mI (542) wifi:Init static rx buffer size: 1600[0m
[0;32mI (546) wifi:Init static rx buffer num: 10[0m
[0;32mI (550) wifi:Init dynamic rx buffer num: 32[0m
[0;32mI (554) wifi_init: accept mbox: 6[0m
[0;32mI (557) wifi_init: tcpip mbox: 32[0m
[0;32mI (560) wifi_init: udp mbox: 6[0m
[0;32mI (563) wifi_init: tcp mbox: 6[0m
[0;32mI (565) wifi_init: tcp tx win: 5760[0m
[0;32mI (569) wifi_init: tcp rx win: 5760[0m
[0;32mI (572) wifi_init: tcp mss: 1440[0m
[0;32mI (575) wifi_init: WiFi IRAM OP enabled[0m
[0;32mI (578) wifi_init: WiFi RX IRAM OP enabled[0m
[0;32mI (583) phy_init: phy_version 680,a6008b2,Jun  4 2024,16:41:10[0m
[0;32mI (617) wifi:mode : sta (24:ec:4a:3a:2b:ec)[0m
[0;32mI (618) wifi:enable tsf[0m
[0;32mI (621) main: wifi_init_sta finished.[0m
[0;32mI (628) wifi:new:<10,2>, old:<1,0>, ap:<255,255>, sta:<10,2>, prof:1, snd_ch_cfg:0x0[0m
[0;32mI (629) wifi:state: init -> auth (0xb0)[0m
[0;32mI (646) wifi:state: auth -> assoc (0x0)[0m
[0;32mI (653) wifi:state: assoc -> run (0x10)[0m
[0;32mI (788) wifi:connected with Tran Con Wifi 6, aid = 8, channel 10, 40D, bssid = 68:9e:29:0e:b1:a8[0m
[0;32mI (788) wifi:security: WPA2-PSK, phy: bgn, rssi: -50[0m
[0;32mI (791) wifi:pm start, type: 1[0m

[0;32mI (793) wifi:dp: 1, bi: 102400, li: 3, scale listen interval from 307200 us to 307200 us[0m
[0;32mI (801) wifi:set rx beacon pti, rx_bcn_pti: 14, bcn_timeout: 25000, mt_pti: 14, mt_time: 10000[0m
[0;32mI (810) wifi:AP's beacon interval = 102400 us, DTIM period = 1[0m
[0;32mI (4146) esp_netif_handlers: sta ip: 192.168.1.12, mask: 255.255.255.0, gw: 192.168.1.1[0m
[0;32mI (4146) main: got ip:192.168.1.12[0m
[0;32mI (4147) main: connected to ap SSID:Tran Con Wifi 6 password:password[0m
[0;32mI (4153) s3 ll_cam: DMA Channel=1[0m
[0;32mI (4155) cam_hal: cam init ok[0m
[0;32mI (4158) sccb-ng: pin_sda 4 pin_scl 5[0m
[0;32mI (4162) sccb-ng: sccb_i2c_port=1[0m
[0;32mI (4165) gpio: GPIO[38]| InputEn: 0| OutputEn: 1| OpenDrain: 0| Pullup: 0| Pulldown: 0| Intr:0 [0m
[0;32mI (4203) camera: Detected camera at address=0x30[0m
[0;32mI (4206) camera: Detected OV2640 camera[0m
[0;32mI (4206) camera: Camera PID=0x26 VER=0x42 MIDL=0x7f MIDH=0xa2[0m
[0;32mI (4276) cam_hal: buffer_size: 16384, half_buffer_size: 1024, node_buffer_size: 1024, node_cnt: 16, total_cnt: 153[0m
[0;32mI (4277) cam_hal: Allocating 157286 Byte frame buffer in PSRAM[0m
[0;32mI (4281) cam_hal: Allocating 157286 Byte frame buffer in PSRAM[0m
[0;32mI (4287) cam_hal: cam config ok[0m
[0;32mI (4289) ov2640: Set PLL: clk_2x: 0, clk_div: 0, pclk_auto: 0, pclk_div: 12[0m
[0;32mI (4364) main: Camera initing...[0m
[0;32mI (4367) ov2640: Set PLL: clk_2x: 0, clk_div: 0, pclk_auto: 0, pclk_div: 12[0m
[0;33mW (4369) cam_hal: NO-SOI[0m

***ERROR*** A stack overflow in task cam_task has been detected.


Backtrace: 0x40375b29:0x3fcc2ff0 0x4037dbc9:0x3fcc3010 0x4037ec56:0x3fcc3030 0x403803e9:0x3fcc30b0 0x4037ed1c:0x3fcc30d0 0x4037ed12:0x00000000 |<-CORRUPTED




ELF file SHA256: ab7e04628

Rebooting...
ESP-ROM:esp32s3-20210327
Build:Mar 27 2021
rst:0xc (RTC_SW_CPU_RST),boot:0xb (SPI_FAST_FLASH_BOOT)
Saved PC:0x40375adc
SPIWP:0xee
mode:DIO, clock div:1
load:0x3fce2810,len:0x159c
load:0x403c8700,len:0x4
load:0x403c8704,len:0xcc4
load:0x403cb700,len:0x2e94
entry 0x403c890c
[0;32mI (26) boot: ESP-IDF v5.4-dirty 2nd stage bootloader[0m
[0;32mI (26) boot: compile time Jan 16 2025 21:53:25[0m
[0;33mW (26) boot: Unicore bootloader[0m
[0;32mI (27) boot: chip revision: v0.2[0m
[0;32mI (29) boot: efuse block revision: v1.3[0m
[0;32mI (33) boot.esp32s3: Boot SPI Speed : 80MHz[0m
[0;32mI (37) boot.esp32s3: SPI Mode       : DIO[0m
[0;32mI (41) boot.esp32s3: SPI Flash Size : 16MB[0m
[0;32mI (44) boot: Enabling RNG early entropy source...[0m
[0;32mI (49) boot: Partition Table:[0m
[0;32mI (51) boot: ## Label            Usage          Type ST Offset   Length[0m
[0;32mI (58) boot:  0 nvs              WiFi data        01 02 00009000 00004000[0m
[0;32mI (64) boot:  1 otadata          OTA data         01 00 0000d000 00002000[0m
[0;32mI (71) boot:  2 phy_init         RF data          01 01 0000f000 00001000[0m
[0;32mI (77) boot:  3 ota_0            OTA app          00 10 00010000 001e0000[0m
[0;32mI (84) boot:  4 ota_1            OTA app          00 11 001f0000 001e0000[0m
[0;32mI (90) boot:  5 coredump         Unknown data     01 03 003d0000 00010000[0m
[0;32mI (97) boot:  6 reserved         Unknown data     01 fe 003e0000 00020000[0m
[0;32mI (103) boot: End of partition table[0m
[0;32mI (107) esp_image: segment 0: paddr=00010020 vaddr=3c0b0020 size=2245ch (140380) map[0m
[0;32mI (139) esp_image: segment 1: paddr=00032484 vaddr=3fc9ac00 size=05dbch ( 23996) load[0m
[0;32mI (144) esp_image: segment 2: paddr=00038248 vaddr=40374000 size=07dd0h ( 32208) load[0m
[0;32mI (152) esp_image: segment 3: paddr=00040020 vaddr=42000020 size=aad3ch (699708) map[0m
[0;32mI (275) esp_image: segment 4: paddr=000ead64 vaddr=4037bdd0 size=0edc0h ( 60864) load[0m
[0;32mI (289) esp_image: segment 5: paddr=000f9b2c vaddr=600fe100 size=0001ch (    28) load[0m
[0;32mI (298) boot: Loaded app from partition at offset 0x10000[0m
[0;32mI (298) boot: Disabling RNG early entropy source...[0m
[0;32mI (309) octal_psram: ECC is enabled[0m
[0;32mI (309) octal_psram: vendor id    : 0x0d (AP)[0m
[0;32mI (309) octal_psram: dev id       : 0x02 (generation 3)[0m
[0;32mI (310) octal_psram: density      : 0x03 (64 Mbit)[0m
[0;32mI (314) octal_psram: good-die     : 0x01 (Pass)[0m
[0;32mI (318) octal_psram: Latency      : 0x01 (Fixed)[0m
[0;32mI (323) octal_psram: VCC          : 0x01 (3V)[0m
[0;32mI (327) octal_psram: SRF          : 0x01 (Fast Refresh)[0m
[0;32mI (332) octal_psram: BurstType    : 0x00 ( Wrap)[0m
[0;32mI (336) octal_psram: BurstLen     : 0x03 (1024 Byte)[0m
[0;32mI (341) octal_psram: Readlatency  : 0x02 (10 cycles@Fixed)[0m
[0;32mI (346) octal_psram: DriveStrength: 0x00 (1/1)[0m
[0;32mI (351) MSPI Timing: PSRAM timing tuning index: 4[0m
[0;32mI (355) esp_psram: Found 8MB PSRAM device[0m
[0;32mI (358) esp_psram: Speed: 80MHz[0m
[0;32mI (361) cpu_start: Unicore app[0m
[0;32mI (364) cpu_start: Single core mode[0m
[0;32mI (379) cpu_start: Pro cpu start user code[0m
[0;32mI (379) cpu_start: cpu freq: 240000000 Hz[0m
[0;32mI (379) app_init: Application information:[0m
[0;32mI (379) app_init: Project name:     mesh_local_control[0m
[0;32mI (384) app_init: App version:      d5a6eb088-dirty[0m
[0;32mI (389) app_init: Compile time:     Jan 22 2025 20:06:25[0m
[0;32mI (394) app_init: ELF file SHA256:  ab7e04628...[0m
[0;32mI (398) app_init: ESP-IDF:          v5.4-dirty[0m
[0;32mI (402) efuse_init: Min chip rev:     v0.0[0m
[0;32mI (406) efuse_init: Max chip rev:     v0.99 [0m
[0;32mI (410) efuse_init: Chip rev:         v0.2[0m
[0;32mI (414) heap_init: Initializing. RAM available for dynamic allocation:[0m
[0;32mI (420) heap_init: At 3FCA5518 len 000441F8 (272 KiB): RAM[0m
[0;32mI (425) heap_init: At 3FCE9710 len 00005724 (21 KiB): RAM[0m
[0;32mI (430) heap_init: At 3FCF0000 len 00008000 (32 KiB): DRAM[0m
[0;32mI (436) heap_init: At 600FE11C len 00001ECC (7 KiB): RTCRAM[0m
[0;32mI (441) esp_psram: Adding pool of 7680K of PSRAM memory to heap allocator[0m
[0;32mI (448) spi_flash: detected chip: boya[0m
[0;32mI (451) spi_flash: flash io: dio[0m
[0;32mI (454) sleep_gpio: Configure to isolate all GPIO pins in sleep state[0m
[0;32mI (460) sleep_gpio: Enable automatic switching of GPIO sleep configuration[0m
[0;32mI (467) coexist: coex firmware version: 49a8cdc[0m
[0;32mI (471) coexist: coexist rom version e7ae62f[0m
[0;32mI (475) main_task: Started on CPU0[0m
[0;32mI (477) esp_psram: Reserving pool of 32K of internal memory for DMA/internal allocations[0m
[0;32mI (485) main_task: Calling app_main()[0m
[0;32mI (496) main: ESP_WIFI_MODE_STA[0m
[0;32mI (497) pp: pp rom version: e7ae62f[0m
[0;32mI (498) net80211: net80211 rom version: e7ae62f[0m
[0;32mI (500) wifi:wifi driver task: 3fcb7214, prio:23, stack:6656, core=0[0m
[0;32mI (509) wifi:wifi firmware version: 48ea317a7[0m
[0;32mI (510) wifi:wifi certification version: v7.0[0m
[0;32mI (513) wifi:config NVS flash: enabled[0m
[0;32mI (517) wifi:config nano formatting: disabled[0m
[0;32mI (521) wifi:Init data frame dynamic rx buffer num: 32[0m
[0;32mI (526) wifi:Init static rx mgmt buffer num: 5[0m
[0;32mI (530) wifi:Init management short buffer num: 32[0m
[0;32mI (534) wifi:Init dynamic tx buffer num: 32[0m
[0;32mI (538) wifi:Init static tx FG buffer num: 2[0m
[0;32mI (542) wifi:Init static rx buffer size: 1600[0m
[0;32mI (546) wifi:Init static rx buffer num: 10[0m
[0;32mI (550) wifi:Init dynamic rx buffer num: 32[0m
[0;32mI (554) wifi_init: accept mbox: 6[0m
[0;32mI (557) wifi_init: tcpip mbox: 32[0m
[0;32mI (560) wifi_init: udp mbox: 6[0m
[0;32mI (563) wifi_init: tcp mbox: 6[0m
[0;32mI (565) wifi_init: tcp tx win: 5760[0m
[0;32mI (569) wifi_init: tcp rx win: 5760[0m
[0;32mI (572) wifi_init: tcp mss: 1440[0m
[0;32mI (575) wifi_init: WiFi IRAM OP enabled[0m
[0;32mI (578) wifi_init: WiFi RX IRAM OP enabled[0m
[0;32mI (583) phy_init: phy_version 680,a6008b2,Jun  4 2024,16:41:10[0m
[0;32mI (617) wifi:mode : sta (24:ec:4a:3a:2b:ec)[0m
[0;32mI (618) wifi:enable tsf[0m
[0;32mI (621) main: wifi_init_sta finished.[0m
[0;32mI (630) wifi:new:<10,2>, old:<1,0>, ap:<255,255>, sta:<10,2>, prof:1, snd_ch_cfg:0x0[0m
[0;32mI (631) wifi:state: init -> auth (0xb0)[0m
[0;32mI (641) wifi:state: auth -> assoc (0x0)[0m
[0;32mI (651) wifi:state: assoc -> run (0x10)[0m
[0;32mI (743) wifi:connected with Tran Con Wifi 6, aid = 8, channel 10, 40D, bssid = 68:9e:29:0e:b1:a8[0m
[0;32mI (743) wifi:security: WPA2-PSK, phy: bgn, rssi: -50[0m
[0;32mI (746) wifi:pm start, type: 1[0m

[0;32mI (748) wifi:dp: 1, bi: 102400, li: 3, scale listen interval from 307200 us to 307200 us[0m
[0;32mI (756) wifi:set rx beacon pti, rx_bcn_pti: 14, bcn_timeout: 25000, mt_pti: 14, mt_time: 10000[0m
[0;32mI (789) wifi:AP's beacon interval = 102400 us, DTIM period = 1[0m
[0;32mI (4172) esp_netif_handlers: sta ip: 192.168.1.12, mask: 255.255.255.0, gw: 192.168.1.1[0m
[0;32mI (4172) main: got ip:192.168.1.12[0m
[0;32mI (4173) main: connected to ap SSID:Tran Con Wifi 6 password:password[0m
[0;32mI (4179) s3 ll_cam: DMA Channel=1[0m
[0;32mI (4181) cam_hal: cam init ok[0m
[0;32mI (4184) sccb-ng: pin_sda 4 pin_scl 5[0m
[0;32mI (4187) sccb-ng: sccb_i2c_port=1[0m
[0;32mI (4191) gpio: GPIO[38]| InputEn: 0| OutputEn: 1| OpenDrain: 0| Pullup: 0| Pulldown: 0| Intr:0 [0m
[0;32mI (4229) camera: Detected camera at address=0x30[0m
[0;32mI (4232) camera: Detected OV2640 camera[0m
[0;32mI (4232) camera: Camera PID=0x26 VER=0x42 MIDL=0x7f MIDH=0xa2[0m
[0;32mI (4302) cam_hal: buffer_size: 16384, half_buffer_size: 1024, node_buffer_size: 1024, node_cnt: 16, total_cnt: 153[0m
[0;32mI (4303) cam_hal: Allocating 157286 Byte frame buffer in PSRAM[0m
[0;32mI (4307) cam_hal: Allocating 157286 Byte frame buffer in PSRAM[0m
[0;32mI (4313) cam_hal: cam config ok[0m
[0;32mI (4315) ov2640: Set PLL: clk_2x: 0, clk_div: 0, pclk_auto: 0, pclk_div: 12[0m
[0;32mI (4391) main: Camera initing...[0m
[0;32mI (4393) ov2640: Set PLL: clk_2x: 0, clk_div: 0, pclk_auto: 0, pclk_div: 12[0m
[0;33mW (4395) cam_hal: NO-SOI[0m

***ERROR*** A stack overflow in task cam_task has been detected.


Backtrace: 0x40375b29:0x3fcc2ff0 0x4037dbc9:0x3fcc3010 0x4037ec56:0x3fcc3030 0x403803e9:0x3fcc30b0 0x4037ed1c:0x3fcc30d0 0x4037ed12:0x00000000 |<-CORRUPTED




ELF file SHA256: ab7e04628

Rebooting...
ESP-ROM:esp32s3-20210327
Build:Mar 27 2021
rst:0xc (RTC_SW_CPU_RST),boot:0xb (SPI_FAST_FLASH_BOOT)
Saved PC:0x40375adc
SPIWP:0xee
mode:DIO, clock div:1
load:0x3fce2810,len:0x159c
load:0x403c8700,len:0x4
load:0x403c8704,len:0xcc4
load:0x403cb700,len:0x2e94
entry 0x403c890c
[0;32mI (26) boot: ESP-IDF v5.4-dirty 2nd stage bootloader[0m
[0;32mI (26) boot: compile time Jan 16 2025 21:53:25[0m
[0;33mW (26) boot: Unicore bootloader[0m
[0;32mI (27) boot: chip revision: v0.2[0m
[0;32mI (29) boot: efuse block revision: v1.3[0m
[0;32mI (33) boot.esp32s3: Boot SPI Speed : 80MHz[0m
[0;32mI (37) boot.esp32s3: SPI Mode       : DIO[0m
[0;32mI (41) boot.esp32s3: SPI Flash Size : 16MB[0m
[0;32mI (44) boot: Enabling RNG early entropy source...[0m
[0;32mI (49) boot: Partition Table:[0m
[0;32mI (51) boot: ## Label            Usage          Type ST Offset   Length[0m
[0;32mI (58) boot:  0 nvs              WiFi data        01 02 00009000 00004000[0m
[0;32mI (64) boot:  1 otadata          OTA data         01 00 0000d000 00002000[0m
[0;32mI (71) boot:  2 phy_init         RF data          01 01 0000f000 00001000[0m
[0;32mI (77) boot:  3 ota_0            OTA app          00 10 00010000 001e0000[0m
[0;32mI (84) boot:  4 ota_1            OTA app          00 11 001f0000 001e0000[0m
[0;32mI (90) boot:  5 coredump         Unknown data     01 03 003d0000 00010000[0m
[0;32mI (97) boot:  6 reserved         Unknown data     01 fe 003e0000 00020000[0m
[0;32mI (103) boot: End of partition table[0m
[0;32mI (107) esp_image: segment 0: paddr=00010020 vaddr=3c0b0020 size=2245ch (140380) map[0m
[0;32mI (139) esp_image: segment 1: paddr=00032484 vaddr=3fc9ac00 size=05dbch ( 23996) load[0m
[0;32mI (144) esp_image: segment 2: paddr=00038248 vaddr=40374000 size=07dd0h ( 32208) load[0m
[0;32mI (152) esp_image: segment 3: paddr=00040020 vaddr=42000020 size=aad3ch (699708) map[0m
[0;32mI (275) esp_image: segment 4: paddr=000ead64 vaddr=4037bdd0 size=0edc0h ( 60864) load[0m
[0;32mI (289) esp_image: segment 5: paddr=000f9b2c vaddr=600fe100 size=0001ch (    28) load[0m
[0;32mI (298) boot: Loaded app from partition at offset 0x10000[0m
[0;32mI (298) boot: Disabling RNG early entropy source...[0m
[0;32mI (309) octal_psram: ECC is enabled[0m
[0;32mI (309) octal_psram: vendor id    : 0x0d (AP)[0m
[0;32mI (309) octal_psram: dev id       : 0x02 (generation 3)[0m
[0;32mI (310) octal_psram: density      : 0x03 (64 Mbit)[0m
[0;32mI (314) octal_psram: good-die     : 0x01 (Pass)[0m
[0;32mI (318) octal_psram: Latency      : 0x01 (Fixed)[0m
[0;32mI (323) octal_psram: VCC          : 0x01 (3V)[0m
[0;32mI (327) octal_psram: SRF          : 0x01 (Fast Refresh)[0m
[0;32mI (332) octal_psram: BurstType    : 0x00 ( Wrap)[0m
[0;32mI (336) octal_psram: BurstLen     : 0x03 (1024 Byte)[0m
[0;32mI (341) octal_psram: Readlatency  : 0x02 (10 cycles@Fixed)[0m
[0;32mI (346) octal_psram: DriveStrength: 0x00 (1/1)[0m
[0;32mI (351) MSPI Timing: PSRAM timing tuning index: 4[0m
[0;32mI (355) esp_psram: Found 8MB PSRAM device[0m
[0;32mI (358) esp_psram: Speed: 80MHz[0m
[0;32mI (361) cpu_start: Unicore app[0m
[0;32mI (364) cpu_start: Single core mode[0m
[0;32mI (379) cpu_start: Pro cpu start user code[0m
[0;32mI (379) cpu_start: cpu freq: 240000000 Hz[0m
[0;32mI (379) app_init: Application information:[0m
[0;32mI (379) app_init: Project name:     mesh_local_control[0m
[0;32mI (384) app_init: App version:      d5a6eb088-dirty[0m
[0;32mI (389) app_init: Compile time:     Jan 22 2025 20:06:25[0m
[0;32mI (394) app_init: ELF file SHA256:  ab7e04628...[0m
[0;32mI (398) app_init: ESP-IDF:          v5.4-dirty[0m
[0;32mI (402) efuse_init: Min chip rev:     v0.0[0m
[0;32mI (406) efuse_init: Max chip rev:     v0.99 [0m
[0;32mI (410) efuse_init: Chip rev:         v0.2[0m
[0;32mI (414) heap_init: Initializing. RAM available for dynamic allocation:[0m
[0;32mI (420) heap_init: At 3FCA5518 len 000441F8 (272 KiB): RAM[0m
[0;32mI (425) heap_init: At 3FCE9710 len 00005724 (21 KiB): RAM[0m
[0;32mI (430) heap_init: At 3FCF0000 len 00008000 (32 KiB): DRAM[0m
[0;32mI (436) heap_init: At 600FE11C len 00001ECC (7 KiB): RTCRAM[0m
[0;32mI (441) esp_psram: Adding pool of 7680K of PSRAM memory to heap allocator[0m
[0;32mI (448) spi_flash: detected chip: boya[0m
[0;32mI (451) spi_flash: flash io: dio[0m
[0;32mI (454) sleep_gpio: Configure to isolate all GPIO pins in sleep state[0m
[0;32mI (460) sleep_gpio: Enable automatic switching of GPIO sleep configuration[0m
[0;32mI (467) coexist: coex firmware version: 49a8cdc[0m
[0;32mI (471) coexist: coexist rom version e7ae62f[0m
[0;32mI (475) main_task: Started on CPU0[0m
[0;32mI (477) esp_psram: Reserving pool of 32K of internal memory for DMA/internal allocations[0m
[0;32mI (485) main_task: Calling app_main()[0m
[0;32mI (496) main: ESP_WIFI_MODE_STA[0m
[0;32mI (497) pp: pp rom version: e7ae62f[0m
[0;32mI (498) net80211: net80211 rom version: e7ae62f[0m
[0;32mI (500) wifi:wifi driver task: 3fcb7214, prio:23, stack:6656, core=0[0m
[0;32mI (509) wifi:wifi firmware version: 48ea317a7[0m
[0;32mI (510) wifi:wifi certification version: v7.0[0m
[0;32mI (513) wifi:config NVS flash: enabled[0m
[0;32mI (517) wifi:config nano formatting: disabled[0m
[0;32mI (521) wifi:Init data frame dynamic rx buffer num: 32[0m
[0;32mI (526) wifi:Init static rx mgmt buffer num: 5[0m
[0;32mI (530) wifi:Init management short buffer num: 32[0m
[0;32mI (534) wifi:Init dynamic tx buffer num: 32[0m
[0;32mI (538) wifi:Init static tx FG buffer num: 2[0m
[0;32mI (542) wifi:Init static rx buffer size: 1600[0m
[0;32mI (546) wifi:Init static rx buffer num: 10[0m
[0;32mI (550) wifi:Init dynamic rx buffer num: 32[0m
[0;32mI (554) wifi_init: accept mbox: 6[0m
[0;32mI (557) wifi_init: tcpip mbox: 32[0m
[0;32mI (560) wifi_init: udp mbox: 6[0m
[0;32mI (563) wifi_init: tcp mbox: 6[0m
[0;32mI (565) wifi_init: tcp tx win: 5760[0m
[0;32mI (569) wifi_init: tcp rx win: 5760[0m
[0;32mI (572) wifi_init: tcp mss: 1440[0m
[0;32mI (575) wifi_init: WiFi IRAM OP enabled[0m
[0;32mI (578) wifi_init: WiFi RX IRAM OP enabled[0m
[0;32mI (583) phy_init: phy_version 680,a6008b2,Jun  4 2024,16:41:10[0m
[0;32mI (617) wifi:mode : sta (24:ec:4a:3a:2b:ec)[0m
[0;32mI (618) wifi:enable tsf[0m
[0;32mI (621) main: wifi_init_sta finished.[0m
[0;32mI (627) wifi:new:<10,2>, old:<1,0>, ap:<255,255>, sta:<10,2>, prof:1, snd_ch_cfg:0x0[0m
[0;32mI (629) wifi:state: init -> auth (0xb0)[0m
[0;32mI (637) wifi:state: auth -> assoc (0x0)[0m
[0;32mI (645) wifi:state: assoc -> run (0x10)[0m
[0;32mI (730) wifi:connected with Tran Con Wifi 6, aid = 8, channel 10, 40D, bssid = 68:9e:29:0e:b1:a8[0m
[0;32mI (731) wifi:security: WPA2-PSK, phy: bgn, rssi: -49[0m
[0;32mI (734) wifi:pm start, type: 1[0m

[0;32mI (736) wifi:dp: 1, bi: 102400, li: 3, scale listen interval from 307200 us to 307200 us[0m
[0;32mI (744) wifi:set rx beacon pti, rx_bcn_pti: 14, bcn_timeout: 25000, mt_pti: 14, mt_time: 10000[0m
[0;32mI (764) wifi:AP's beacon interval = 102400 us, DTIM period = 1[0m
[0;32mI (4025) esp_netif_handlers: sta ip: 192.168.1.12, mask: 255.255.255.0, gw: 192.168.1.1[0m
[0;32mI (4025) main: got ip:192.168.1.12[0m
[0;32mI (4026) main: connected to ap SSID:Tran Con Wifi 6 password:password[0m
[0;32mI (4032) s3 ll_cam: DMA Channel=1[0m
[0;32mI (4035) cam_hal: cam init ok[0m
[0;32mI (4037) sccb-ng: pin_sda 4 pin_scl 5[0m
[0;32mI (4040) sccb-ng: sccb_i2c_port=1[0m
[0;32mI (4044) gpio: GPIO[38]| InputEn: 0| OutputEn: 1| OpenDrain: 0| Pullup: 0| Pulldown: 0| Intr:0 [0m
[0;32mI (4082) camera: Detected camera at address=0x30[0m
[0;32mI (4085) camera: Detected OV2640 camera[0m
[0;32mI (4085) camera: Camera PID=0x26 VER=0x42 MIDL=0x7f MIDH=0xa2[0m
[0;32mI (4156) cam_hal: buffer_size: 16384, half_buffer_size: 1024, node_buffer_size: 1024, node_cnt: 16, total_cnt: 153[0m
[0;32mI (4156) cam_hal: Allocating 157286 Byte frame buffer in PSRAM[0m
[0;32mI (4161) cam_hal: Allocating 157286 Byte frame buffer in PSRAM[0m
[0;32mI (4167) cam_hal: cam config ok[0m
[0;32mI (4169) ov2640: Set PLL: clk_2x: 0, clk_div: 0, pclk_auto: 0, pclk_div: 12[0m
[0;32mI (4245) main: Camera initing...[0m
[0;32mI (4248) ov2640: Set PLL: clk_2x: 0, clk_div: 0, pclk_auto: 0, pclk_div: 12[0m
[0;33mW (4249) cam_hal: NO-SOI[0m

***ERROR*** A stack overflow in task cam_task has been detected.


Backtrace: 0x40375b29:0x3fcc2f70 0x4037dbc9:0x3fcc2f90 0x4037ec56:0x3fcc2fb0 0x403803e9:0x3fcc3030 0x4037ed1c:0x3fcc3050 0x4037ed12:0x00000000 |<-CORRUPTED




ELF file SHA256: ab7e04628

Rebooting...
ESP-ROM:esp32s3-20210327
Build:Mar 27 2021
rst:0xc (RTC_SW_CPU_RST),boot:0xb (SPI_FAST_FLASH_BOOT)
Saved PC:0x40375adc
SPIWP:0xee
mode:DIO, clock div:1
load:0x3fce2810,len:0x159c
load:0x403c8700,len:0x4
load:0x403c8704,len:0xcc4
load:0x403cb700,len:0x2e94
entry 0x403c890c
[0;32mI (26) boot: ESP-IDF v5.4-dirty 2nd stage bootloader[0m
[0;32mI (26) boot: compile time Jan 16 2025 21:53:25[0m
[0;33mW (26) boot: Unicore bootloader[0m
[0;32mI (27) boot: chip revision: v0.2[0m
[0;32mI (29) boot: efuse block revision: v1.3[0m
[0;32mI (33) boot.esp32s3: Boot SPI Speed : 80MHz[0m
[0;32mI (37) boot.esp32s3: SPI Mode       : DIO[0m
[0;32mI (41) boot.esp32s3: SPI Flash Size : 16MB[0m
[0;32mI (44) boot: Enabling RNG early entropy source...[0m
[0;32mI (49) boot: Partition Table:[0m
[0;32mI (51) boot: ## Label            Usage          Type ST Offset   Length[0m
[0;32mI (58) boot:  0 nvs              WiFi data        01 02 00009000 00004000[0m
[0;32mI (64) boot:  1 otadata          OTA data         01 00 0000d000 00002000[0m
[0;32mI (71) boot:  2 phy_init         RF data          01 01 0000f000 00001000[0m
[0;32mI (77) boot:  3 ota_0            OTA app          00 10 00010000 001e0000[0m
[0;32mI (84) boot:  4 ota_1            OTA app          00 11 001f0000 001e0000[0m
[0;32mI (90) boot:  5 coredump         Unknown data     01 03 003d0000 00010000[0m
[0;32mI (97) boot:  6 reserved         Unknown data     01 fe 003e0000 00020000[0m
[0;32mI (103) boot: End of partition table[0m
[0;32mI (107) esp_image: segment 0: paddr=00010020 vaddr=3c0b0020 size=2245ch (140380) map[0m
[0;32mI (139) esp_image: segment 1: paddr=00032484 vaddr=3fc9ac00 size=05dbch ( 23996) load[0m
[0;32mI (144) esp_image: segment 2: paddr=00038248 vaddr=40374000 size=07dd0h ( 32208) load[0m
[0;32mI (152) esp_image: segment 3: paddr=00040020 vaddr=42000020 size=aad3ch (699708) map[0m
[0;32mI (275) esp_image: segment 4: paddr=000ead64 vaddr=4037bdd0 size=0edc0h ( 60864) load[0m
[0;32mI (289) esp_image: segment 5: paddr=000f9b2c vaddr=600fe100 size=0001ch (    28) load[0m
[0;32mI (298) boot: Loaded app from partition at offset 0x10000[0m
[0;32mI (299) boot: Disabling RNG early entropy source...[0m
[0;32mI (309) octal_psram: ECC is enabled[0m
[0;32mI (309) octal_psram: vendor id    : 0x0d (AP)[0m
[0;32mI (309) octal_psram: dev id       : 0x02 (generation 3)[0m
[0;32mI (310) octal_psram: density      : 0x03 (64 Mbit)[0m
[0;32mI (314) octal_psram: good-die     : 0x01 (Pass)[0m
[0;32mI (318) octal_psram: Latency      : 0x01 (Fixed)[0m
[0;32mI (323) octal_psram: VCC          : 0x01 (3V)[0m
[0;32mI (327) octal_psram: SRF          : 0x01 (Fast Refresh)[0m
[0;32mI (332) octal_psram: BurstType    : 0x00 ( Wrap)[0m
[0;32mI (336) octal_psram: BurstLen     : 0x03 (1024 Byte)[0m
[0;32mI (341) octal_psram: Readlatency  : 0x02 (10 cycles@Fixed)[0m
[0;32mI (346) octal_psram: DriveStrength: 0x00 (1/1)[0m
[0;32mI (351) MSPI Timing: PSRAM timing tuning index: 4[0m
[0;32mI (355) esp_psram: Found 8MB PSRAM device[0m
[0;32mI (358) esp_psram: Speed: 80MHz[0m
[0;32mI (361) cpu_start: Unicore app[0m
[0;32mI (364) cpu_start: Single core mode[0m
[0;32mI (379) cpu_start: Pro cpu start user code[0m
[0;32mI (379) cpu_start: cpu freq: 240000000 Hz[0m
[0;32mI (379) app_init: Application information:[0m
[0;32mI (379) app_init: Project name:     mesh_local_control[0m
[0;32mI (384) app_init: App version:      d5a6eb088-dirty[0m
[0;32mI (389) app_init: Compile time:     Jan 22 2025 20:06:25[0m
[0;32mI (394) app_init: ELF file SHA256:  ab7e04628...[0m
[0;32mI (398) app_init: ESP-IDF:          v5.4-dirty[0m
[0;32mI (402) efuse_init: Min chip rev:     v0.0[0m
[0;32mI (406) efuse_init: Max chip rev:     v0.99 [0m
[0;32mI (410) efuse_init: Chip rev:         v0.2[0m
[0;32mI (414) heap_init: Initializing. RAM available for dynamic allocation:[0m
[0;32mI (420) heap_init: At 3FCA5518 len 000441F8 (272 KiB): RAM[0m
[0;32mI (425) heap_init: At 3FCE9710 len 00005724 (21 KiB): RAM[0m
[0;32mI (430) heap_init: At 3FCF0000 len 00008000 (32 KiB): DRAM[0m
[0;32mI (436) heap_init: At 600FE11C len 00001ECC (7 KiB): RTCRAM[0m
[0;32mI (441) esp_psram: Adding pool of 7680K of PSRAM memory to heap allocator[0m
[0;32mI (448) spi_flash: detected chip: boya[0m
[0;32mI (451) spi_flash: flash io: dio[0m
[0;32mI (454) sleep_gpio: Configure to isolate all GPIO pins in sleep state[0m
[0;32mI (460) sleep_gpio: Enable automatic switching of GPIO sleep configuration[0m
[0;32mI (467) coexist: coex firmware version: 49a8cdc[0m
[0;32mI (471) coexist: coexist rom version e7ae62f[0m
[0;32mI (475) main_task: Started on CPU0[0m
[0;32mI (477) esp_psram: Reserving pool of 32K of internal memory for DMA/internal allocations[0m
[0;32mI (485) main_task: Calling app_main()[0m
[0;32mI (496) main: ESP_WIFI_MODE_STA[0m
[0;32mI (497) pp: pp rom version: e7ae62f[0m
[0;32mI (498) net80211: net80211 rom version: e7ae62f[0m
[0;32mI (500) wifi:wifi driver task: 3fcb7214, prio:23, stack:6656, core=0[0m
[0;32mI (509) wifi:wifi firmware version: 48ea317a7[0m
[0;32mI (510) wifi:wifi certification version: v7.0[0m
[0;32mI (513) wifi:config NVS flash: enabled[0m
[0;32mI (517) wifi:config nano formatting: disabled[0m
[0;32mI (521) wifi:Init data frame dynamic rx buffer num: 32[0m
[0;32mI (526) wifi:Init static rx mgmt buffer num: 5[0m
[0;32mI (530) wifi:Init management short buffer num: 32[0m
[0;32mI (534) wifi:Init dynamic tx buffer num: 32[0m
[0;32mI (538) wifi:Init static tx FG buffer num: 2[0m
[0;32mI (542) wifi:Init static rx buffer size: 1600[0m
[0;32mI (546) wifi:Init static rx buffer num: 10[0m
[0;32mI (550) wifi:Init dynamic rx buffer num: 32[0m
[0;32mI (554) wifi_init: accept mbox: 6[0m
[0;32mI (557) wifi_init: tcpip mbox: 32[0m
[0;32mI (560) wifi_init: udp mbox: 6[0m
[0;32mI (563) wifi_init: tcp mbox: 6[0m
[0;32mI (565) wifi_init: tcp tx win: 5760[0m
[0;32mI (569) wifi_init: tcp rx win: 5760[0m
[0;32mI (572) wifi_init: tcp mss: 1440[0m
[0;32mI (575) wifi_init: WiFi IRAM OP enabled[0m
[0;32mI (578) wifi_init: WiFi RX IRAM OP enabled[0m
[0;32mI (583) phy_init: phy_version 680,a6008b2,Jun  4 2024,16:41:10[0m
[0;32mI (617) wifi:mode : sta (24:ec:4a:3a:2b:ec)[0m
[0;32mI (618) wifi:enable tsf[0m
[0;32mI (621) main: wifi_init_sta finished.[0m
[0;32mI (627) wifi:new:<10,2>, old:<1,0>, ap:<255,255>, sta:<10,2>, prof:1, snd_ch_cfg:0x0[0m
[0;32mI (628) wifi:state: init -> auth (0xb0)[0m
[0;32mI (639) wifi:state: auth -> assoc (0x0)[0m
[0;32mI (646) wifi:state: assoc -> run (0x10)[0m
[0;32mI (727) wifi:connected with Tran Con Wifi 6, aid = 8, channel 10, 40D, bssid = 68:9e:29:0e:b1:a8[0m
[0;32mI (728) wifi:security: WPA2-PSK, phy: bgn, rssi: -52[0m
[0;32mI (731) wifi:pm start, type: 1[0m

[0;32mI (733) wifi:dp: 1, bi: 102400, li: 3, scale listen interval from 307200 us to 307200 us[0m
[0;32mI (741) wifi:set rx beacon pti, rx_bcn_pti: 14, bcn_timeout: 25000, mt_pti: 14, mt_time: 10000[0m
[0;32mI (782) wifi:AP's beacon interval = 102400 us, DTIM period = 1[0m
[0;32mI (4039) esp_netif_handlers: sta ip: 192.168.1.12, mask: 255.255.255.0, gw: 192.168.1.1[0m
[0;32mI (4039) main: got ip:192.168.1.12[0m
[0;32mI (4040) main: connected to ap SSID:Tran Con Wifi 6 password:password[0m
[0;32mI (4046) s3 ll_cam: DMA Channel=1[0m
[0;32mI (4048) cam_hal: cam init ok[0m
[0;32mI (4051) sccb-ng: pin_sda 4 pin_scl 5[0m
[0;32mI (4054) sccb-ng: sccb_i2c_port=1[0m
[0;32mI (4058) gpio: GPIO[38]| InputEn: 0| OutputEn: 1| OpenDrain: 0| Pullup: 0| Pulldown: 0| Intr:0 [0m
[0;32mI (4096) camera: Detected camera at address=0x30[0m
[0;32mI (4099) camera: Detected OV2640 camera[0m
[0;32mI (4099) camera: Camera PID=0x26 VER=0x42 MIDL=0x7f MIDH=0xa2[0m
[0;32mI (4170) cam_hal: buffer_size: 16384, half_buffer_size: 1024, node_buffer_size: 1024, node_cnt: 16, total_cnt: 153[0m
[0;32mI (4170) cam_hal: Allocating 157286 Byte frame buffer in PSRAM[0m
[0;32mI (4175) cam_hal: Allocating 157286 Byte frame buffer in PSRAM[0m
[0;32mI (4180) cam_hal: cam config ok[0m
[0;32mI (4183) ov2640: Set PLL: clk_2x: 0, clk_div: 0, pclk_auto: 0, pclk_div: 12[0m
[0;32mI (4259) main: Camera initing...[0m
[0;32mI (4262) ov2640: Set PLL: clk_2x: 0, clk_div: 0, pclk_auto: 0, pclk_div: 12[0m
[0;33mW (4263) cam_hal: NO-SOI[0m

***ERROR*** A stack overflow in task cam_task has been detected.


Backtrace: 0x40375b29:0x3fcc2f70 0x4037dbc9:0x3fcc2f90 0x4037ec56:0x3fcc2fb0 0x403803e9:0x3fcc3030 0x4037ed1c:0x3fcc3050 0x4037ed12:0x00000000 |<-CORRUPTED




ELF file SHA256: ab7e04628

Rebooting...
ESP-ROM:esp32s3-20210327
Build:Mar 27 2021
rst:0xc (RTC_SW_CPU_RST),boot:0xb (SPI_FAST_FLASH_BOOT)
Saved PC:0x40375adc
SPIWP:0xee
mode:DIO, clock div:1
load:0x3fce2810,len:0x159c
load:0x403c8700,len:0x4
load:0x403c8704,len:0xcc4
load:0x403cb700,len:0x2e94
entry 0x403c890c
[0;32mI (26) boot: ESP-IDF v5.4-dirty 2nd stage bootloader[0m
[0;32mI (26) boot: compile time Jan 16 2025 21:53:25[0m
[0;33mW (26) boot: Unicore bootloader[0m
[0;32mI (27) boot: chip revision: v0.2[0m
[0;32mI (29) boot: efuse block revision: v1.3[0m
[0;32mI (33) boot.esp32s3: Boot SPI Speed : 80MHz[0m
[0;32mI (37) boot.esp32s3: SPI Mode       : DIO[0m
[0;32mI (41) boot.esp32s3: SPI Flash Size : 16MB[0m
[0;32mI (44) boot: Enabling RNG early entropy source...[0m
[0;32mI (49) boot: Partition Table:[0m
[0;32mI (51) boot: ## Label            Usage          Type ST Offset   Length[0m
[0;32mI (58) boot:  0 nvs              WiFi data        01 02 00009000 00004000[0m
[0;32mI (64) boot:  1 otadata          OTA data         01 00 0000d000 00002000[0m
[0;32mI (71) boot:  2 phy_init         RF data          01 01 0000f000 00001000[0m
[0;32mI (77) boot:  3 ota_0            OTA app          00 10 00010000 001e0000[0m
[0;32mI (84) boot:  4 ota_1            OTA app          00 11 001f0000 001e0000[0m
[0;32mI (90) boot:  5 coredump         Unknown data     01 03 003d0000 00010000[0m
[0;32mI (97) boot:  6 reserved         Unknown data     01 fe 003e0000 00020000[0m
[0;32mI (103) boot: End of partition table[0m
[0;32mI (107) esp_image: segment 0: paddr=00010020 vaddr=3c0b0020 size=2245ch (140380) map[0m
[0;32mI (139) esp_image: segment 1: paddr=00032484 vaddr=3fc9ac00 size=05dbch ( 23996) load[0m
[0;32mI (144) esp_image: segment 2: paddr=00038248 vaddr=40374000 size=07dd0h ( 32208) load[0m
[0;32mI (152) esp_image: segment 3: paddr=00040020 vaddr=42000020 size=aad3ch (699708) map[0m
[0;32mI (275) esp_image: segment 4: paddr=000ead64 vaddr=4037bdd0 size=0edc0h ( 60864) load[0m
[0;32mI (289) esp_image: segment 5: paddr=000f9b2c vaddr=600fe100 size=0001ch (    28) load[0m
[0;32mI (298) boot: Loaded app from partition at offset 0x10000[0m
[0;32mI (298) boot: Disabling RNG early entropy source...[0m
[0;32mI (309) octal_psram: ECC is enabled[0m
[0;32mI (309) octal_psram: vendor id    : 0x0d (AP)[0m
[0;32mI (309) octal_psram: dev id       : 0x02 (generation 3)[0m
[0;32mI (310) octal_psram: density      : 0x03 (64 Mbit)[0m
[0;32mI (314) octal_psram: good-die     : 0x01 (Pass)[0m
[0;32mI (318) octal_psram: Latency      : 0x01 (Fixed)[0m
[0;32mI (323) octal_psram: VCC          : 0x01 (3V)[0m
[0;32mI (327) octal_psram: SRF          : 0x01 (Fast Refresh)[0m
[0;32mI (332) octal_psram: BurstType    : 0x00 ( Wrap)[0m
[0;32mI (336) octal_psram: BurstLen     : 0x03 (1024 Byte)[0m
[0;32mI (341) octal_psram: Readlatency  : 0x02 (10 cycles@Fixed)[0m
[0;32mI (346) octal_psram: DriveStrength: 0x00 (1/1)[0m
[0;32mI (351) MSPI Timing: PSRAM timing tuning index: 4[0m
[0;32mI (355) esp_psram: Found 8MB PSRAM device[0m
[0;32mI (358) esp_psram: Speed: 80MHz[0m
[0;32mI (361) cpu_start: Unicore app[0m
[0;32mI (364) cpu_start: Single core mode[0m
[0;32mI (379) cpu_start: Pro cpu start user code[0m
[0;32mI (379) cpu_start: cpu freq: 240000000 Hz[0m
[0;32mI (379) app_init: Application information:[0m
[0;32mI (379) app_init: Project name:     mesh_local_control[0m
[0;32mI (384) app_init: App version:      d5a6eb088-dirty[0m
[0;32mI (389) app_init: Compile time:     Jan 22 2025 20:06:25[0m
[0;32mI (394) app_init: ELF file SHA256:  ab7e04628...[0m
[0;32mI (398) app_init: ESP-IDF:          v5.4-dirty[0m
[0;32mI (402) efuse_init: Min chip rev:     v0.0[0m
[0;32mI (406) efuse_init: Max chip rev:     v0.99 [0m
[0;32mI (410) efuse_init: Chip rev:         v0.2[0m
[0;32mI (414) heap_init: Initializing. RAM available for dynamic allocation:[0m
[0;32mI (420) heap_init: At 3FCA5518 len 000441F8 (272 KiB): RAM[0m
[0;32mI (425) heap_init: At 3FCE9710 len 00005724 (21 KiB): RAM[0m
[0;32mI (430) heap_init: At 3FCF0000 len 00008000 (32 KiB): DRAM[0m
[0;32mI (436) heap_init: At 600FE11C len 00001ECC (7 KiB): RTCRAM[0m
[0;32mI (441) esp_psram: Adding pool of 7680K of PSRAM memory to heap allocator[0m
[0;32mI (448) spi_flash: detected chip: boya[0m
[0;32mI (451) spi_flash: flash io: dio[0m
[0;32mI (454) sleep_gpio: Configure to isolate all GPIO pins in sleep state[0m
[0;32mI (460) sleep_gpio: Enable automatic switching of GPIO sleep configuration[0m
[0;32mI (467) coexist: coex firmware version: 49a8cdc[0m
[0;32mI (471) coexist: coexist rom version e7ae62f[0m
[0;32mI (475) main_task: Started on CPU0[0m
[0;32mI (477) esp_psram: Reserving pool of 32K of internal memory for DMA/internal allocations[0m
[0;32mI (485) main_task: Calling app_main()[0m
[0;32mI (496) main: ESP_WIFI_MODE_STA[0m
[0;32mI (497) pp: pp rom version: e7ae62f[0m
[0;32mI (498) net80211: net80211 rom version: e7ae62f[0m
[0;32mI (500) wifi:wifi driver task: 3fcb7214, prio:23, stack:6656, core=0[0m
[0;32mI (510) wifi:wifi firmware version: 48ea317a7[0m
[0;32mI (510) wifi:wifi certification version: v7.0[0m
[0;32mI (513) wifi:config NVS flash: enabled[0m
[0;32mI (517) wifi:config nano formatting: disabled[0m
[0;32mI (521) wifi:Init data frame dynamic rx buffer num: 32[0m
[0;32mI (526) wifi:Init static rx mgmt buffer num: 5[0m
[0;32mI (530) wifi:Init management short buffer num: 32[0m
[0;32mI (534) wifi:Init dynamic tx buffer num: 32[0m
[0;32mI (538) wifi:Init static tx FG buffer num: 2[0m
[0;32mI (542) wifi:Init static rx buffer size: 1600[0m
[0;32mI (546) wifi:Init static rx buffer num: 10[0m
[0;32mI (550) wifi:Init dynamic rx buffer num: 32[0m
[0;32mI (554) wifi_init: accept mbox: 6[0m
[0;32mI (557) wifi_init: tcpip mbox: 32[0m
[0;32mI (560) wifi_init: udp mbox: 6[0m
[0;32mI (563) wifi_init: tcp mbox: 6[0m
[0;32mI (565) wifi_init: tcp tx win: 5760[0m
[0;32mI (569) wifi_init: tcp rx win: 5760[0m
[0;32mI (572) wifi_init: tcp mss: 1440[0m
[0;32mI (575) wifi_init: WiFi IRAM OP enabled[0m
[0;32mI (578) wifi_init: WiFi RX IRAM OP enabled[0m
[0;32mI (583) phy_init: phy_version 680,a6008b2,Jun  4 2024,16:41:10[0m
[0;32mI (619) wifi:mode : sta (24:ec:4a:3a:2b:ec)[0m
[0;32mI (620) wifi:enable tsf[0m
[0;32mI (623) main: wifi_init_sta finished.[0m
[0;32mI (629) wifi:new:<10,2>, old:<1,0>, ap:<255,255>, sta:<10,2>, prof:1, snd_ch_cfg:0x0[0m
[0;32mI (631) wifi:state: init -> auth (0xb0)[0m
[0;32mI (642) wifi:state: auth -> assoc (0x0)[0m
[0;32mI (649) wifi:state: assoc -> run (0x10)[0m
[0;32mI (725) wifi:connected with Tran Con Wifi 6, aid = 8, channel 10, 40D, bssid = 68:9e:29:0e:b1:a8[0m
[0;32mI (725) wifi:security: WPA2-PSK, phy: bgn, rssi: -50[0m
[0;32mI (728) wifi:pm start, type: 1[0m

[0;32mI (730) wifi:dp: 1, bi: 102400, li: 3, scale listen interval from 307200 us to 307200 us[0m
[0;32mI (738) wifi:set rx beacon pti, rx_bcn_pti: 14, bcn_timeout: 25000, mt_pti: 14, mt_time: 10000[0m
[0;32mI (786) wifi:AP's beacon interval = 102400 us, DTIM period = 1[0m
[0;32mI (3961) esp_netif_handlers: sta ip: 192.168.1.12, mask: 255.255.255.0, gw: 192.168.1.1[0m
[0;32mI (3962) main: got ip:192.168.1.12[0m
[0;32mI (3962) main: connected to ap SSID:Tran Con Wifi 6 password:password[0m
[0;32mI (3968) s3 ll_cam: DMA Channel=1[0m
[0;32mI (3971) cam_hal: cam init ok[0m
[0;32mI (3973) sccb-ng: pin_sda 4 pin_scl 5[0m
[0;32mI (3977) sccb-ng: sccb_i2c_port=1[0m
[0;32mI (3980) gpio: GPIO[38]| InputEn: 0| OutputEn: 1| OpenDrain: 0| Pullup: 0| Pulldown: 0| Intr:0 [0m
[0;32mI (4019) camera: Detected camera at address=0x30[0m
[0;32mI (4022) camera: Detected OV2640 camera[0m
[0;32mI (4022) camera: Camera PID=0x26 VER=0x42 MIDL=0x7f MIDH=0xa2[0m
[0;32mI (4092) cam_hal: buffer_size: 16384, half_buffer_size: 1024, node_buffer_size: 1024, node_cnt: 16, total_cnt: 153[0m
[0;32mI (4093) cam_hal: Allocating 157286 Byte frame buffer in PSRAM[0m
[0;32mI (4097) cam_hal: Allocating 157286 Byte frame buffer in PSRAM[0m
[0;32mI (4103) cam_hal: cam config ok[0m
[0;32mI (4105) ov2640: Set PLL: clk_2x: 0, clk_div: 0, pclk_auto: 0, pclk_div: 12[0m
[0;32mI (4181) main: Camera initing...[0m
[0;32mI (4183) ov2640: Set PLL: clk_2x: 0, clk_div: 0, pclk_auto: 0, pclk_div: 12[0m
[0;33mW (4185) cam_hal: NO-SOI[0m
[0;32mI (4228) main_task: Returned from app_main()[0m
[0;32mI (4423) websocket_client: WebSocket client connected[0m
[0;32mI (5113) websocket_client: Image sent to WebSocket: 54846 bytes (1.1fps)[0m
[0;32mI (5845) websocket_client: Image sent to WebSocket: 54928 bytes (1.4fps)[0m
[0;32mI (6506) websocket_client: Image sent to WebSocket: 82938 bytes (1.5fps)[0m
[0;32mI (7309) websocket_client: Image sent to WebSocket: 83795 bytes (1.2fps)[0m
[0;32mI (7969) websocket_client: Image sent to WebSocket: 70800 bytes (1.5fps)[0m
[0;32mI (8562) websocket_client: Image sent to WebSocket: 67844 bytes (1.7fps)[0m
[0;32mI (9176) websocket_client: Image sent to WebSocket: 64596 bytes (1.6fps)[0m
[0;32mI (9806) websocket_client: Image sent to WebSocket: 76016 bytes (1.6fps)[0m
[0;32mI (10443) websocket_client: Image sent to WebSocket: 84965 bytes (1.6fps)[0m
[0;32mI (11131) websocket_client: Image sent to WebSocket: 80614 bytes (1.5fps)[0m
[0;32mI (11787) websocket_client: Image sent to WebSocket: 77669 bytes (1.5fps)[0m
[0;32mI (12480) websocket_client: Image sent to WebSocket: 83819 bytes (1.4fps)[0m
[0;32mI (13121) websocket_client: Image sent to WebSocket: 87622 bytes (1.6fps)[0m
[0;32mI (13778) websocket_client: Image sent to WebSocket: 88201 bytes (1.5fps)[0m
[0;32mI (14330) websocket_client: Image sent to WebSocket: 89665 bytes (1.8fps)[0m
[0;32mI (14940) websocket_client: Image sent to WebSocket: 88571 bytes (1.6fps)[0m
[0;32mI (15498) websocket_client: Image sent to WebSocket: 88992 bytes (1.8fps)[0m
[1;31mE (16130) transport_base: tcp_write error, errno=Connection reset by peer[0m
[1;31mE (16133) websocket_client: esp_transport_write() returned -1, transport_error=ESP_OK, tls_error_code=0, tls_flags=0, errno=104[0m
[1;31mE (16138) websocket_client: WebSocket client error[0m
[0;32mI (16142) websocket_client: Reconnect after 500 ms[0m
[0;32mI (16146) websocket_client: WebSocket client connected[0m
[1;31mE (16151) websocket_client: Failed to send the buffer[0m
[0;32mI (16156) websocket_client: Image sent to WebSocket: 89522 bytes (1.5fps)[0m
[1;31mE (16163) websocket_client: Websocket client is not connected[0m
[0;32mI (16168) websocket_client: Image sent to WebSocket: 87297 bytes (90.9fps)[0m
[1;31mE (16283) websocket_client: Websocket client is not connected[0m
[0;32mI (16283) websocket_client: Image sent to WebSocket: 87179 bytes (8.7fps)[0m
[1;31mE (16363) websocket_client: Websocket client is not connected[0m
[0;32mI (16363) websocket_client: Image sent to WebSocket: 82847 bytes (12.7fps)[0m
[1;31mE (16442) websocket_client: Websocket client is not connected[0m
[0;32mI (16443) websocket_client: Image sent to WebSocket: 82655 bytes (12.7fps)[0m
[1;31mE (16523) websocket_client: Websocket client is not connected[0m
[0;32mI (16523) websocket_client: Image sent to WebSocket: 80789 bytes (12.5fps)[0m
[1;31mE (16602) websocket_client: Websocket client is not connected[0m
[0;32mI (16603) websocket_client: Image sent to WebSocket: 80660 bytes (12.7fps)[0m
[1;31mE (16661) esp-tls: [sock=54] delayed connect error: Connection reset by peer[0m
[1;31mE (16663) transport_base: Failed to open a new connection: 32772[0m
[1;31mE (16663) transport_ws: Error connecting to host 192.168.1.3:8887[0m
[1;31mE (16670) websocket_client: esp_transport_connect() failed with -1, transport_error=ESP_ERR_ESP_TLS_FAILED_CONNECT_TO_HOST, tls_error_code=0, tls_flags=0, esp_ws_handshake_status_code=101, errno=119[0m
[1;31mE (16687) websocket_client: WebSocket client error[0m
[0;32mI (16691) websocket_client: Reconnect after 500 ms[0m
[0;32mI (16696) websocket_client: WebSocket client connected[0m
[1;31mE (16701) websocket_client: Websocket client is not connected[0m
[0;32mI (16706) websocket_client: Image sent to WebSocket: 81051 bytes (9.8fps)[0m
[1;31mE (16763) websocket_client: Websocket client is not connected[0m
[0;32mI (16763) websocket_client: Image sent to WebSocket: 82633 bytes (17.5fps)[0m
[1;31mE (16842) websocket_client: Websocket client is not connected[0m
[0;32mI (16843) websocket_client: Image sent to WebSocket: 80489 bytes (12.7fps)[0m
[1;31mE (16922) websocket_client: Websocket client is not connected[0m
[0;32mI (16923) websocket_client: Image sent to WebSocket: 79047 bytes (12.5fps)[0m
[1;31mE (17002) websocket_client: Websocket client is not connected[0m
[0;32mI (17003) websocket_client: Image sent to WebSocket: 79662 bytes (12.7fps)[0m
[1;31mE (17082) websocket_client: Websocket client is not connected[0m
[0;32mI (17083) websocket_client: Image sent to WebSocket: 80818 bytes (12.7fps)[0m
[1;31mE (17162) websocket_client: Websocket client is not connected[0m
[0;32mI (17162) websocket_client: Image sent to WebSocket: 81538 bytes (12.7fps)[0m
[1;31mE (17213) esp-tls: [sock=54] delayed connect error: Connection reset by peer[0m
[1;31mE (17214) transport_base: Failed to open a new connection: 32772[0m
[1;31mE (17215) transport_ws: Error connecting to host 192.168.1.3:8887[0m
[1;31mE (17221) websocket_client: esp_transport_connect() failed with -1, transport_error=ESP_ERR_ESP_TLS_FAILED_CONNECT_TO_HOST, tls_error_code=0, tls_flags=0, esp_ws_handshake_status_code=101, errno=119[0m
[1;31mE (17238) websocket_client: WebSocket client error[0m
[0;32mI (17243) websocket_client: Reconnect after 500 ms[0m
[0;32mI (17247) websocket_client: WebSocket client connected[0m
[1;31mE (17252) websocket_client: Websocket client is not connected[0m
[0;32mI (17258) websocket_client: Image sent to WebSocket: 83164 bytes (10.5fps)[0m
[1;31mE (17322) websocket_client: Websocket client is not connected[0m
[0;32mI (17323) websocket_client: Image sent to WebSocket: 83067 bytes (15.4fps)[0m
[1;31mE (17402) websocket_client: Websocket client is not connected[0m
[0;32mI (17402) websocket_client: Image sent to WebSocket: 80445 bytes (12.7fps)[0m
[1;31mE (17482) websocket_client: Websocket client is not connected[0m
[0;32mI (17482) websocket_client: Image sent to WebSocket: 80389 bytes (12.7fps)[0m
[1;31mE (17562) websocket_client: Websocket client is not connected[0m
[0;32mI (17562) websocket_client: Image sent to WebSocket: 80873 bytes (12.7fps)[0m
[1;31mE (17642) websocket_client: Websocket client is not connected[0m
[0;32mI (17642) websocket_client: Image sent to WebSocket: 81424 bytes (12.5fps)[0m
[1;31mE (17722) websocket_client: Websocket client is not connected[0m
[0;32mI (17722) websocket_client: Image sent to WebSocket: 82126 bytes (12.7fps)[0m
[1;31mE (17762) esp-tls: [sock=54] delayed connect error: Connection reset by peer[0m
[1;31mE (17763) transport_base: Failed to open a new connection: 32772[0m
[1;31mE (17764) transport_ws: Error connecting to host 192.168.1.3:8887[0m
[1;31mE (17770) websocket_client: esp_transport_connect() failed with -1, transport_error=ESP_ERR_ESP_TLS_FAILED_CONNECT_TO_HOST, tls_error_code=0, tls_flags=0, esp_ws_handshake_status_code=101, errno=119[0m
[1;31mE (17787) websocket_client: WebSocket client error[0m
[0;32mI (17791) websocket_client: Reconnect after 500 ms[0m
[0;32mI (17796) websocket_client: WebSocket client connected[0m
[1;31mE (17802) websocket_client: Websocket client is not connected[0m
[0;32mI (17806) websocket_client: Image sent to WebSocket: 83456 bytes (12.0fps)[0m
[1;31mE (17882) websocket_client: Websocket client is not connected[0m
[0;32mI (17882) websocket_client: Image sent to WebSocket: 82980 bytes (13.2fps)[0m
[1;31mE (17962) websocket_client: Websocket client is not connected[0m
[0;32mI (17962) websocket_client: Image sent to WebSocket: 80718 bytes (12.7fps)[0m
[1;31mE (18042) websocket_client: Websocket client is not connected[0m
[0;32mI (18042) websocket_client: Image sent to WebSocket: 80479 bytes (12.7fps)[0m
[1;31mE (18122) websocket_client: Websocket client is not connected[0m
[0;32mI (18122) websocket_client: Image sent to WebSocket: 80877 bytes (12.7fps)[0m
[1;31mE (18202) websocket_client: Websocket client is not connected[0m
[0;32mI (18202) websocket_client: Image sent to WebSocket: 81420 bytes (12.5fps)[0m
[1;31mE (18282) websocket_client: Websocket client is not connected[0m
[0;32mI (18282) websocket_client: Image sent to WebSocket: 81299 bytes (12.7fps)[0m
[1;31mE (18312) esp-tls: [sock=54] delayed connect error: Connection reset by peer[0m
[1;31mE (18314) transport_base: Failed to open a new connection: 32772[0m
[1;31mE (18314) transport_ws: Error connecting to host 192.168.1.3:8887[0m
[1;31mE (18321) websocket_client: esp_transport_connect() failed with -1, transport_error=ESP_ERR_ESP_TLS_FAILED_CONNECT_TO_HOST, tls_error_code=0, tls_flags=0, esp_ws_handshake_status_code=101, errno=119[0m
[1;31mE (18338) websocket_client: WebSocket client error[0m
[0;32mI (18342) websocket_client: Reconnect after 500 ms[0m
[0;32mI (18346) websocket_client: WebSocket client connected[0m
[1;31mE (18362) websocket_client: Websocket client is not connected[0m
[0;32mI (18362) websocket_client: Image sent to WebSocket: 82453 bytes (12.5fps)[0m
[1;31mE (18442) websocket_client: Websocket client is not connected[0m
[0;32mI (18442) websocket_client: Image sent to WebSocket: 82418 bytes (12.5fps)[0m
[1;31mE (18521) websocket_client: Websocket client is not connected[0m
[0;32mI (18522) websocket_client: Image sent to WebSocket: 80693 bytes (12.7fps)[0m
[1;31mE (18601) websocket_client: Websocket client is not connected[0m
[0;32mI (18602) websocket_client: Image sent to WebSocket: 81028 bytes (12.5fps)[0m
[1;31mE (18681) websocket_client: Websocket client is not connected[0m
[0;32mI (18682) websocket_client: Image sent to WebSocket: 80996 bytes (12.7fps)[0m
[1;31mE (18761) websocket_client: Websocket client is not connected[0m
[0;32mI (18762) websocket_client: Image sent to WebSocket: 81118 bytes (12.5fps)[0m
[1;31mE (18841) websocket_client: Websocket client is not connected[0m
[0;32mI (18842) websocket_client: Image sent to WebSocket: 81598 bytes (12.7fps)[0m
[1;31mE (19121) websocket_client: Could not lock ws-client within 200 timeout[0m
[0;32mI (19121) websocket_client: Image sent to WebSocket: 83112 bytes (3.6fps)[0m
[1;31mE (19323) websocket_client: Could not lock ws-client within 200 timeout[0m
[0;32mI (19323) websocket_client: Image sent to WebSocket: 84212 bytes (5.0fps)[0m
[1;31mE (19525) websocket_client: Could not lock ws-client within 200 timeout[0m
[0;32mI (19525) websocket_client: Image sent to WebSocket: 84286 bytes (5.0fps)[0m
[1;31mE (19727) websocket_client: Could not lock ws-client within 200 timeout[0m
[0;32mI (19727) websocket_client: Image sent to WebSocket: 84307 bytes (5.0fps)[0m
[1;31mE (19735) esp-tls: [sock=54] delayed connect error: Connection reset by peer[0m
[1;31mE (19736) transport_base: Failed to open a new connection: 32772[0m
[1;31mE (19741) transport_ws: Error connecting to host 192.168.1.3:8887[0m
[1;31mE (19747) websocket_client: esp_transport_connect() failed with -1, transport_error=ESP_ERR_ESP_TLS_FAILED_CONNECT_TO_HOST, tls_error_code=0, tls_flags=0, esp_ws_handshake_status_code=101, errno=119[0m
[1;31mE (19764) websocket_client: WebSocket client error[0m
[0;32mI (19769) websocket_client: Reconnect after 500 ms[0m
[0;32mI (19773) websocket_client: WebSocket client connected[0m
[1;31mE (19778) websocket_client: Websocket client is not connected[0m
[0;32mI (19784) websocket_client: Image sent to WebSocket: 84627 bytes (17.9fps)[0m
[1;31mE (19881) websocket_client: Websocket client is not connected[0m
[0;32mI (19881) websocket_client: Image sent to WebSocket: 82876 bytes (10.3fps)[0m
[1;31mE (19961) websocket_client: Websocket client is not connected[0m
[0;32mI (19961) websocket_client: Image sent to WebSocket: 80658 bytes (12.7fps)[0m
[1;31mE (20040) websocket_client: Websocket client is not connected[0m
[0;32mI (20041) websocket_client: Image sent to WebSocket: 80828 bytes (12.7fps)[0m
[1;31mE (20121) websocket_client: Websocket client is not connected[0m
[0;32mI (20121) websocket_client: Image sent to WebSocket: 81107 bytes (12.7fps)[0m
[1;31mE (20200) websocket_client: Websocket client is not connected[0m
[0;32mI (20201) websocket_client: Image sent to WebSocket: 81369 bytes (12.5fps)[0m
[0;32mI (20354) websocket_client: WebSocket client connected[0m
[0;32mI (20997) websocket_client: Image sent to WebSocket: 81979 bytes (1.3fps)[0m
[0;32mI (21612) websocket_client: Image sent to WebSocket: 82446 bytes (1.6fps)[0m
[0;32mI (22283) websocket_client: Image sent to WebSocket: 83761 bytes (1.5fps)[0m
[0;32mI (22845) websocket_client: Image sent to WebSocket: 84906 bytes (1.8fps)[0m
[0;32mI (23430) websocket_client: Image sent to WebSocket: 84510 bytes (1.7fps)[0m
[0;32mI (23958) websocket_client: Image sent to WebSocket: 85578 bytes (1.9fps)[0m
[0;32mI (24512) websocket_client: Image sent to WebSocket: 86139 bytes (1.8fps)[0m
[0;32mI (24985) websocket_client: Image sent to WebSocket: 87153 bytes (2.1fps)[0m
[0;32mI (25534) websocket_client: Image sent to WebSocket: 84960 bytes (1.8fps)[0m
[0;32mI (26076) websocket_client: Image sent to WebSocket: 73432 bytes (1.8fps)[0m
[0;32mI (26788) websocket_client: Image sent to WebSocket: 82942 bytes (1.4fps)[0m
[0;32mI (27487) websocket_client: Image sent to WebSocket: 80057 bytes (1.4fps)[0m
[0;32mI (27810) websocket_client: Image sent to WebSocket: 33551 bytes (3.1fps)[0m
[0;32mI (28074) websocket_client: Image sent to WebSocket: 31812 bytes (3.8fps)[0m
[0;32mI (28318) websocket_client: Image sent to WebSocket: 32368 bytes (4.1fps)[0m
[0;32mI (28577) websocket_client: Image sent to WebSocket: 30624 bytes (3.9fps)[0m
[0;32mI (28840) websocket_client: Image sent to WebSocket: 29699 bytes (3.8fps)[0m
[0;32mI (29087) websocket_client: Image sent to WebSocket: 30723 bytes (4.0fps)[0m
[0;32mI (29272) websocket_client: Image sent to WebSocket: 31515 bytes (5.4fps)[0m
[0;32mI (29419) websocket_client: Image sent to WebSocket: 31625 bytes (6.8fps)[0m
[0;32mI (29525) websocket_client: Image sent to WebSocket: 31037 bytes (9.5fps)[0m
[0;32mI (29655) websocket_client: Image sent to WebSocket: 30460 bytes (7.7fps)[0m
[0;32mI (29731) websocket_client: Image sent to WebSocket: 30442 bytes (13.3fps)[0m
[0;32mI (29854) websocket_client: Image sent to WebSocket: 30289 bytes (8.2fps)[0m
[0;32mI (29982) websocket_client: Image sent to WebSocket: 30263 bytes (7.8fps)[0m
[0;32mI (30036) websocket_client: Image sent to WebSocket: 30433 bytes (18.5fps)[0m
[0;32mI (30182) websocket_client: Image sent to WebSocket: 30493 bytes (6.9fps)[0m
[0;32mI (30307) websocket_client: Image sent to WebSocket: 31032 bytes (8.1fps)[0m
[0;32mI (30413) websocket_client: Image sent to WebSocket: 30973 bytes (9.4fps)[0m
[0;32mI (30512) websocket_client: Image sent to WebSocket: 30985 bytes (10.2fps)[0m
[0;32mI (30574) websocket_client: Image sent to WebSocket: 30924 bytes (16.1fps)[0m
[0;32mI (30661) websocket_client: Image sent to WebSocket: 31057 bytes (11.5fps)[0m
[0;32mI (30748) websocket_client: Image sent to WebSocket: 31026 bytes (11.5fps)[0m
[0;32mI (30854) websocket_client: Image sent to WebSocket: 31153 bytes (9.5fps)[0m
[0;32mI (30987) websocket_client: Image sent to WebSocket: 31072 bytes (7.6fps)[0m
[0;32mI (31130) websocket_client: Image sent to WebSocket: 31149 bytes (7.0fps)[0m
[0;32mI (31213) websocket_client: Image sent to WebSocket: 31313 bytes (12.2fps)[0m
[0;32mI (31315) websocket_client: Image sent to WebSocket: 30928 bytes (9.9fps)[0m
[0;32mI (31415) websocket_client: Image sent to WebSocket: 31032 bytes (10.0fps)[0m
[0;32mI (31582) websocket_client: Image sent to WebSocket: 30776 bytes (6.0fps)[0m
[0;32mI (31747) websocket_client: Image sent to WebSocket: 31281 bytes (6.1fps)[0m
[0;32mI (31875) websocket_client: Image sent to WebSocket: 31455 bytes (7.9fps)[0m
[0;32mI (32035) websocket_client: Image sent to WebSocket: 31395 bytes (6.3fps)[0m
[0;32mI (32120) websocket_client: Image sent to WebSocket: 31241 bytes (11.9fps)[0m
[0;32mI (32287) websocket_client: Image sent to WebSocket: 30972 bytes (6.0fps)[0m
[0;32mI (32356) websocket_client: Image sent to WebSocket: 31681 bytes (14.7fps)[0m
[0;32mI (32500) websocket_client: Image sent to WebSocket: 30827 bytes (6.9fps)[0m
[0;32mI (32571) websocket_client: Image sent to WebSocket: 31170 bytes (14.3fps)[0m
[0;32mI (32676) websocket_client: Image sent to WebSocket: 31367 bytes (9.5fps)[0m
[0;32mI (32815) websocket_client: Image sent to WebSocket: 31080 bytes (7.2fps)[0m
[0;32mI (32967) websocket_client: Image sent to WebSocket: 31121 bytes (6.6fps)[0m
[0;32mI (33214) websocket_client: Image sent to WebSocket: 30986 bytes (4.0fps)[0m
[0;32mI (33435) websocket_client: Image sent to WebSocket: 30783 bytes (4.5fps)[0m
[0;32mI (33625) websocket_client: Image sent to WebSocket: 30922 bytes (5.3fps)[0m
[0;32mI (33876) websocket_client: Image sent to WebSocket: 31188 bytes (4.0fps)[0m
[0;32mI (34059) websocket_client: Image sent to WebSocket: 30979 bytes (5.5fps)[0m
[0;32mI (34289) websocket_client: Image sent to WebSocket: 31320 bytes (4.3fps)[0m
[0;32mI (34515) websocket_client: Image sent to WebSocket: 31228 bytes (4.4fps)[0m
[0;32mI (34770) websocket_client: Image sent to WebSocket: 31207 bytes (3.9fps)[0m
[0;32mI (34966) websocket_client: Image sent to WebSocket: 31115 bytes (5.1fps)[0m
[0;32mI (35171) websocket_client: Image sent to WebSocket: 31075 bytes (4.9fps)[0m
[0;32mI (35334) websocket_client: Image sent to WebSocket: 31492 bytes (6.1fps)[0m
[0;32mI (35551) websocket_client: Image sent to WebSocket: 31802 bytes (4.6fps)[0m
[0;32mI (35838) websocket_client: Image sent to WebSocket: 32492 bytes (3.5fps)[0m
[0;32mI (36132) websocket_client: Image sent to WebSocket: 33245 bytes (3.4fps)[0m
[0;32mI (36351) websocket_client: Image sent to WebSocket: 33949 bytes (4.6fps)[0m
[0;32mI (36640) websocket_client: Image sent to WebSocket: 31463 bytes (3.5fps)[0m
[0;32mI (36914) websocket_client: Image sent to WebSocket: 31079 bytes (3.7fps)[0m
[0;32mI (37079) websocket_client: Image sent to WebSocket: 31302 bytes (6.1fps)[0m
[0;32mI (37268) websocket_client: Image sent to WebSocket: 31642 bytes (5.3fps)[0m
[0;32mI (37432) websocket_client: Image sent to WebSocket: 32094 bytes (6.1fps)[0m
[0;32mI (37709) websocket_client: Image sent to WebSocket: 32275 bytes (3.6fps)[0m
[0;32mI (37903) websocket_client: Image sent to WebSocket: 31662 bytes (5.2fps)[0m
[0;32mI (38097) websocket_client: Image sent to WebSocket: 31305 bytes (5.2fps)[0m
[0;32mI (38249) websocket_client: Image sent to WebSocket: 31340 bytes (6.6fps)[0m
[0;32mI (38512) websocket_client: Image sent to WebSocket: 31475 bytes (3.8fps)[0m
[0;32mI (38619) websocket_client: Image sent to WebSocket: 31319 bytes (9.3fps)[0m
[0;32mI (38826) websocket_client: Image sent to WebSocket: 30453 bytes (4.8fps)[0m
[0;32mI (38956) websocket_client: Image sent to WebSocket: 30459 bytes (7.8fps)[0m
[0;32mI (39049) websocket_client: Image sent to WebSocket: 31165 bytes (10.9fps)[0m
[0;32mI (39178) websocket_client: Image sent to WebSocket: 30073 bytes (7.8fps)[0m
[0;32mI (39301) websocket_client: Image sent to WebSocket: 30033 bytes (8.2fps)[0m
[0;32mI (39473) websocket_client: Image sent to WebSocket: 29917 bytes (5.8fps)[0m
[0;32mI (39646) websocket_client: Image sent to WebSocket: 29883 bytes (5.8fps)[0m
[0;32mI (39888) websocket_client: Image sent to WebSocket: 29702 bytes (4.1fps)[0m
[0;32mI (40136) websocket_client: Image sent to WebSocket: 30292 bytes (4.0fps)[0m
[0;32mI (40230) websocket_client: Image sent to WebSocket: 30755 bytes (10.6fps)[0m
[0;32mI (40364) websocket_client: Image sent to WebSocket: 30667 bytes (7.5fps)[0m
[0;32mI (40406) websocket_client: Image sent to WebSocket: 30632 bytes (23.8fps)[0m
[0;32mI (40575) websocket_client: Image sent to WebSocket: 30051 bytes (5.9fps)[0m
[0;32mI (40640) websocket_client: Image sent to WebSocket: 30526 bytes (15.4fps)[0m
[0;32mI (40778) websocket_client: Image sent to WebSocket: 30451 bytes (7.3fps)[0m
[0;32mI (40841) websocket_client: Image sent to WebSocket: 30682 bytes (15.9fps)[0m
[0;32mI (40979) websocket_client: Image sent to WebSocket: 30571 bytes (7.3fps)[0m
[0;32mI (41091) websocket_client: Image sent to WebSocket: 30662 bytes (9.0fps)[0m
[0;32mI (41188) websocket_client: Image sent to WebSocket: 30638 bytes (10.3fps)[0m
[0;32mI (41327) websocket_client: Image sent to WebSocket: 30666 bytes (7.2fps)[0m
[0;32mI (41453) websocket_client: Image sent to WebSocket: 30883 bytes (8.0fps)[0m
[0;32mI (41542) websocket_client: Image sent to WebSocket: 30964 bytes (11.2fps)[0m
[0;32mI (41651) websocket_client: Image sent to WebSocket: 31137 bytes (9.3fps)[0m
[0;32mI (41719) websocket_client: Image sent to WebSocket: 30800 bytes (14.9fps)[0m
[0;32mI (41951) websocket_client: Image sent to WebSocket: 30513 bytes (4.3fps)[0m
[0;32mI (42107) websocket_client: Image sent to WebSocket: 30732 bytes (6.5fps)[0m
[0;32mI (42300) websocket_client: Image sent to WebSocket: 30873 bytes (5.2fps)[0m
[0;32mI (42481) websocket_client: Image sent to WebSocket: 30542 bytes (5.5fps)[0m
[0;32mI (42651) websocket_client: Image sent to WebSocket: 30625 bytes (5.9fps)[0m
[0;32mI (42781) websocket_client: Image sent to WebSocket: 30917 bytes (7.7fps)[0m
[0;32mI (42886) websocket_client: Image sent to WebSocket: 30557 bytes (9.6fps)[0m
[0;32mI (43037) websocket_client: Image sent to WebSocket: 29895 bytes (6.6fps)[0m
[0;32mI (43163) websocket_client: Image sent to WebSocket: 29999 bytes (8.0fps)[0m
[0;32mI (43236) websocket_client: Image sent to WebSocket: 30009 bytes (13.7fps)[0m
[0;32mI (43458) websocket_client: Image sent to WebSocket: 29520 bytes (4.5fps)[0m
[0;32mI (43576) websocket_client: Image sent to WebSocket: 30052 bytes (8.5fps)[0m
[0;32mI (43759) websocket_client: Image sent to WebSocket: 29047 bytes (5.5fps)[0m
[0;32mI (43919) websocket_client: Image sent to WebSocket: 28314 bytes (6.2fps)[0m
[0;32mI (44069) websocket_client: Image sent to WebSocket: 28632 bytes (6.7fps)[0m
[0;32mI (44238) websocket_client: Image sent to WebSocket: 28745 bytes (5.9fps)[0m
[0;32mI (44399) websocket_client: Image sent to WebSocket: 28606 bytes (6.2fps)[0m
[0;32mI (44581) websocket_client: Image sent to WebSocket: 28543 bytes (5.5fps)[0m
[0;32mI (44875) websocket_client: Image sent to WebSocket: 28842 bytes (3.4fps)[0m
[0;32mI (45162) websocket_client: Image sent to WebSocket: 29699 bytes (3.5fps)[0m
[0;32mI (45406) websocket_client: Image sent to WebSocket: 31100 bytes (4.1fps)[0m
[0;32mI (45591) websocket_client: Image sent to WebSocket: 29567 bytes (5.4fps)[0m
[0;32mI (45877) websocket_client: Image sent to WebSocket: 34888 bytes (3.5fps)[0m
[0;32mI (46243) websocket_client: Image sent to WebSocket: 39744 bytes (2.7fps)[0m
[0;32mI (46741) websocket_client: Image sent to WebSocket: 47799 bytes (2.0fps)[0m
[0;32mI (47408) websocket_client: Image sent to WebSocket: 70454 bytes (1.5fps)[0m
[0;32mI (47919) websocket_client: Image sent to WebSocket: 88009 bytes (2.0fps)[0m
[0;32mI (48318) websocket_client: Image sent to WebSocket: 85352 bytes (2.5fps)[0m
[0;32mI (48657) websocket_client: Image sent to WebSocket: 86739 bytes (2.9fps)[0m
[0;32mI (49094) websocket_client: Image sent to WebSocket: 98775 bytes (2.3fps)[0m
[0;32mI (49462) websocket_client: Image sent to WebSocket: 80026 bytes (2.7fps)[0m
[0;32mI (49817) websocket_client: Image sent to WebSocket: 81229 bytes (2.8fps)[0m
[0;32mI (50323) websocket_client: Image sent to WebSocket: 90918 bytes (2.0fps)[0m
[0;32mI (50948) websocket_client: Image sent to WebSocket: 93809 bytes (1.6fps)[0m
[0;32mI (51454) websocket_client: Image sent to WebSocket: 81777 bytes (2.0fps)[0m
[0;32mI (51794) websocket_client: Image sent to WebSocket: 72600 bytes (2.9fps)[0m
[0;32mI (52269) websocket_client: Image sent to WebSocket: 93549 bytes (2.1fps)[0m
[0;32mI (52736) websocket_client: Image sent to WebSocket: 96582 bytes (2.1fps)[0m
[0;32mI (53346) websocket_client: Image sent to WebSocket: 97053 bytes (1.6fps)[0m
[0;32mI (53741) websocket_client: Image sent to WebSocket: 84652 bytes (2.5fps)[0m
[0;32mI (54204) websocket_client: Image sent to WebSocket: 90234 bytes (2.2fps)[0m
[0;32mI (54598) websocket_client: Image sent to WebSocket: 93551 bytes (2.5fps)[0m
[0;32mI (55091) websocket_client: Image sent to WebSocket: 98848 bytes (2.0fps)[0m
[0;32mI (55553) websocket_client: Image sent to WebSocket: 85924 bytes (2.2fps)[0m
[0;32mI (56152) websocket_client: Image sent to WebSocket: 82134 bytes (1.7fps)[0m
[0;32mI (56592) websocket_client: Image sent to WebSocket: 81908 bytes (2.3fps)[0m
[0;32mI (56805) websocket_client: Image sent to WebSocket: 35706 bytes (4.7fps)[0m
[0;32mI (56937) websocket_client: Image sent to WebSocket: 29023 bytes (7.6fps)[0m
[0;32mI (57119) websocket_client: Image sent to WebSocket: 28852 bytes (5.5fps)[0m
[0;32mI (57225) websocket_client: Image sent to WebSocket: 28839 bytes (9.4fps)[0m
[0;32mI (57465) websocket_client: Image sent to WebSocket: 28469 bytes (4.2fps)[0m
[0;32mI (57607) websocket_client: Image sent to WebSocket: 28279 bytes (7.1fps)[0m
[0;32mI (57747) websocket_client: Image sent to WebSocket: 28333 bytes (7.1fps)[0m
[0;32mI (57851) websocket_client: Image sent to WebSocket: 28058 bytes (9.7fps)[0m
[0;32mI (57983) websocket_client: Image sent to WebSocket: 28108 bytes (7.6fps)[0m
[0;32mI (58212) websocket_client: Image sent to WebSocket: 28336 bytes (4.4fps)[0m
[0;32mI (58335) websocket_client: Image sent to WebSocket: 28146 bytes (8.1fps)[0m
[0;32mI (58512) websocket_client: Image sent to WebSocket: 27737 bytes (5.7fps)[0m
[0;32mI (58558) websocket_client: Image sent to WebSocket: 27701 bytes (21.7fps)[0m
[0;32mI (58733) websocket_client: Image sent to WebSocket: 27433 bytes (5.7fps)[0m
[0;32mI (58809) websocket_client: Image sent to WebSocket: 27591 bytes (13.2fps)[0m
[0;32mI (58885) websocket_client: Image sent to WebSocket: 27712 bytes (13.3fps)[0m
[0;32mI (58980) websocket_client: Image sent to WebSocket: 27777 bytes (10.5fps)[0m
[0;32mI (59080) websocket_client: Image sent to WebSocket: 27757 bytes (10.0fps)[0m
[0;32mI (59240) websocket_client: Image sent to WebSocket: 27467 bytes (6.3fps)[0m
[0;32mI (59311) websocket_client: Image sent to WebSocket: 27743 bytes (14.1fps)[0m
[0;32mI (59463) websocket_client: Image sent to WebSocket: 27414 bytes (6.6fps)[0m
[0;32mI (59532) websocket_client: Image sent to WebSocket: 27868 bytes (14.7fps)[0m
[0;32mI (59654) websocket_client: Image sent to WebSocket: 27342 bytes (8.3fps)[0m
[0;32mI (59751) websocket_client: Image sent to WebSocket: 27457 bytes (10.3fps)[0m
[0;32mI (59860) websocket_client: Image sent to WebSocket: 27482 bytes (9.3fps)[0m
[0;32mI (59953) websocket_client: Image sent to WebSocket: 27803 bytes (10.9fps)[0m
[0;32mI (60104) websocket_client: Image sent to WebSocket: 27430 bytes (6.7fps)[0m
[0;32mI (60172) websocket_client: Image sent to WebSocket: 28058 bytes (14.9fps)[0m
[0;32mI (60332) websocket_client: Image sent to WebSocket: 27224 bytes (6.2fps)[0m
[0;32mI (60415) websocket_client: Image sent to WebSocket: 27536 bytes (12.2fps)[0m
[0;32mI (60479) websocket_client: Image sent to WebSocket: 27703 bytes (15.6fps)[0m
[0;32mI (60561) websocket_client: Image sent to WebSocket: 27418 bytes (12.2fps)[0m
[0;32mI (60654) websocket_client: Image sent to WebSocket: 27400 bytes (10.9fps)[0m
[0;32mI (60710) websocket_client: Image sent to WebSocket: 27441 bytes (17.9fps)[0m
[0;32mI (60778) websocket_client: Image sent to WebSocket: 27400 bytes (14.9fps)[0m
[0;32mI (60879) websocket_client: Image sent to WebSocket: 27359 bytes (9.9fps)[0m
[0;32mI (60967) websocket_client: Image sent to WebSocket: 27596 bytes (11.5fps)[0m
[0;32mI (61015) websocket_client: Image sent to WebSocket: 27317 bytes (20.8fps)[0m
[0;32mI (61115) websocket_client: Image sent to WebSocket: 27467 bytes (10.1fps)[0m
[0;32mI (61191) websocket_client: Image sent to WebSocket: 27430 bytes (13.3fps)[0m
[0;32mI (61255) websocket_client: Image sent to WebSocket: 27468 bytes (15.9fps)[0m
[0;32mI (61356) websocket_client: Image sent to WebSocket: 27556 bytes (9.9fps)[0m
[0;32mI (61457) websocket_client: Image sent to WebSocket: 27353 bytes (10.0fps)[0m
[0;32mI (61565) websocket_client: Image sent to WebSocket: 27691 bytes (9.3fps)[0m
[0;32mI (61646) websocket_client: Image sent to WebSocket: 27461 bytes (12.3fps)[0m
[0;32mI (61746) websocket_client: Image sent to WebSocket: 27269 bytes (10.1fps)[0m
[0;32mI (61818) websocket_client: Image sent to WebSocket: 27378 bytes (14.1fps)[0m
[0;32mI (61932) websocket_client: Image sent to WebSocket: 31631 bytes (8.8fps)[0m
[0;32mI (62034) websocket_client: Image sent to WebSocket: 60942 bytes (9.8fps)[0m
[0;32mI (62243) websocket_client: Image sent to WebSocket: 94776 bytes (4.8fps)[0m
[0;32mI (62409) websocket_client: Image sent to WebSocket: 96524 bytes (6.0fps)[0m
[0;32mI (62613) websocket_client: Image sent to WebSocket: 99099 bytes (4.9fps)[0m
[0;32mI (62823) websocket_client: Image sent to WebSocket: 97589 bytes (4.8fps)[0m
[0;32mI (63024) websocket_client: Image sent to WebSocket: 98986 bytes (5.0fps)[0m
[0;32mI (63244) websocket_client: Image sent to WebSocket: 97795 bytes (4.5fps)[0m
[0;32mI (63502) websocket_client: Image sent to WebSocket: 99140 bytes (3.9fps)[0m
[0;32mI (63708) websocket_client: Image sent to WebSocket: 99303 bytes (4.9fps)[0m
[0;32mI (63865) websocket_client: Image sent to WebSocket: 96701 bytes (6.4fps)[0m
[0;32mI (64029) websocket_client: Image sent to WebSocket: 95013 bytes (6.1fps)[0m
[0;32mI (64204) websocket_client: Image sent to WebSocket: 95946 bytes (5.7fps)[0m
[0;32mI (64409) websocket_client: Image sent to WebSocket: 99046 bytes (4.9fps)[0m
[0;32mI (64619) websocket_client: Image sent to WebSocket: 99288 bytes (4.8fps)[0m
[0;32mI (64805) websocket_client: Image sent to WebSocket: 99384 bytes (5.4fps)[0m
[0;32mI (64969) websocket_client: Image sent to WebSocket: 100778 bytes (6.1fps)[0m
[0;32mI (65170) websocket_client: Image sent to WebSocket: 99866 bytes (5.0fps)[0m
[0;32mI (65338) websocket_client: Image sent to WebSocket: 99809 bytes (6.0fps)[0m
[0;32mI (65560) websocket_client: Image sent to WebSocket: 95695 bytes (4.5fps)[0m
[0;32mI (65811) websocket_client: Image sent to WebSocket: 98866 bytes (4.0fps)[0m
[0;32mI (66025) websocket_client: Image sent to WebSocket: 90072 bytes (4.7fps)[0m
[0;32mI (66187) websocket_client: Image sent to WebSocket: 97310 bytes (6.2fps)[0m
[0;32mI (66357) websocket_client: Image sent to WebSocket: 94766 bytes (5.9fps)[0m
[0;32mI (66558) websocket_client: Image sent to WebSocket: 97897 bytes (5.0fps)[0m
[0;32mI (66813) websocket_client: Image sent to WebSocket: 99099 bytes (3.9fps)[0m
[0;32mI (67064) websocket_client: Image sent to WebSocket: 99433 bytes (4.0fps)[0m
[0;32mI (67298) websocket_client: Image sent to WebSocket: 98600 bytes (4.3fps)[0m
[0;32mI (67504) websocket_client: Image sent to WebSocket: 100075 bytes (4.9fps)[0m
[0;32mI (67722) websocket_client: Image sent to WebSocket: 83925 bytes (4.6fps)[0m
[0;32mI (67921) websocket_client: Image sent to WebSocket: 82859 bytes (5.0fps)[0m
[0;32mI (68034) websocket_client: Image sent to WebSocket: 52064 bytes (8.8fps)[0m
[0;32mI (68118) websocket_client: Image sent to WebSocket: 47936 bytes (12.0fps)[0m
[0;32mI (68273) websocket_client: Image sent to WebSocket: 48441 bytes (6.5fps)[0m
[0;32mI (68350) websocket_client: Image sent to WebSocket: 47704 bytes (13.0fps)[0m
[0;32mI (68502) websocket_client: Image sent to WebSocket: 46853 bytes (6.6fps)[0m
[0;32mI (68568) websocket_client: Image sent to WebSocket: 46688 bytes (15.2fps)[0m
[0;32mI (68768) websocket_client: Image sent to WebSocket: 47341 bytes (5.0fps)[0m
[0;32mI (68890) websocket_client: Image sent to WebSocket: 46578 bytes (8.3fps)[0m
[0;32mI (68990) websocket_client: Image sent to WebSocket: 45768 bytes (10.0fps)[0m
[0;32mI (69106) websocket_client: Image sent to WebSocket: 45792 bytes (8.7fps)[0m
[0;32mI (69236) websocket_client: Image sent to WebSocket: 46757 bytes (7.8fps)[0m
[0;32mI (69331) websocket_client: Image sent to WebSocket: 45900 bytes (10.6fps)[0m
[0;32mI (69475) websocket_client: Image sent to WebSocket: 45249 bytes (6.9fps)[0m
[0;32mI (69597) websocket_client: Image sent to WebSocket: 45293 bytes (8.2fps)[0m
[0;32mI (69714) websocket_client: Image sent to WebSocket: 44556 bytes (8.6fps)[0m
[0;32mI (69786) websocket_client: Image sent to WebSocket: 45182 bytes (14.1fps)[0m
[0;32mI (69931) websocket_client: Image sent to WebSocket: 45043 bytes (6.9fps)[0m
[0;32mI (70003) websocket_client: Image sent to WebSocket: 45102 bytes (14.1fps)[0m
[0;32mI (70097) websocket_client: Image sent to WebSocket: 44947 bytes (10.8fps)[0m
[0;32mI (70196) websocket_client: Image sent to WebSocket: 45152 bytes (10.1fps)[0m
[0;32mI (70329) websocket_client: Image sent to WebSocket: 45193 bytes (7.5fps)[0m
[0;32mI (70428) websocket_client: Image sent to WebSocket: 45214 bytes (10.1fps)[0m
[0;32mI (70530) websocket_client: Image sent to WebSocket: 45245 bytes (9.9fps)[0m
[0;32mI (70697) websocket_client: Image sent to WebSocket: 45153 bytes (6.0fps)[0m
[0;32mI (70775) websocket_client: Image sent to WebSocket: 45088 bytes (13.0fps)[0m
[0;32mI (70908) websocket_client: Image sent to WebSocket: 45048 bytes (7.5fps)[0m
[0;32mI (71010) websocket_client: Image sent to WebSocket: 45051 bytes (9.9fps)[0m
[0;32mI (71153) websocket_client: Image sent to WebSocket: 45112 bytes (7.0fps)[0m
[0;32mI (71234) websocket_client: Image sent to WebSocket: 45187 bytes (12.3fps)[0m
[0;32mI (71402) websocket_client: Image sent to WebSocket: 45101 bytes (6.0fps)[0m
[0;32mI (71516) websocket_client: Image sent to WebSocket: 45134 bytes (8.8fps)[0m
[0;32mI (71641) websocket_client: Image sent to WebSocket: 45194 bytes (8.1fps)[0m
[0;32mI (71726) websocket_client: Image sent to WebSocket: 45019 bytes (11.8fps)[0m
[0;32mI (71871) websocket_client: Image sent to WebSocket: 45047 bytes (6.9fps)[0m
[0;32mI (71990) websocket_client: Image sent to WebSocket: 45205 bytes (8.4fps)[0m
[0;32mI (72101) websocket_client: Image sent to WebSocket: 45033 bytes (9.1fps)[0m
[0;32mI (72214) websocket_client: Image sent to WebSocket: 45096 bytes (8.9fps)[0m
[0;32mI (72337) websocket_client: Image sent to WebSocket: 44995 bytes (8.1fps)[0m
[0;32mI (72426) websocket_client: Image sent to WebSocket: 45036 bytes (11.2fps)[0m
[0;32mI (72561) websocket_client: Image sent to WebSocket: 44937 bytes (7.4fps)[0m
[0;32mI (72666) websocket_client: Image sent to WebSocket: 45041 bytes (9.6fps)[0m
[0;32mI (72742) websocket_client: Image sent to WebSocket: 45144 bytes (13.2fps)[0m
[0;32mI (72883) websocket_client: Image sent to WebSocket: 45113 bytes (7.1fps)[0m
[0;32mI (72979) websocket_client: Image sent to WebSocket: 41895 bytes (10.5fps)[0m
[0;32mI (73060) websocket_client: Image sent to WebSocket: 39953 bytes (12.3fps)[0m
[0;32mI (73208) websocket_client: Image sent to WebSocket: 40229 bytes (6.8fps)[0m
[0;32mI (73270) websocket_client: Image sent to WebSocket: 44418 bytes (16.1fps)[0m
[0;32mI (73371) websocket_client: Image sent to WebSocket: 44717 bytes (10.0fps)[0m
[0;32mI (73462) websocket_client: Image sent to WebSocket: 44678 bytes (11.0fps)[0m
[0;32mI (73582) websocket_client: Image sent to WebSocket: 44611 bytes (8.4fps)[0m
[0;32mI (73700) websocket_client: Image sent to WebSocket: 44729 bytes (8.5fps)[0m
[0;32mI (73797) websocket_client: Image sent to WebSocket: 44779 bytes (10.4fps)[0m
[0;32mI (73926) websocket_client: Image sent to WebSocket: 44618 bytes (7.8fps)[0m
[0;32mI (74012) websocket_client: Image sent to WebSocket: 44802 bytes (11.8fps)[0m
[0;32mI (74095) websocket_client: Image sent to WebSocket: 44698 bytes (12.2fps)[0m
[0;32mI (74254) websocket_client: Image sent to WebSocket: 44727 bytes (6.3fps)[0m
